Archive member included to satisfy reference by file (symbol)

c:/progra~2/gnuarm~1/92020-~1/bin/../lib/gcc/arm-none-eabi/9.3.1/thumb/v6-m/nofp\libgcc.a(_udivsi3.o)
                              CMakeFiles/Code_2.elf.dir/Drivers/STM32G0xx_HAL_Driver/Src/stm32g0xx_hal.c.obj (__aeabi_uidiv)
c:/progra~2/gnuarm~1/92020-~1/bin/../lib/gcc/arm-none-eabi/9.3.1/thumb/v6-m/nofp\libgcc.a(_divsi3.o)
                              CMakeFiles/Code_2.elf.dir/Drivers/STM32G0xx_HAL_Driver/Src/stm32g0xx_hal_usart_ex.c.obj (__aeabi_idiv)
c:/progra~2/gnuarm~1/92020-~1/bin/../lib/gcc/arm-none-eabi/9.3.1/thumb/v6-m/nofp\libgcc.a(_dvmd_tls.o)
                              c:/progra~2/gnuarm~1/92020-~1/bin/../lib/gcc/arm-none-eabi/9.3.1/thumb/v6-m/nofp\libgcc.a(_udivsi3.o) (__aeabi_idiv0)
c:/progra~2/gnuarm~1/92020-~1/bin/../lib/gcc/arm-none-eabi/9.3.1/../../../../arm-none-eabi/lib/thumb/v6-m/nofp\libg.a(lib_a-errno.o)
                              CMakeFiles/Code_2.elf.dir/Src/syscalls.c.obj (__errno)
c:/progra~2/gnuarm~1/92020-~1/bin/../lib/gcc/arm-none-eabi/9.3.1/../../../../arm-none-eabi/lib/thumb/v6-m/nofp\libg.a(lib_a-exit.o)
                              c:/progra~2/gnuarm~1/92020-~1/bin/../lib/gcc/arm-none-eabi/9.3.1/../../../../arm-none-eabi/lib/thumb/v6-m/nofp/crt0.o (exit)
c:/progra~2/gnuarm~1/92020-~1/bin/../lib/gcc/arm-none-eabi/9.3.1/../../../../arm-none-eabi/lib/thumb/v6-m/nofp\libg.a(lib_a-impure.o)
                              c:/progra~2/gnuarm~1/92020-~1/bin/../lib/gcc/arm-none-eabi/9.3.1/../../../../arm-none-eabi/lib/thumb/v6-m/nofp\libg.a(lib_a-exit.o) (_global_impure_ptr)
c:/progra~2/gnuarm~1/92020-~1/bin/../lib/gcc/arm-none-eabi/9.3.1/../../../../arm-none-eabi/lib/thumb/v6-m/nofp\libg.a(lib_a-init.o)
                              c:/progra~2/gnuarm~1/92020-~1/bin/../lib/gcc/arm-none-eabi/9.3.1/../../../../arm-none-eabi/lib/thumb/v6-m/nofp/crt0.o (__libc_init_array)
c:/progra~2/gnuarm~1/92020-~1/bin/../lib/gcc/arm-none-eabi/9.3.1/../../../../arm-none-eabi/lib/thumb/v6-m/nofp\libg.a(lib_a-memcpy-stub.o)
                              CMakeFiles/Code_2.elf.dir/Src/main.c.obj (memcpy)
c:/progra~2/gnuarm~1/92020-~1/bin/../lib/gcc/arm-none-eabi/9.3.1/../../../../arm-none-eabi/lib/thumb/v6-m/nofp\libg.a(lib_a-memset.o)
                              c:/progra~2/gnuarm~1/92020-~1/bin/../lib/gcc/arm-none-eabi/9.3.1/../../../../arm-none-eabi/lib/thumb/v6-m/nofp/crt0.o (memset)
c:/progra~2/gnuarm~1/92020-~1/bin/../lib/gcc/arm-none-eabi/9.3.1/../../../../arm-none-eabi/lib/thumb/v6-m/nofp\libg.a(lib_a-__call_atexit.o)
                              c:/progra~2/gnuarm~1/92020-~1/bin/../lib/gcc/arm-none-eabi/9.3.1/../../../../arm-none-eabi/lib/thumb/v6-m/nofp\libg.a(lib_a-exit.o) (__call_exitprocs)
c:/progra~2/gnuarm~1/92020-~1/bin/../lib/gcc/arm-none-eabi/9.3.1/../../../../arm-none-eabi/lib/thumb/v6-m/nofp\libg.a(lib_a-atexit.o)
                              c:/progra~2/gnuarm~1/92020-~1/bin/../lib/gcc/arm-none-eabi/9.3.1/../../../../arm-none-eabi/lib/thumb/v6-m/nofp\libg.a(lib_a-__call_atexit.o) (atexit)
c:/progra~2/gnuarm~1/92020-~1/bin/../lib/gcc/arm-none-eabi/9.3.1/../../../../arm-none-eabi/lib/thumb/v6-m/nofp\libg.a(lib_a-fini.o)
                              c:/progra~2/gnuarm~1/92020-~1/bin/../lib/gcc/arm-none-eabi/9.3.1/../../../../arm-none-eabi/lib/thumb/v6-m/nofp\libg.a(lib_a-__call_atexit.o) (__libc_fini_array)
c:/progra~2/gnuarm~1/92020-~1/bin/../lib/gcc/arm-none-eabi/9.3.1/../../../../arm-none-eabi/lib/thumb/v6-m/nofp\libg.a(lib_a-lock.o)
                              c:/progra~2/gnuarm~1/92020-~1/bin/../lib/gcc/arm-none-eabi/9.3.1/../../../../arm-none-eabi/lib/thumb/v6-m/nofp\libg.a(lib_a-__call_atexit.o) (__retarget_lock_acquire_recursive)
c:/progra~2/gnuarm~1/92020-~1/bin/../lib/gcc/arm-none-eabi/9.3.1/../../../../arm-none-eabi/lib/thumb/v6-m/nofp\libg.a(lib_a-__atexit.o)
                              c:/progra~2/gnuarm~1/92020-~1/bin/../lib/gcc/arm-none-eabi/9.3.1/../../../../arm-none-eabi/lib/thumb/v6-m/nofp\libg.a(lib_a-atexit.o) (__register_exitproc)

Allocating common symbols
Common symbol       size              file

__lock___atexit_recursive_mutex
                    0x1               c:/progra~2/gnuarm~1/92020-~1/bin/../lib/gcc/arm-none-eabi/9.3.1/../../../../arm-none-eabi/lib/thumb/v6-m/nofp\libg.a(lib_a-lock.o)
__lock___arc4random_mutex
                    0x1               c:/progra~2/gnuarm~1/92020-~1/bin/../lib/gcc/arm-none-eabi/9.3.1/../../../../arm-none-eabi/lib/thumb/v6-m/nofp\libg.a(lib_a-lock.o)
__lock___env_recursive_mutex
                    0x1               c:/progra~2/gnuarm~1/92020-~1/bin/../lib/gcc/arm-none-eabi/9.3.1/../../../../arm-none-eabi/lib/thumb/v6-m/nofp\libg.a(lib_a-lock.o)
__lock___sinit_recursive_mutex
                    0x1               c:/progra~2/gnuarm~1/92020-~1/bin/../lib/gcc/arm-none-eabi/9.3.1/../../../../arm-none-eabi/lib/thumb/v6-m/nofp\libg.a(lib_a-lock.o)
__lock___malloc_recursive_mutex
[...]
Memory Configuration

Name             Origin             Length             Attributes
RAM              0x20000000         0x00009000         xrw
FLASH            0x08000000         0x00020000         xr
*default*        0x00000000         0xffffffff

Linker script and memory map

LOAD c:/progra~2/gnuarm~1/92020-~1/bin/../lib/gcc/arm-none-eabi/9.3.1/thumb/v6-m/nofp/crti.o
LOAD c:/progra~2/gnuarm~1/92020-~1/bin/../lib/gcc/arm-none-eabi/9.3.1/thumb/v6-m/nofp/crtbegin.o
LOAD c:/progra~2/gnuarm~1/92020-~1/bin/../lib/gcc/arm-none-eabi/9.3.1/../../../../arm-none-eabi/lib/thumb/v6-m/nofp/crt0.o
LOAD CMakeFiles/Code_2.elf.dir/Drivers/STM32G0xx_HAL_Driver/Src/stm32g0xx_hal.c.obj
LOAD CMakeFiles/Code_2.elf.dir/Drivers/STM32G0xx_HAL_Driver/Src/stm32g0xx_hal_cortex.c.obj
LOAD CMakeFiles/Code_2.elf.dir/Drivers/STM32G0xx_HAL_Driver/Src/stm32g0xx_hal_dma.c.obj
LOAD CMakeFiles/Code_2.elf.dir/Drivers/STM32G0xx_HAL_Driver/Src/stm32g0xx_hal_dma_ex.c.obj
LOAD CMakeFiles/Code_2.elf.dir/Drivers/STM32G0xx_HAL_Driver/Src/stm32g0xx_hal_exti.c.obj
LOAD CMakeFiles/Code_2.elf.dir/Drivers/STM32G0xx_HAL_Driver/Src/stm32g0xx_hal_flash.c.obj
LOAD CMakeFiles/Code_2.elf.dir/Drivers/STM32G0xx_HAL_Driver/Src/stm32g0xx_hal_flash_ex.c.obj
LOAD CMakeFiles/Code_2.elf.dir/Drivers/STM32G0xx_HAL_Driver/Src/stm32g0xx_hal_gpio.c.obj
LOAD CMakeFiles/Code_2.elf.dir/Drivers/STM32G0xx_HAL_Driver/Src/stm32g0xx_hal_i2c.c.obj
LOAD CMakeFiles/Code_2.elf.dir/Drivers/STM32G0xx_HAL_Driver/Src/stm32g0xx_hal_i2c_ex.c.obj
LOAD CMakeFiles/Code_2.elf.dir/Drivers/STM32G0xx_HAL_Driver/Src/stm32g0xx_hal_pwr.c.obj
LOAD CMakeFiles/Code_2.elf.dir/Drivers/STM32G0xx_HAL_Driver/Src/stm32g0xx_hal_pwr_ex.c.obj
LOAD CMakeFiles/Code_2.elf.dir/Drivers/STM32G0xx_HAL_Driver/Src/stm32g0xx_hal_rcc.c.obj
LOAD CMakeFiles/Code_2.elf.dir/Drivers/STM32G0xx_HAL_Driver/Src/stm32g0xx_hal_rcc_ex.c.obj
LOAD CMakeFiles/Code_2.elf.dir/Drivers/STM32G0xx_HAL_Driver/Src/stm32g0xx_hal_spi.c.obj
LOAD CMakeFiles/Code_2.elf.dir/Drivers/STM32G0xx_HAL_Driver/Src/stm32g0xx_hal_spi_ex.c.obj
LOAD CMakeFiles/Code_2.elf.dir/Drivers/STM32G0xx_HAL_Driver/Src/stm32g0xx_hal_tim.c.obj
LOAD CMakeFiles/Code_2.elf.dir/Drivers/STM32G0xx_HAL_Driver/Src/stm32g0xx_hal_tim_ex.c.obj
LOAD CMakeFiles/Code_2.elf.dir/Drivers/STM32G0xx_HAL_Driver/Src/stm32g0xx_hal_usart.c.obj
LOAD CMakeFiles/Code_2.elf.dir/Drivers/STM32G0xx_HAL_Driver/Src/stm32g0xx_hal_usart_ex.c.obj
LOAD CMakeFiles/Code_2.elf.dir/Drivers/STM32G0xx_HAL_Driver/Src/stm32g0xx_ll_dma.c.obj
LOAD CMakeFiles/Code_2.elf.dir/Drivers/STM32G0xx_HAL_Driver/Src/stm32g0xx_ll_rcc.c.obj
LOAD CMakeFiles/Code_2.elf.dir/Src/RingLight.c.obj
LOAD CMakeFiles/Code_2.elf.dir/Src/RingLight/ring_light_bar.c.obj
LOAD CMakeFiles/Code_2.elf.dir/Src/RingLight/ring_light_controller.c.obj
LOAD CMakeFiles/Code_2.elf.dir/Src/debug_assert/debug_assert.c.obj
LOAD CMakeFiles/Code_2.elf.dir/Src/i2c_controller/i2c_controller.c.obj
LOAD CMakeFiles/Code_2.elf.dir/Src/i2c_controller/i2c_gyroscope_lsm6.c.obj
LOAD CMakeFiles/Code_2.elf.dir/Src/main.c.obj
LOAD CMakeFiles/Code_2.elf.dir/Src/stm32g0xx_hal_msp.c.obj
LOAD CMakeFiles/Code_2.elf.dir/Src/stm32g0xx_it.c.obj
LOAD CMakeFiles/Code_2.elf.dir/Src/syscalls.c.obj
LOAD CMakeFiles/Code_2.elf.dir/Src/sysmem.c.obj
LOAD CMakeFiles/Code_2.elf.dir/Src/system_stm32g0xx.c.obj
LOAD CMakeFiles/Code_2.elf.dir/Startup/startup_stm32g070kbtx.s.obj
START GROUP
LOAD c:/progra~2/gnuarm~1/92020-~1/bin/../lib/gcc/arm-none-eabi/9.3.1/thumb/v6-m/nofp\libgcc.a
LOAD c:/progra~2/gnuarm~1/92020-~1/bin/../lib/gcc/arm-none-eabi/9.3.1/../../../../arm-none-eabi/lib/thumb/v6-m/nofp\libg.a
LOAD c:/progra~2/gnuarm~1/92020-~1/bin/../lib/gcc/arm-none-eabi/9.3.1/../../../../arm-none-eabi/lib/thumb/v6-m/nofp\libc.a
END GROUP
LOAD c:/progra~2/gnuarm~1/92020-~1/bin/../lib/gcc/arm-none-eabi/9.3.1/thumb/v6-m/nofp/crtend.o
LOAD c:/progra~2/gnuarm~1/92020-~1/bin/../lib/gcc/arm-none-eabi/9.3.1/thumb/v6-m/nofp/crtn.o
                0x20009000                _estack = (ORIGIN (RAM) + LENGTH (RAM))
                0x00000200                _Min_Heap_Size = 0x200
                0x00000400                _Min_Stack_Size = 0x400

.isr_vector     0x08000000       0xb8
                0x08000000                . = ALIGN (0x4)
 *(.isr_vector)
 .isr_vector    0x08000000       0xb8 CMakeFiles/Code_2.elf.dir/Startup/startup_stm32g070kbtx.s.obj
                0x08000000                g_pfnVectors
                0x080000b8                . = ALIGN (0x4)

.text           0x080000b8     0x3030
                0x080000b8                . = ALIGN (0x4)
 *(.text)
 .text          0x080000b8       0x48 c:/progra~2/gnuarm~1/92020-~1/bin/../lib/gcc/arm-none-eabi/9.3.1/thumb/v6-m/nofp/crtbegin.o
 .text          0x08000100      0x114 c:/progra~2/gnuarm~1/92020-~1/bin/../lib/gcc/arm-none-eabi/9.3.1/thumb/v6-m/nofp\libgcc.a(_udivsi3.o)
                0x08000100                __aeabi_uidiv
                0x08000100                __udivsi3
                0x0800020c                __aeabi_uidivmod
 .text          0x08000214      0x1d4 c:/progra~2/gnuarm~1/92020-~1/bin/../lib/gcc/arm-none-eabi/9.3.1/thumb/v6-m/nofp\libgcc.a(_divsi3.o)
                0x08000214                __divsi3
                0x08000214                __aeabi_idiv
                0x080003e0                __aeabi_idivmod
 .text          0x080003e8        0x4 c:/progra~2/gnuarm~1/92020-~1/bin/../lib/gcc/arm-none-eabi/9.3.1/thumb/v6-m/nofp\libgcc.a(_dvmd_tls.o)
                0x080003e8                __aeabi_idiv0
                0x080003e8                __aeabi_ldiv0
 *(.text*)
 .text.HAL_InitTick
                0x080003ec       0x58 CMakeFiles/Code_2.elf.dir/Drivers/STM32G0xx_HAL_Driver/Src/stm32g0xx_hal.c.obj
                0x080003ec                HAL_InitTick
 .text.HAL_Init
                0x08000444       0x28 CMakeFiles/Code_2.elf.dir/Drivers/STM32G0xx_HAL_Driver/Src/stm32g0xx_hal.c.obj
                0x08000444                HAL_Init
 .text.HAL_IncTick
                0x0800046c       0x18 CMakeFiles/Code_2.elf.dir/Drivers/STM32G0xx_HAL_Driver/Src/stm32g0xx_hal.c.obj
                0x0800046c                HAL_IncTick
 .text.HAL_GetTick
                0x08000484        0xc CMakeFiles/Code_2.elf.dir/Drivers/STM32G0xx_HAL_Driver/Src/stm32g0xx_hal.c.obj
                0x08000484                HAL_GetTick
 .text.HAL_Delay
                0x08000490       0x24 CMakeFiles/Code_2.elf.dir/Drivers/STM32G0xx_HAL_Driver/Src/stm32g0xx_hal.c.obj
                0x08000490                HAL_Delay
 .text.HAL_SYSCFG_StrobeDBattpinsConfig
                0x080004b4       0x18 CMakeFiles/Code_2.elf.dir/Drivers/STM32G0xx_HAL_Driver/Src/stm32g0xx_hal.c.obj
                0x080004b4                HAL_SYSCFG_StrobeDBattpinsConfig
 .text.HAL_NVIC_SetPriority
                0x080004cc       0x60 CMakeFiles/Code_2.elf.dir/Drivers/STM32G0xx_HAL_Driver/Src/stm32g0xx_hal_cortex.c.obj
                0x080004cc                HAL_NVIC_SetPriority
 .text.HAL_NVIC_EnableIRQ
                0x0800052c       0x18 CMakeFiles/Code_2.elf.dir/Drivers/STM32G0xx_HAL_Driver/Src/stm32g0xx_hal_cortex.c.obj
                0x0800052c                HAL_NVIC_EnableIRQ
 .text.HAL_SYSTICK_Config
                0x08000544       0x38 CMakeFiles/Code_2.elf.dir/Drivers/STM32G0xx_HAL_Driver/Src/stm32g0xx_hal_cortex.c.obj
                0x08000544                HAL_SYSTICK_Config
 .text.HAL_GPIO_Init
                0x0800057c      0x194 CMakeFiles/Code_2.elf.dir/Drivers/STM32G0xx_HAL_Driver/Src/stm32g0xx_hal_gpio.c.obj
                0x0800057c                HAL_GPIO_Init
 .text.HAL_GPIO_WritePin
                0x08000710        0xc CMakeFiles/Code_2.elf.dir/Drivers/STM32G0xx_HAL_Driver/Src/stm32g0xx_hal_gpio.c.obj
                0x08000710                HAL_GPIO_WritePin
 .text.HAL_GPIO_TogglePin
                0x0800071c        0xe CMakeFiles/Code_2.elf.dir/Drivers/STM32G0xx_HAL_Driver/Src/stm32g0xx_hal_gpio.c.obj
                0x0800071c                HAL_GPIO_TogglePin
 .text.I2C_Flush_TXDR
                0x0800072a       0x1e CMakeFiles/Code_2.elf.dir/Drivers/STM32G0xx_HAL_Driver/Src/stm32g0xx_hal_i2c.c.obj
 .text.I2C_TransferConfig
                0x08000748       0x2c CMakeFiles/Code_2.elf.dir/Drivers/STM32G0xx_HAL_Driver/Src/stm32g0xx_hal_i2c.c.obj
 .text.I2C_IsAcknowledgeFailed
                0x08000774       0x80 CMakeFiles/Code_2.elf.dir/Drivers/STM32G0xx_HAL_Driver/Src/stm32g0xx_hal_i2c.c.obj
 .text.I2C_WaitOnTXISFlagUntilTimeout
                0x080007f4       0x52 CMakeFiles/Code_2.elf.dir/Drivers/STM32G0xx_HAL_Driver/Src/stm32g0xx_hal_i2c.c.obj
 .text.I2C_WaitOnFlagUntilTimeout
                0x08000846       0x54 CMakeFiles/Code_2.elf.dir/Drivers/STM32G0xx_HAL_Driver/Src/stm32g0xx_hal_i2c.c.obj
 .text.I2C_WaitOnSTOPFlagUntilTimeout
                0x0800089a       0x4e CMakeFiles/Code_2.elf.dir/Drivers/STM32G0xx_HAL_Driver/Src/stm32g0xx_hal_i2c.c.obj
 .text.I2C_WaitOnRXNEFlagUntilTimeout
                0x080008e8       0x84 CMakeFiles/Code_2.elf.dir/Drivers/STM32G0xx_HAL_Driver/Src/stm32g0xx_hal_i2c.c.obj
 .text.HAL_I2C_Init
                0x0800096c       0xcc CMakeFiles/Code_2.elf.dir/Drivers/STM32G0xx_HAL_Driver/Src/stm32g0xx_hal_i2c.c.obj
                0x0800096c                HAL_I2C_Init
 .text.HAL_I2C_Master_Transmit
                0x08000a38      0x174 CMakeFiles/Code_2.elf.dir/Drivers/STM32G0xx_HAL_Driver/Src/stm32g0xx_hal_i2c.c.obj
                0x08000a38                HAL_I2C_Master_Transmit
 .text.HAL_I2C_Master_Receive
                0x08000bac      0x174 CMakeFiles/Code_2.elf.dir/Drivers/STM32G0xx_HAL_Driver/Src/stm32g0xx_hal_i2c.c.obj
                0x08000bac                HAL_I2C_Master_Receive
 .text.HAL_I2CEx_ConfigAnalogFilter
                0x08000d20       0x58 CMakeFiles/Code_2.elf.dir/Drivers/STM32G0xx_HAL_Driver/Src/stm32g0xx_hal_i2c_ex.c.obj
                0x08000d20                HAL_I2CEx_ConfigAnalogFilter
 .text.HAL_I2CEx_ConfigDigitalFilter
                0x08000d78       0x54 CMakeFiles/Code_2.elf.dir/Drivers/STM32G0xx_HAL_Driver/Src/stm32g0xx_hal_i2c_ex.c.obj
                0x08000d78                HAL_I2CEx_ConfigDigitalFilter
 .text.HAL_PWREx_ControlVoltageScaling
                0x08000dcc       0x54 CMakeFiles/Code_2.elf.dir/Drivers/STM32G0xx_HAL_Driver/Src/stm32g0xx_hal_pwr_ex.c.obj
                0x08000dcc                HAL_PWREx_ControlVoltageScaling
 .text.HAL_RCC_OscConfig
                0x08000e20      0x4ac CMakeFiles/Code_2.elf.dir/Drivers/STM32G0xx_HAL_Driver/Src/stm32g0xx_hal_rcc.c.obj
                0x08000e20                HAL_RCC_OscConfig
 .text.HAL_RCC_GetSysClockFreq
                0x080012cc       0xb8 CMakeFiles/Code_2.elf.dir/Drivers/STM32G0xx_HAL_Driver/Src/stm32g0xx_hal_rcc.c.obj
                0x080012cc                HAL_RCC_GetSysClockFreq
 .text.HAL_RCC_ClockConfig
                0x08001384      0x18c CMakeFiles/Code_2.elf.dir/Drivers/STM32G0xx_HAL_Driver/Src/stm32g0xx_hal_rcc.c.obj
                0x08001384                HAL_RCC_ClockConfig
 .text.HAL_RCC_GetHCLKFreq
                0x08001510        0xc CMakeFiles/Code_2.elf.dir/Drivers/STM32G0xx_HAL_Driver/Src/stm32g0xx_hal_rcc.c.obj
                0x08001510                HAL_RCC_GetHCLKFreq
 .text.HAL_RCC_GetPCLK1Freq
                0x0800151c       0x28 CMakeFiles/Code_2.elf.dir/Drivers/STM32G0xx_HAL_Driver/Src/stm32g0xx_hal_rcc.c.obj
                0x0800151c                HAL_RCC_GetPCLK1Freq
 .text.SPI_WaitFlagStateUntilTimeout
                0x08001544       0xa4 CMakeFiles/Code_2.elf.dir/Drivers/STM32G0xx_HAL_Driver/Src/stm32g0xx_hal_spi.c.obj
 .text.SPI_WaitFifoStateUntilTimeout
                0x080015e8       0xc8 CMakeFiles/Code_2.elf.dir/Drivers/STM32G0xx_HAL_Driver/Src/stm32g0xx_hal_spi.c.obj
 .text.SPI_EndRxTxTransaction
                0x080016b0       0x68 CMakeFiles/Code_2.elf.dir/Drivers/STM32G0xx_HAL_Driver/Src/stm32g0xx_hal_spi.c.obj
 .text.HAL_SPI_Init
                0x08001718       0xcc CMakeFiles/Code_2.elf.dir/Drivers/STM32G0xx_HAL_Driver/Src/stm32g0xx_hal_spi.c.obj
                0x08001718                HAL_SPI_Init
 .text.HAL_SPI_Transmit
                0x080017e4      0x1ea CMakeFiles/Code_2.elf.dir/Drivers/STM32G0xx_HAL_Driver/Src/stm32g0xx_hal_spi.c.obj
                0x080017e4                HAL_SPI_Transmit
 .text.TIM_TI1_ConfigInputStage
                0x080019ce       0x22 CMakeFiles/Code_2.elf.dir/Drivers/STM32G0xx_HAL_Driver/Src/stm32g0xx_hal_tim.c.obj
 .text.TIM_TI2_ConfigInputStage
                0x080019f0       0x28 CMakeFiles/Code_2.elf.dir/Drivers/STM32G0xx_HAL_Driver/Src/stm32g0xx_hal_tim.c.obj
 .text.TIM_ITRx_SetConfig
                0x08001a18       0x14 CMakeFiles/Code_2.elf.dir/Drivers/STM32G0xx_HAL_Driver/Src/stm32g0xx_hal_tim.c.obj
 .text.HAL_TIM_PeriodElapsedCallback
                0x08001a2c        0x2 CMakeFiles/Code_2.elf.dir/Drivers/STM32G0xx_HAL_Driver/Src/stm32g0xx_hal_tim.c.obj
                0x08001a2c                HAL_TIM_PeriodElapsedCallback
 .text.HAL_TIM_OC_DelayElapsedCallback
                0x08001a2e        0x2 CMakeFiles/Code_2.elf.dir/Drivers/STM32G0xx_HAL_Driver/Src/stm32g0xx_hal_tim.c.obj
                0x08001a2e                HAL_TIM_OC_DelayElapsedCallback
 .text.HAL_TIM_IC_CaptureCallback
                0x08001a30        0x2 CMakeFiles/Code_2.elf.dir/Drivers/STM32G0xx_HAL_Driver/Src/stm32g0xx_hal_tim.c.obj
                0x08001a30                HAL_TIM_IC_CaptureCallback
 .text.HAL_TIM_PWM_PulseFinishedCallback
                0x08001a32        0x2 CMakeFiles/Code_2.elf.dir/Drivers/STM32G0xx_HAL_Driver/Src/stm32g0xx_hal_tim.c.obj
                0x08001a32                HAL_TIM_PWM_PulseFinishedCallback
 .text.HAL_TIM_TriggerCallback
                0x08001a34        0x2 CMakeFiles/Code_2.elf.dir/Drivers/STM32G0xx_HAL_Driver/Src/stm32g0xx_hal_tim.c.obj
                0x08001a34                HAL_TIM_TriggerCallback
 *fill*         0x08001a36        0x2 
 .text.HAL_TIM_IRQHandler
                0x08001a38      0x178 CMakeFiles/Code_2.elf.dir/Drivers/STM32G0xx_HAL_Driver/Src/stm32g0xx_hal_tim.c.obj
                0x08001a38                HAL_TIM_IRQHandler
 .text.TIM_Base_SetConfig
                0x08001bb0       0x94 CMakeFiles/Code_2.elf.dir/Drivers/STM32G0xx_HAL_Driver/Src/stm32g0xx_hal_tim.c.obj
                0x08001bb0                TIM_Base_SetConfig
 .text.HAL_TIM_Base_Init
                0x08001c44       0x34 CMakeFiles/Code_2.elf.dir/Drivers/STM32G0xx_HAL_Driver/Src/stm32g0xx_hal_tim.c.obj
                0x08001c44                HAL_TIM_Base_Init
 .text.TIM_ETR_SetConfig
                0x08001c78       0x18 CMakeFiles/Code_2.elf.dir/Drivers/STM32G0xx_HAL_Driver/Src/stm32g0xx_hal_tim.c.obj
                0x08001c78                TIM_ETR_SetConfig
 .text.HAL_TIM_ConfigClockSource
                0x08001c90       0xe4 CMakeFiles/Code_2.elf.dir/Drivers/STM32G0xx_HAL_Driver/Src/stm32g0xx_hal_tim.c.obj
                0x08001c90                HAL_TIM_ConfigClockSource
 .text.HAL_TIMEx_MasterConfigSynchronization
                0x08001d74       0x60 CMakeFiles/Code_2.elf.dir/Drivers/STM32G0xx_HAL_Driver/Src/stm32g0xx_hal_tim_ex.c.obj
                0x08001d74                HAL_TIMEx_MasterConfigSynchronization
 .text.HAL_TIMEx_CommutCallback
                0x08001dd4        0x2 CMakeFiles/Code_2.elf.dir/Drivers/STM32G0xx_HAL_Driver/Src/stm32g0xx_hal_tim_ex.c.obj
                0x08001dd4                HAL_TIMEx_CommutCallback
 .text.HAL_TIMEx_BreakCallback
                0x08001dd6        0x2 CMakeFiles/Code_2.elf.dir/Drivers/STM32G0xx_HAL_Driver/Src/stm32g0xx_hal_tim_ex.c.obj
                0x08001dd6                HAL_TIMEx_BreakCallback
 .text.HAL_TIMEx_Break2Callback
                0x08001dd8        0x2 CMakeFiles/Code_2.elf.dir/Drivers/STM32G0xx_HAL_Driver/Src/stm32g0xx_hal_tim_ex.c.obj
                0x08001dd8                HAL_TIMEx_Break2Callback
 *fill*         0x08001dda        0x2 
 .text.USART_SetConfig
                0x08001ddc      0x344 CMakeFiles/Code_2.elf.dir/Drivers/STM32G0xx_HAL_Driver/Src/stm32g0xx_hal_usart.c.obj
 .text.USART_WaitOnFlagUntilTimeout
                0x08002120       0x56 CMakeFiles/Code_2.elf.dir/Drivers/STM32G0xx_HAL_Driver/Src/stm32g0xx_hal_usart.c.obj
 .text.USART_CheckIdleState
                0x08002176       0x6a CMakeFiles/Code_2.elf.dir/Drivers/STM32G0xx_HAL_Driver/Src/stm32g0xx_hal_usart.c.obj
 .text.HAL_USART_Init
                0x080021e0       0x64 CMakeFiles/Code_2.elf.dir/Drivers/STM32G0xx_HAL_Driver/Src/stm32g0xx_hal_usart.c.obj
                0x080021e0                HAL_USART_Init
 .text.USARTEx_SetNbDataToProcess
                0x08002244       0x60 CMakeFiles/Code_2.elf.dir/Drivers/STM32G0xx_HAL_Driver/Src/stm32g0xx_hal_usart_ex.c.obj
 .text.HAL_USARTEx_DisableFifoMode
                0x080022a4       0x3c CMakeFiles/Code_2.elf.dir/Drivers/STM32G0xx_HAL_Driver/Src/stm32g0xx_hal_usart_ex.c.obj
                0x080022a4                HAL_USARTEx_DisableFifoMode
 .text.HAL_USARTEx_SetTxFifoThreshold
                0x080022e0       0x52 CMakeFiles/Code_2.elf.dir/Drivers/STM32G0xx_HAL_Driver/Src/stm32g0xx_hal_usart_ex.c.obj
                0x080022e0                HAL_USARTEx_SetTxFifoThreshold
 *fill*         0x08002332        0x2 
 .text.HAL_USARTEx_SetRxFifoThreshold
                0x08002334       0x58 CMakeFiles/Code_2.elf.dir/Drivers/STM32G0xx_HAL_Driver/Src/stm32g0xx_hal_usart_ex.c.obj
                0x08002334                HAL_USARTEx_SetRxFifoThreshold
 .text.Set_Visual_Led_Intensity
                0x0800238c        0x6 CMakeFiles/Code_2.elf.dir/Src/RingLight.c.obj
                0x0800238c                Set_Visual_Led_Intensity
 .text.Add_Visual_Led_Intensity
                0x08002392       0x1a CMakeFiles/Code_2.elf.dir/Src/RingLight.c.obj
                0x08002392                Add_Visual_Led_Intensity
 .text.Led_Ring_Clear
                0x080023ac       0x1a CMakeFiles/Code_2.elf.dir/Src/RingLight.c.obj
                0x080023ac                Led_Ring_Clear
 .text.Is_Serial_Led_On
                0x080023c6       0x16 CMakeFiles/Code_2.elf.dir/Src/RingLight.c.obj
                0x080023c6                Is_Serial_Led_On
 .text.ring_pwm_off
                0x080023dc       0x30 CMakeFiles/Code_2.elf.dir/Src/RingLight/ring_light_controller.c.obj
 .text.rasterize_to_buffer
                0x0800240c       0x74 CMakeFiles/Code_2.elf.dir/Src/RingLight/ring_light_controller.c.obj
 .text.ring_pwm_on
                0x08002480       0x60 CMakeFiles/Code_2.elf.dir/Src/RingLight/ring_light_controller.c.obj
 .text.increment_gradiant
                0x080024e0       0x38 CMakeFiles/Code_2.elf.dir/Src/RingLight/ring_light_controller.c.obj
                0x080024e0                increment_gradiant
 .text.rasterize_led
                0x08002518       0x8c CMakeFiles/Code_2.elf.dir/Src/RingLight/ring_light_controller.c.obj
                0x08002518                rasterize_led
 .text.rasterize_bar
                0x080025a4       0x20 CMakeFiles/Code_2.elf.dir/Src/RingLight/ring_light_controller.c.obj
                0x080025a4                rasterize_bar
 .text.ring_light_controller_tim3_interrupt
                0x080025c4       0x68 CMakeFiles/Code_2.elf.dir/Src/RingLight/ring_light_controller.c.obj
                0x080025c4                ring_light_controller_tim3_interrupt
 .text.force_assert
                0x0800262c        0xc CMakeFiles/Code_2.elf.dir/Src/debug_assert/debug_assert.c.obj
                0x0800262c                force_assert
 .text.debug_assert_if
                0x08002638       0x10 CMakeFiles/Code_2.elf.dir/Src/debug_assert/debug_assert.c.obj
                0x08002638                debug_assert_if
 .text.init_i2c_controller
                0x08002648        0xc CMakeFiles/Code_2.elf.dir/Src/i2c_controller/i2c_controller.c.obj
                0x08002648                init_i2c_controller
 .text.i2c_write
                0x08002654       0x2c CMakeFiles/Code_2.elf.dir/Src/i2c_controller/i2c_controller.c.obj
                0x08002654                i2c_write
 .text.i2c_read
                0x08002680       0x2c CMakeFiles/Code_2.elf.dir/Src/i2c_controller/i2c_controller.c.obj
                0x08002680                i2c_read
 .text.init_gyro_registers
                0x080026ac       0x34 CMakeFiles/Code_2.elf.dir/Src/i2c_controller/i2c_gyroscope_lsm6.c.obj
 .text.is_alive
                0x080026e0       0x54 CMakeFiles/Code_2.elf.dir/Src/i2c_controller/i2c_gyroscope_lsm6.c.obj
 .text.init_gyroscope
                0x08002734       0x20 CMakeFiles/Code_2.elf.dir/Src/i2c_controller/i2c_gyroscope_lsm6.c.obj
                0x08002734                init_gyroscope
 .text.get_gyroscope_orientation
                0x08002754      0x132 CMakeFiles/Code_2.elf.dir/Src/i2c_controller/i2c_gyroscope_lsm6.c.obj
                0x08002754                get_gyroscope_orientation
 *fill*         0x08002886        0x2 
 .text.get_gyroscope_acceleration
                0x08002888       0x5c CMakeFiles/Code_2.elf.dir/Src/i2c_controller/i2c_gyroscope_lsm6.c.obj
                0x08002888                get_gyroscope_acceleration
 .text.MX_GPIO_Init
                0x080028e4       0xbc CMakeFiles/Code_2.elf.dir/Src/main.c.obj
 .text.MX_I2C1_Init
                0x080029a0       0x44 CMakeFiles/Code_2.elf.dir/Src/main.c.obj
 .text.MX_SPI1_Init
                0x080029e4       0x4c CMakeFiles/Code_2.elf.dir/Src/main.c.obj
 .text.MX_USART1_Init
                0x08002a30       0x4c CMakeFiles/Code_2.elf.dir/Src/main.c.obj
 .text.MX_TIM3_Init
                0x08002a7c       0x5c CMakeFiles/Code_2.elf.dir/Src/main.c.obj
 .text.TIM3_Code_Interrupt
                0x08002ad8        0x8 CMakeFiles/Code_2.elf.dir/Src/main.c.obj
                0x08002ad8                TIM3_Code_Interrupt
 .text.SystemClock_Config
                0x08002ae0       0x64 CMakeFiles/Code_2.elf.dir/Src/main.c.obj
                0x08002ae0                SystemClock_Config
 .text.main     0x08002b44       0x88 CMakeFiles/Code_2.elf.dir/Src/main.c.obj
                0x08002b44                main
 .text.chip_led_red_on
                0x08002bcc       0x12 CMakeFiles/Code_2.elf.dir/Src/main.c.obj
                0x08002bcc                chip_led_red_on
 *fill*         0x08002bde        0x2 
 .text.HAL_MspInit
                0x08002be0       0x38 CMakeFiles/Code_2.elf.dir/Src/stm32g0xx_hal_msp.c.obj
                0x08002be0                HAL_MspInit
 .text.HAL_I2C_MspInit
                0x08002c18       0x6c CMakeFiles/Code_2.elf.dir/Src/stm32g0xx_hal_msp.c.obj
                0x08002c18                HAL_I2C_MspInit
 .text.HAL_SPI_MspInit
                0x08002c84       0x64 CMakeFiles/Code_2.elf.dir/Src/stm32g0xx_hal_msp.c.obj
                0x08002c84                HAL_SPI_MspInit
 .text.HAL_TIM_Base_MspInit
                0x08002ce8       0x3c CMakeFiles/Code_2.elf.dir/Src/stm32g0xx_hal_msp.c.obj
                0x08002ce8                HAL_TIM_Base_MspInit
 .text.HAL_USART_MspInit
                0x08002d24       0x90 CMakeFiles/Code_2.elf.dir/Src/stm32g0xx_hal_msp.c.obj
                0x08002d24                HAL_USART_MspInit
 .text.NMI_Handler
                0x08002db4        0x2 CMakeFiles/Code_2.elf.dir/Src/stm32g0xx_it.c.obj
                0x08002db4                NMI_Handler
 .text.HardFault_Handler
                0x08002db6        0x2 CMakeFiles/Code_2.elf.dir/Src/stm32g0xx_it.c.obj
                0x08002db6                HardFault_Handler
 .text.SVC_Handler
                0x08002db8        0x2 CMakeFiles/Code_2.elf.dir/Src/stm32g0xx_it.c.obj
                0x08002db8                SVC_Handler
 .text.PendSV_Handler
                0x08002dba        0x2 CMakeFiles/Code_2.elf.dir/Src/stm32g0xx_it.c.obj
                0x08002dba                PendSV_Handler
 .text.SysTick_Handler
                0x08002dbc        0x8 CMakeFiles/Code_2.elf.dir/Src/stm32g0xx_it.c.obj
                0x08002dbc                SysTick_Handler
 .text.TIM3_IRQHandler
                0x08002dc4       0x14 CMakeFiles/Code_2.elf.dir/Src/stm32g0xx_it.c.obj
                0x08002dc4                TIM3_IRQHandler
 .text.SystemInit
                0x08002dd8       0x10 CMakeFiles/Code_2.elf.dir/Src/system_stm32g0xx.c.obj
                0x08002dd8                SystemInit
 .text.Reset_Handler
                0x08002de8       0x50 CMakeFiles/Code_2.elf.dir/Startup/startup_stm32g070kbtx.s.obj
                0x08002de8                Reset_Handler
 .text.Default_Handler
                0x08002e38        0x2 CMakeFiles/Code_2.elf.dir/Startup/startup_stm32g070kbtx.s.obj
                0x08002e38                TIM1_CC_IRQHandler
                0x08002e38                TIM6_IRQHandler
                0x08002e38                I2C1_IRQHandler
                0x08002e38                RTC_TAMP_IRQHandler
                0x08002e38                SPI1_IRQHandler
                0x08002e38                USART3_4_IRQHandler
                0x08002e38                EXTI2_3_IRQHandler
                0x08002e38                ADC1_IRQHandler
                0x08002e38                I2C2_IRQHandler
                0x08002e38                TIM17_IRQHandler
                0x08002e38                TIM16_IRQHandler
                0x08002e38                EXTI4_15_IRQHandler
                0x08002e38                RCC_IRQHandler
                0x08002e38                DMA1_Channel1_IRQHandler
                0x08002e38                Default_Handler
                0x08002e38                TIM14_IRQHandler
                0x08002e38                TIM7_IRQHandler
                0x08002e38                TIM15_IRQHandler
                0x08002e38                EXTI0_1_IRQHandler
                0x08002e38                SPI2_IRQHandler
                0x08002e38                WWDG_IRQHandler
                0x08002e38                DMA1_Ch4_7_DMAMUX1_OVR_IRQHandler
                0x08002e38                DMA1_Channel2_3_IRQHandler
                0x08002e38                USART2_IRQHandler
                0x08002e38                FLASH_IRQHandler
                0x08002e38                USART1_IRQHandler
                0x08002e38                TIM1_BRK_UP_TRG_COM_IRQHandler
 *fill*         0x08002e3a        0x2 
 .text.__libc_init_array
                0x08002e3c       0x44 c:/progra~2/gnuarm~1/92020-~1/bin/../lib/gcc/arm-none-eabi/9.3.1/../../../../arm-none-eabi/lib/thumb/v6-m/nofp\libg.a(lib_a-init.o)
                0x08002e3c                __libc_init_array
 .text.memcpy   0x08002e80       0xa4 c:/progra~2/gnuarm~1/92020-~1/bin/../lib/gcc/arm-none-eabi/9.3.1/../../../../arm-none-eabi/lib/thumb/v6-m/nofp\libg.a(lib_a-memcpy-stub.o)
                0x08002e80                memcpy
 .text.memset   0x08002f24       0xa8 c:/progra~2/gnuarm~1/92020-~1/bin/../lib/gcc/arm-none-eabi/9.3.1/../../../../arm-none-eabi/lib/thumb/v6-m/nofp\libg.a(lib_a-memset.o)
                0x08002f24                memset
 .text.startup.register_fini
                0x08002fcc       0x18 c:/progra~2/gnuarm~1/92020-~1/bin/../lib/gcc/arm-none-eabi/9.3.1/../../../../arm-none-eabi/lib/thumb/v6-m/nofp\libg.a(lib_a-__call_atexit.o)
 .text.atexit   0x08002fe4       0x10 c:/progra~2/gnuarm~1/92020-~1/bin/../lib/gcc/arm-none-eabi/9.3.1/../../../../arm-none-eabi/lib/thumb/v6-m/nofp\libg.a(lib_a-atexit.o)
                0x08002fe4                atexit
 .text.__libc_fini_array
                0x08002ff4       0x28 c:/progra~2/gnuarm~1/92020-~1/bin/../lib/gcc/arm-none-eabi/9.3.1/../../../../arm-none-eabi/lib/thumb/v6-m/nofp\libg.a(lib_a-fini.o)
                0x08002ff4                __libc_fini_array
 .text.__retarget_lock_acquire_recursive
                0x0800301c        0x4 c:/progra~2/gnuarm~1/92020-~1/bin/../lib/gcc/arm-none-eabi/9.3.1/../../../../arm-none-eabi/lib/thumb/v6-m/nofp\libg.a(lib_a-lock.o)
                0x0800301c                __retarget_lock_acquire_recursive
 .text.__retarget_lock_release_recursive
                0x08003020        0x4 c:/progra~2/gnuarm~1/92020-~1/bin/../lib/gcc/arm-none-eabi/9.3.1/../../../../arm-none-eabi/lib/thumb/v6-m/nofp\libg.a(lib_a-lock.o)
                0x08003020                __retarget_lock_release_recursive
 .text.__register_exitproc
                0x08003024       0xac c:/progra~2/gnuarm~1/92020-~1/bin/../lib/gcc/arm-none-eabi/9.3.1/../../../../arm-none-eabi/lib/thumb/v6-m/nofp\libg.a(lib_a-__atexit.o)
                0x08003024                __register_exitproc
 *(.glue_7)
 .glue_7        0x080030d0        0x0 linker stubs
 *(.glue_7t)
 .glue_7t       0x080030d0        0x0 linker stubs
 *(.eh_frame)
 .eh_frame      0x080030d0        0x0 c:/progra~2/gnuarm~1/92020-~1/bin/../lib/gcc/arm-none-eabi/9.3.1/thumb/v6-m/nofp/crtbegin.o
 *(.init)
 .init          0x080030d0        0x4 c:/progra~2/gnuarm~1/92020-~1/bin/../lib/gcc/arm-none-eabi/9.3.1/thumb/v6-m/nofp/crti.o
                0x080030d0                _init
 .init          0x080030d4        0x8 c:/progra~2/gnuarm~1/92020-~1/bin/../lib/gcc/arm-none-eabi/9.3.1/thumb/v6-m/nofp/crtn.o
 *(.fini)
 .fini          0x080030dc        0x4 c:/progra~2/gnuarm~1/92020-~1/bin/../lib/gcc/arm-none-eabi/9.3.1/thumb/v6-m/nofp/crti.o
                0x080030dc                _fini
 .fini          0x080030e0        0x8 c:/progra~2/gnuarm~1/92020-~1/bin/../lib/gcc/arm-none-eabi/9.3.1/thumb/v6-m/nofp/crtn.o
                0x080030e8                . = ALIGN (0x4)
                0x080030e8                _etext = .

.vfp11_veneer   0x080030e8        0x0
 .vfp11_veneer  0x080030e8        0x0 linker stubs

.v4_bx          0x080030e8        0x0
 .v4_bx         0x080030e8        0x0 linker stubs

.iplt           0x080030e8        0x0
 .iplt          0x080030e8        0x0 c:/progra~2/gnuarm~1/92020-~1/bin/../lib/gcc/arm-none-eabi/9.3.1/thumb/v6-m/nofp/crtbegin.o

.rodata         0x080030e8       0x78
                0x080030e8                . = ALIGN (0x4)
 *(.rodata)
 .rodata        0x080030e8        0x8 CMakeFiles/Code_2.elf.dir/Drivers/STM32G0xx_HAL_Driver/Src/stm32g0xx_hal_usart_ex.c.obj
 *(.rodata*)
 .rodata.USARTEx_SetNbDataToProcess.str1.4
                0x080030f0        0x9 CMakeFiles/Code_2.elf.dir/Drivers/STM32G0xx_HAL_Driver/Src/stm32g0xx_hal_usart_ex.c.obj
 *fill*         0x080030f9        0x3 
 .rodata.AHBPrescTable
                0x080030fc       0x40 CMakeFiles/Code_2.elf.dir/Src/system_stm32g0xx.c.obj
                0x080030fc                AHBPrescTable
 .rodata.APBPrescTable
                0x0800313c       0x20 CMakeFiles/Code_2.elf.dir/Src/system_stm32g0xx.c.obj
                0x0800313c                APBPrescTable
 .rodata._global_impure_ptr
                0x0800315c        0x4 c:/progra~2/gnuarm~1/92020-~1/bin/../lib/gcc/arm-none-eabi/9.3.1/../../../../arm-none-eabi/lib/thumb/v6-m/nofp\libg.a(lib_a-impure.o)
                0x0800315c                _global_impure_ptr
                0x08003160                . = ALIGN (0x4)

.rel.dyn        0x08003160        0x0
 .rel.iplt      0x08003160        0x0 c:/progra~2/gnuarm~1/92020-~1/bin/../lib/gcc/arm-none-eabi/9.3.1/thumb/v6-m/nofp/crtbegin.o

.ARM.extab      0x08003160        0x0
                0x08003160                . = ALIGN (0x4)
 *(.ARM.extab* .gnu.linkonce.armextab.*)
                0x08003160                . = ALIGN (0x4)

.ARM            0x08003160        0x0
                0x08003160                . = ALIGN (0x4)
                0x08003160                __exidx_start = .
 *(.ARM.exidx*)
                0x08003160                __exidx_end = .
                0x08003160                . = ALIGN (0x4)

.preinit_array  0x08003160        0x0
                0x08003160                . = ALIGN (0x4)
                0x08003160                PROVIDE (__preinit_array_start = .)
 *(.preinit_array*)
                0x08003160                PROVIDE (__preinit_array_end = .)
                0x08003160                . = ALIGN (0x4)

.init_array     0x08003160        0x8
                0x08003160                . = ALIGN (0x4)
                0x08003160                PROVIDE (__init_array_start = .)
 *(SORT_BY_NAME(.init_array.*))
 .init_array.00000
                0x08003160        0x4 c:/progra~2/gnuarm~1/92020-~1/bin/../lib/gcc/arm-none-eabi/9.3.1/../../../../arm-none-eabi/lib/thumb/v6-m/nofp\libg.a(lib_a-__call_atexit.o)
 *(.init_array*)
 .init_array    0x08003164        0x4 c:/progra~2/gnuarm~1/92020-~1/bin/../lib/gcc/arm-none-eabi/9.3.1/thumb/v6-m/nofp/crtbegin.o
                0x08003168                PROVIDE (__init_array_end = .)
                0x08003168                . = ALIGN (0x4)

.fini_array     0x08003168        0x4
                0x08003168                . = ALIGN (0x4)
                0x08003168                PROVIDE (__fini_array_start = .)
 *(SORT_BY_NAME(.fini_array.*))
 *(.fini_array*)
 .fini_array    0x08003168        0x4 c:/progra~2/gnuarm~1/92020-~1/bin/../lib/gcc/arm-none-eabi/9.3.1/thumb/v6-m/nofp/crtbegin.o
                0x0800316c                PROVIDE (__fini_array_end = .)
                0x0800316c                . = ALIGN (0x4)
                0x0800316c                _sidata = LOADADDR (.data)

.data           0x20000000      0x43c load address 0x0800316c
                0x20000000                . = ALIGN (0x4)
                0x20000000                _sdata = .
 *(.data)
 *(.data*)
 .data.uwTickFreq
                0x20000000        0x4 CMakeFiles/Code_2.elf.dir/Drivers/STM32G0xx_HAL_Driver/Src/stm32g0xx_hal.c.obj
                0x20000000                uwTickFreq
 .data.uwTickPrio
                0x20000004        0x4 CMakeFiles/Code_2.elf.dir/Drivers/STM32G0xx_HAL_Driver/Src/stm32g0xx_hal.c.obj
                0x20000004                uwTickPrio
 .data.SystemCoreClock
                0x20000008        0x4 CMakeFiles/Code_2.elf.dir/Src/system_stm32g0xx.c.obj
                0x20000008                SystemCoreClock
 *fill*         0x2000000c        0x4 
 .data.impure_data
                0x20000010      0x428 c:/progra~2/gnuarm~1/92020-~1/bin/../lib/gcc/arm-none-eabi/9.3.1/../../../../arm-none-eabi/lib/thumb/v6-m/nofp\libg.a(lib_a-impure.o)
 .data.__atexit_recursive_mutex
                0x20000438        0x4 c:/progra~2/gnuarm~1/92020-~1/bin/../lib/gcc/arm-none-eabi/9.3.1/../../../../arm-none-eabi/lib/thumb/v6-m/nofp\libg.a(lib_a-__call_atexit.o)
                0x20000438                __atexit_recursive_mutex
                0x2000043c                . = ALIGN (0x4)
                0x2000043c                _edata = .

.igot.plt       0x2000043c        0x0 load address 0x080035a8
 .igot.plt      0x2000043c        0x0 c:/progra~2/gnuarm~1/92020-~1/bin/../lib/gcc/arm-none-eabi/9.3.1/thumb/v6-m/nofp/crtbegin.o
                0x2000043c                . = ALIGN (0x4)

.bss            0x20000440      0x530 load address 0x080035a8
                0x20000440                _sbss = .
                0x20000440                __bss_start__ = _sbss
 *(.bss)
 .bss           0x20000440       0x1c c:/progra~2/gnuarm~1/92020-~1/bin/../lib/gcc/arm-none-eabi/9.3.1/thumb/v6-m/nofp/crtbegin.o
 *(.bss*)
 .bss.uwTick    0x2000045c        0x4 CMakeFiles/Code_2.elf.dir/Drivers/STM32G0xx_HAL_Driver/Src/stm32g0xx_hal.c.obj
                0x2000045c                uwTick
 .bss.ring_light_controller
                0x20000460      0x390 CMakeFiles/Code_2.elf.dir/Src/RingLight/ring_light_controller.c.obj
                0x20000460                ring_light_controller
 .bss.spi_pointer
                0x200007f0        0x4 CMakeFiles/Code_2.elf.dir/Src/RingLight/ring_light_controller.c.obj
 .bss.timer3_pointer
                0x200007f4        0x4 CMakeFiles/Code_2.elf.dir/Src/RingLight/ring_light_controller.c.obj
 .bss.h_i2c     0x200007f8        0x4 CMakeFiles/Code_2.elf.dir/Src/i2c_controller/i2c_controller.c.obj
 .bss.hi2c1     0x200007fc       0x4c CMakeFiles/Code_2.elf.dir/Src/main.c.obj
                0x200007fc                hi2c1
 .bss.hspi1     0x20000848       0x64 CMakeFiles/Code_2.elf.dir/Src/main.c.obj
                0x20000848                hspi1
 .bss.htim3     0x200008ac       0x40 CMakeFiles/Code_2.elf.dir/Src/main.c.obj
                0x200008ac                htim3
 .bss.husart1   0x200008ec       0x60 CMakeFiles/Code_2.elf.dir/Src/main.c.obj
                0x200008ec                husart1
 *(COMMON)
 COMMON         0x2000094c       0x21 c:/progra~2/gnuarm~1/92020-~1/bin/../lib/gcc/arm-none-eabi/9.3.1/../../../../arm-none-eabi/lib/thumb/v6-m/nofp\libg.a(lib_a-lock.o)
                0x2000094c                __lock___atexit_recursive_mutex
                0x20000950                __lock___arc4random_mutex
                0x20000954                __lock___env_recursive_mutex
                0x20000958                __lock___sinit_recursive_mutex
                0x2000095c                __lock___malloc_recursive_mutex
                0x20000960                __lock___at_quick_exit_mutex
                0x20000964                __lock___dd_hash_mutex
                0x20000968                __lock___tz_mutex
                0x2000096c                __lock___sfp_recursive_mutex
                0x20000970                . = ALIGN (0x4)
 *fill*         0x2000096d        0x3 
                0x20000970                _ebss = .
                0x20000970                __bss_end__ = _ebss

._user_heap_stack
                0x20000970      0x600 load address 0x080035a8
                0x20000970                . = ALIGN (0x8)
                [!provide]                PROVIDE (end = .)
                0x20000970                PROVIDE (_end = .)
                0x20000b70                . = (. + _Min_Heap_Size)
 *fill*         0x20000970      0x200 
                0x20000f70                . = (. + _Min_Stack_Size)
 *fill*         0x20000b70      0x400 
                0x20000f70                . = ALIGN (0x8)

/DISCARD/
 libc.a(*)
 libm.a(*)
 libgcc.a(*)

.ARM.attributes
                0x00000000       0x28
 *(.ARM.attributes)
 .ARM.attributes
                0x00000000       0x1e c:/progra~2/gnuarm~1/92020-~1/bin/../lib/gcc/arm-none-eabi/9.3.1/thumb/v6-m/nofp/crti.o
 .ARM.attributes
                0x0000001e       0x2c c:/progra~2/gnuarm~1/92020-~1/bin/../lib/gcc/arm-none-eabi/9.3.1/thumb/v6-m/nofp/crtbegin.o
 .ARM.attributes
                0x0000004a       0x2c CMakeFiles/Code_2.elf.dir/Drivers/STM32G0xx_HAL_Driver/Src/stm32g0xx_hal.c.obj
 .ARM.attributes
                0x00000076       0x2c CMakeFiles/Code_2.elf.dir/Drivers/STM32G0xx_HAL_Driver/Src/stm32g0xx_hal_cortex.c.obj
 .ARM.attributes
                0x000000a2       0x2c CMakeFiles/Code_2.elf.dir/Drivers/STM32G0xx_HAL_Driver/Src/stm32g0xx_hal_gpio.c.obj
 .ARM.attributes
                0x000000ce       0x2c CMakeFiles/Code_2.elf.dir/Drivers/STM32G0xx_HAL_Driver/Src/stm32g0xx_hal_i2c.c.obj
 .ARM.attributes
                0x000000fa       0x2c CMakeFiles/Code_2.elf.dir/Drivers/STM32G0xx_HAL_Driver/Src/stm32g0xx_hal_i2c_ex.c.obj
 .ARM.attributes
                0x00000126       0x2c CMakeFiles/Code_2.elf.dir/Drivers/STM32G0xx_HAL_Driver/Src/stm32g0xx_hal_pwr_ex.c.obj
 .ARM.attributes
                0x00000152       0x2c CMakeFiles/Code_2.elf.dir/Drivers/STM32G0xx_HAL_Driver/Src/stm32g0xx_hal_rcc.c.obj
 .ARM.attributes
                0x0000017e       0x2c CMakeFiles/Code_2.elf.dir/Drivers/STM32G0xx_HAL_Driver/Src/stm32g0xx_hal_spi.c.obj
 .ARM.attributes
                0x000001aa       0x2c CMakeFiles/Code_2.elf.dir/Drivers/STM32G0xx_HAL_Driver/Src/stm32g0xx_hal_tim.c.obj
 .ARM.attributes
                0x000001d6       0x2c CMakeFiles/Code_2.elf.dir/Drivers/STM32G0xx_HAL_Driver/Src/stm32g0xx_hal_tim_ex.c.obj
 .ARM.attributes
                0x00000202       0x2c CMakeFiles/Code_2.elf.dir/Drivers/STM32G0xx_HAL_Driver/Src/stm32g0xx_hal_usart.c.obj
 .ARM.attributes
                0x0000022e       0x2c CMakeFiles/Code_2.elf.dir/Drivers/STM32G0xx_HAL_Driver/Src/stm32g0xx_hal_usart_ex.c.obj
 .ARM.attributes
                0x0000025a       0x2c CMakeFiles/Code_2.elf.dir/Src/RingLight.c.obj
 .ARM.attributes
                0x00000286       0x2c CMakeFiles/Code_2.elf.dir/Src/RingLight/ring_light_controller.c.obj
 .ARM.attributes
                0x000002b2       0x2c CMakeFiles/Code_2.elf.dir/Src/debug_assert/debug_assert.c.obj
 .ARM.attributes
                0x000002de       0x2c CMakeFiles/Code_2.elf.dir/Src/i2c_controller/i2c_controller.c.obj
 .ARM.attributes
                0x0000030a       0x2c CMakeFiles/Code_2.elf.dir/Src/i2c_controller/i2c_gyroscope_lsm6.c.obj
 .ARM.attributes
                0x00000336       0x2c CMakeFiles/Code_2.elf.dir/Src/main.c.obj
 .ARM.attributes
                0x00000362       0x2c CMakeFiles/Code_2.elf.dir/Src/stm32g0xx_hal_msp.c.obj
 .ARM.attributes
                0x0000038e       0x2c CMakeFiles/Code_2.elf.dir/Src/stm32g0xx_it.c.obj
 .ARM.attributes
                0x000003ba       0x2c CMakeFiles/Code_2.elf.dir/Src/system_stm32g0xx.c.obj
 .ARM.attributes
                0x000003e6       0x21 CMakeFiles/Code_2.elf.dir/Startup/startup_stm32g070kbtx.s.obj
 .ARM.attributes
                0x00000407       0x1e c:/progra~2/gnuarm~1/92020-~1/bin/../lib/gcc/arm-none-eabi/9.3.1/thumb/v6-m/nofp\libgcc.a(_udivsi3.o)
 .ARM.attributes
                0x00000425       0x1e c:/progra~2/gnuarm~1/92020-~1/bin/../lib/gcc/arm-none-eabi/9.3.1/thumb/v6-m/nofp\libgcc.a(_divsi3.o)
 .ARM.attributes
                0x00000443       0x1e c:/progra~2/gnuarm~1/92020-~1/bin/../lib/gcc/arm-none-eabi/9.3.1/thumb/v6-m/nofp\libgcc.a(_dvmd_tls.o)
 .ARM.attributes
                0x00000461       0x2c c:/progra~2/gnuarm~1/92020-~1/bin/../lib/gcc/arm-none-eabi/9.3.1/../../../../arm-none-eabi/lib/thumb/v6-m/nofp\libg.a(lib_a-impure.o)
 .ARM.attributes
                0x0000048d       0x2c c:/progra~2/gnuarm~1/92020-~1/bin/../lib/gcc/arm-none-eabi/9.3.1/../../../../arm-none-eabi/lib/thumb/v6-m/nofp\libg.a(lib_a-init.o)
 .ARM.attributes
                0x000004b9       0x2c c:/progra~2/gnuarm~1/92020-~1/bin/../lib/gcc/arm-none-eabi/9.3.1/../../../../arm-none-eabi/lib/thumb/v6-m/nofp\libg.a(lib_a-memcpy-stub.o)
 .ARM.attributes
                0x000004e5       0x2c c:/progra~2/gnuarm~1/92020-~1/bin/../lib/gcc/arm-none-eabi/9.3.1/../../../../arm-none-eabi/lib/thumb/v6-m/nofp\libg.a(lib_a-memset.o)
 .ARM.attributes
                0x00000511       0x2c c:/progra~2/gnuarm~1/92020-~1/bin/../lib/gcc/arm-none-eabi/9.3.1/../../../../arm-none-eabi/lib/thumb/v6-m/nofp\libg.a(lib_a-__call_atexit.o)
 .ARM.attributes
                0x0000053d       0x2c c:/progra~2/gnuarm~1/92020-~1/bin/../lib/gcc/arm-none-eabi/9.3.1/../../../../arm-none-eabi/lib/thumb/v6-m/nofp\libg.a(lib_a-atexit.o)
 .ARM.attributes
                0x00000569       0x2c c:/progra~2/gnuarm~1/92020-~1/bin/../lib/gcc/arm-none-eabi/9.3.1/../../../../arm-none-eabi/lib/thumb/v6-m/nofp\libg.a(lib_a-fini.o)
 .ARM.attributes
                0x00000595       0x2c c:/progra~2/gnuarm~1/92020-~1/bin/../lib/gcc/arm-none-eabi/9.3.1/../../../../arm-none-eabi/lib/thumb/v6-m/nofp\libg.a(lib_a-lock.o)
 .ARM.attributes
                0x000005c1       0x2c c:/progra~2/gnuarm~1/92020-~1/bin/../lib/gcc/arm-none-eabi/9.3.1/../../../../arm-none-eabi/lib/thumb/v6-m/nofp\libg.a(lib_a-__atexit.o)
 .ARM.attributes
                0x000005ed       0x1e c:/progra~2/gnuarm~1/92020-~1/bin/../lib/gcc/arm-none-eabi/9.3.1/thumb/v6-m/nofp/crtn.o
OUTPUT(Code_2.elf elf32-littlearm)
LOAD linker stubs
LOAD c:/progra~2/gnuarm~1/92020-~1/bin/../lib/gcc/arm-none-eabi/9.3.1/../../../../arm-none-eabi/lib/thumb/v6-m/nofp\libc.a
LOAD c:/progra~2/gnuarm~1/92020-~1/bin/../lib/gcc/arm-none-eabi/9.3.1/../../../../arm-none-eabi/lib/thumb/v6-m/nofp\libm.a
LOAD c:/progra~2/gnuarm~1/92020-~1/bin/../lib/gcc/arm-none-eabi/9.3.1/thumb/v6-m/nofp\libgcc.a

.debug_info     0x00000000    0x189d1
 .debug_info    0x00000000      0x9f8 CMakeFiles/Code_2.elf.dir/Drivers/STM32G0xx_HAL_Driver/Src/stm32g0xx_hal.c.obj
 .debug_info    0x000009f8      0xb2f CMakeFiles/Code_2.elf.dir/Drivers/STM32G0xx_HAL_Driver/Src/stm32g0xx_hal_cortex.c.obj
 .debug_info    0x00001527      0x6e0 CMakeFiles/Code_2.elf.dir/Drivers/STM32G0xx_HAL_Driver/Src/stm32g0xx_hal_gpio.c.obj
 .debug_info    0x00001c07     0x3ffd CMakeFiles/Code_2.elf.dir/Drivers/STM32G0xx_HAL_Driver/Src/stm32g0xx_hal_i2c.c.obj
 .debug_info    0x00005c04      0xb41 CMakeFiles/Code_2.elf.dir/Drivers/STM32G0xx_HAL_Driver/Src/stm32g0xx_hal_i2c_ex.c.obj
 .debug_info    0x00006745      0x5ef CMakeFiles/Code_2.elf.dir/Drivers/STM32G0xx_HAL_Driver/Src/stm32g0xx_hal_pwr_ex.c.obj
 .debug_info    0x00006d34      0xd47 CMakeFiles/Code_2.elf.dir/Drivers/STM32G0xx_HAL_Driver/Src/stm32g0xx_hal_rcc.c.obj
 .debug_info    0x00007a7b     0x2277 CMakeFiles/Code_2.elf.dir/Drivers/STM32G0xx_HAL_Driver/Src/stm32g0xx_hal_spi.c.obj
 .debug_info    0x00009cf2     0x3926 CMakeFiles/Code_2.elf.dir/Drivers/STM32G0xx_HAL_Driver/Src/stm32g0xx_hal_tim.c.obj
 .debug_info    0x0000d618     0x1b11 CMakeFiles/Code_2.elf.dir/Drivers/STM32G0xx_HAL_Driver/Src/stm32g0xx_hal_tim_ex.c.obj
 .debug_info    0x0000f129     0x2046 CMakeFiles/Code_2.elf.dir/Drivers/STM32G0xx_HAL_Driver/Src/stm32g0xx_hal_usart.c.obj
 .debug_info    0x0001116f      0xb02 CMakeFiles/Code_2.elf.dir/Drivers/STM32G0xx_HAL_Driver/Src/stm32g0xx_hal_usart_ex.c.obj
 .debug_info    0x00011c71      0x695 CMakeFiles/Code_2.elf.dir/Src/RingLight.c.obj
 .debug_info    0x00012306     0x12cb CMakeFiles/Code_2.elf.dir/Src/RingLight/ring_light_controller.c.obj
 .debug_info    0x000135d1      0x254 CMakeFiles/Code_2.elf.dir/Src/debug_assert/debug_assert.c.obj
 .debug_info    0x00013825      0x93e CMakeFiles/Code_2.elf.dir/Src/i2c_controller/i2c_controller.c.obj
 .debug_info    0x00014163      0x6c8 CMakeFiles/Code_2.elf.dir/Src/i2c_controller/i2c_gyroscope_lsm6.c.obj
 .debug_info    0x0001482b     0x1c6f CMakeFiles/Code_2.elf.dir/Src/main.c.obj
 .debug_info    0x0001649a     0x1846 CMakeFiles/Code_2.elf.dir/Src/stm32g0xx_hal_msp.c.obj
 .debug_info    0x00017ce0      0x83d CMakeFiles/Code_2.elf.dir/Src/stm32g0xx_it.c.obj
 .debug_info    0x0001851d      0x492 CMakeFiles/Code_2.elf.dir/Src/system_stm32g0xx.c.obj
 .debug_info    0x000189af       0x22 CMakeFiles/Code_2.elf.dir/Startup/startup_stm32g070kbtx.s.obj

.debug_abbrev   0x00000000     0x2f7b
 .debug_abbrev  0x00000000      0x29c CMakeFiles/Code_2.elf.dir/Drivers/STM32G0xx_HAL_Driver/Src/stm32g0xx_hal.c.obj
 .debug_abbrev  0x0000029c      0x2c4 CMakeFiles/Code_2.elf.dir/Drivers/STM32G0xx_HAL_Driver/Src/stm32g0xx_hal_cortex.c.obj
 .debug_abbrev  0x00000560      0x212 CMakeFiles/Code_2.elf.dir/Drivers/STM32G0xx_HAL_Driver/Src/stm32g0xx_hal_gpio.c.obj
 .debug_abbrev  0x00000772      0x2a2 CMakeFiles/Code_2.elf.dir/Drivers/STM32G0xx_HAL_Driver/Src/stm32g0xx_hal_i2c.c.obj
 .debug_abbrev  0x00000a14      0x200 CMakeFiles/Code_2.elf.dir/Drivers/STM32G0xx_HAL_Driver/Src/stm32g0xx_hal_i2c_ex.c.obj
 .debug_abbrev  0x00000c14      0x23c CMakeFiles/Code_2.elf.dir/Drivers/STM32G0xx_HAL_Driver/Src/stm32g0xx_hal_pwr_ex.c.obj
 .debug_abbrev  0x00000e50      0x29a CMakeFiles/Code_2.elf.dir/Drivers/STM32G0xx_HAL_Driver/Src/stm32g0xx_hal_rcc.c.obj
 .debug_abbrev  0x000010ea      0x29f CMakeFiles/Code_2.elf.dir/Drivers/STM32G0xx_HAL_Driver/Src/stm32g0xx_hal_spi.c.obj
 .debug_abbrev  0x00001389      0x269 CMakeFiles/Code_2.elf.dir/Drivers/STM32G0xx_HAL_Driver/Src/stm32g0xx_hal_tim.c.obj
 .debug_abbrev  0x000015f2      0x27f CMakeFiles/Code_2.elf.dir/Drivers/STM32G0xx_HAL_Driver/Src/stm32g0xx_hal_tim_ex.c.obj
 .debug_abbrev  0x00001871      0x2aa CMakeFiles/Code_2.elf.dir/Drivers/STM32G0xx_HAL_Driver/Src/stm32g0xx_hal_usart.c.obj
 .debug_abbrev  0x00001b1b      0x263 CMakeFiles/Code_2.elf.dir/Drivers/STM32G0xx_HAL_Driver/Src/stm32g0xx_hal_usart_ex.c.obj
 .debug_abbrev  0x00001d7e      0x1fe CMakeFiles/Code_2.elf.dir/Src/RingLight.c.obj
 .debug_abbrev  0x00001f7c      0x2f4 CMakeFiles/Code_2.elf.dir/Src/RingLight/ring_light_controller.c.obj
 .debug_abbrev  0x00002270      0x125 CMakeFiles/Code_2.elf.dir/Src/debug_assert/debug_assert.c.obj
 .debug_abbrev  0x00002395      0x1f6 CMakeFiles/Code_2.elf.dir/Src/i2c_controller/i2c_controller.c.obj
 .debug_abbrev  0x0000258b      0x1b3 CMakeFiles/Code_2.elf.dir/Src/i2c_controller/i2c_gyroscope_lsm6.c.obj
 .debug_abbrev  0x0000273e      0x2c0 CMakeFiles/Code_2.elf.dir/Src/main.c.obj
 .debug_abbrev  0x000029fe      0x24c CMakeFiles/Code_2.elf.dir/Src/stm32g0xx_hal_msp.c.obj
 .debug_abbrev  0x00002c4a      0x1b7 CMakeFiles/Code_2.elf.dir/Src/stm32g0xx_it.c.obj
 .debug_abbrev  0x00002e01      0x168 CMakeFiles/Code_2.elf.dir/Src/system_stm32g0xx.c.obj
 .debug_abbrev  0x00002f69       0x12 CMakeFiles/Code_2.elf.dir/Startup/startup_stm32g070kbtx.s.obj

.debug_loc      0x00000000    0x10c52
 .debug_loc     0x00000000      0x1a1 CMakeFiles/Code_2.elf.dir/Drivers/STM32G0xx_HAL_Driver/Src/stm32g0xx_hal.c.obj
 .debug_loc     0x000001a1      0x458 CMakeFiles/Code_2.elf.dir/Drivers/STM32G0xx_HAL_Driver/Src/stm32g0xx_hal_cortex.c.obj
 .debug_loc     0x000005f9      0x3a1 CMakeFiles/Code_2.elf.dir/Drivers/STM32G0xx_HAL_Driver/Src/stm32g0xx_hal_gpio.c.obj
 .debug_loc     0x0000099a     0x4986 CMakeFiles/Code_2.elf.dir/Drivers/STM32G0xx_HAL_Driver/Src/stm32g0xx_hal_i2c.c.obj
 .debug_loc     0x00005320      0x210 CMakeFiles/Code_2.elf.dir/Drivers/STM32G0xx_HAL_Driver/Src/stm32g0xx_hal_i2c_ex.c.obj
 .debug_loc     0x00005530      0x2e0 CMakeFiles/Code_2.elf.dir/Drivers/STM32G0xx_HAL_Driver/Src/stm32g0xx_hal_pwr_ex.c.obj
 .debug_loc     0x00005810      0x69e CMakeFiles/Code_2.elf.dir/Drivers/STM32G0xx_HAL_Driver/Src/stm32g0xx_hal_rcc.c.obj
 .debug_loc     0x00005eae     0x1ed2 CMakeFiles/Code_2.elf.dir/Drivers/STM32G0xx_HAL_Driver/Src/stm32g0xx_hal_spi.c.obj
 .debug_loc     0x00007d80     0x3f48 CMakeFiles/Code_2.elf.dir/Drivers/STM32G0xx_HAL_Driver/Src/stm32g0xx_hal_tim.c.obj
 .debug_loc     0x0000bcc8     0x1a91 CMakeFiles/Code_2.elf.dir/Drivers/STM32G0xx_HAL_Driver/Src/stm32g0xx_hal_tim_ex.c.obj
 .debug_loc     0x0000d759     0x231d CMakeFiles/Code_2.elf.dir/Drivers/STM32G0xx_HAL_Driver/Src/stm32g0xx_hal_usart.c.obj
 .debug_loc     0x0000fa76      0x3cc CMakeFiles/Code_2.elf.dir/Drivers/STM32G0xx_HAL_Driver/Src/stm32g0xx_hal_usart_ex.c.obj
 .debug_loc     0x0000fe42      0x44c CMakeFiles/Code_2.elf.dir/Src/RingLight.c.obj
 .debug_loc     0x0001028e      0x3bc CMakeFiles/Code_2.elf.dir/Src/RingLight/ring_light_controller.c.obj
 .debug_loc     0x0001064a       0x42 CMakeFiles/Code_2.elf.dir/Src/debug_assert/debug_assert.c.obj
 .debug_loc     0x0001068c      0x172 CMakeFiles/Code_2.elf.dir/Src/i2c_controller/i2c_controller.c.obj
 .debug_loc     0x000107fe      0x14b CMakeFiles/Code_2.elf.dir/Src/i2c_controller/i2c_gyroscope_lsm6.c.obj
 .debug_loc     0x00010949       0x39 CMakeFiles/Code_2.elf.dir/Src/main.c.obj
 .debug_loc     0x00010982      0x227 CMakeFiles/Code_2.elf.dir/Src/stm32g0xx_hal_msp.c.obj
 .debug_loc     0x00010ba9       0xa9 CMakeFiles/Code_2.elf.dir/Src/system_stm32g0xx.c.obj

.debug_aranges  0x00000000     0x11b0
 .debug_aranges
                0x00000000       0xf8 CMakeFiles/Code_2.elf.dir/Drivers/STM32G0xx_HAL_Driver/Src/stm32g0xx_hal.c.obj
 .debug_aranges
                0x000000f8       0x90 CMakeFiles/Code_2.elf.dir/Drivers/STM32G0xx_HAL_Driver/Src/stm32g0xx_hal_cortex.c.obj
 .debug_aranges
                0x00000188       0x60 CMakeFiles/Code_2.elf.dir/Drivers/STM32G0xx_HAL_Driver/Src/stm32g0xx_hal_gpio.c.obj
 .debug_aranges
                0x000001e8      0x288 CMakeFiles/Code_2.elf.dir/Drivers/STM32G0xx_HAL_Driver/Src/stm32g0xx_hal_i2c.c.obj
 .debug_aranges
                0x00000470       0x48 CMakeFiles/Code_2.elf.dir/Drivers/STM32G0xx_HAL_Driver/Src/stm32g0xx_hal_i2c_ex.c.obj
 .debug_aranges
                0x000004b8       0x98 CMakeFiles/Code_2.elf.dir/Drivers/STM32G0xx_HAL_Driver/Src/stm32g0xx_hal_pwr_ex.c.obj
 .debug_aranges
                0x00000550       0x90 CMakeFiles/Code_2.elf.dir/Drivers/STM32G0xx_HAL_Driver/Src/stm32g0xx_hal_rcc.c.obj
 .debug_aranges
                0x000005e0      0x1d8 CMakeFiles/Code_2.elf.dir/Drivers/STM32G0xx_HAL_Driver/Src/stm32g0xx_hal_spi.c.obj
 .debug_aranges
                0x000007b8      0x3b8 CMakeFiles/Code_2.elf.dir/Drivers/STM32G0xx_HAL_Driver/Src/stm32g0xx_hal_tim.c.obj
 .debug_aranges
                0x00000b70      0x180 CMakeFiles/Code_2.elf.dir/Drivers/STM32G0xx_HAL_Driver/Src/stm32g0xx_hal_tim_ex.c.obj
 .debug_aranges
                0x00000cf0      0x1a0 CMakeFiles/Code_2.elf.dir/Drivers/STM32G0xx_HAL_Driver/Src/stm32g0xx_hal_usart.c.obj
 .debug_aranges
                0x00000e90       0x68 CMakeFiles/Code_2.elf.dir/Drivers/STM32G0xx_HAL_Driver/Src/stm32g0xx_hal_usart_ex.c.obj
 .debug_aranges
                0x00000ef8       0x58 CMakeFiles/Code_2.elf.dir/Src/RingLight.c.obj
 .debug_aranges
                0x00000f50       0x58 CMakeFiles/Code_2.elf.dir/Src/RingLight/ring_light_controller.c.obj
 .debug_aranges
                0x00000fa8       0x30 CMakeFiles/Code_2.elf.dir/Src/debug_assert/debug_assert.c.obj
 .debug_aranges
                0x00000fd8       0x30 CMakeFiles/Code_2.elf.dir/Src/i2c_controller/i2c_controller.c.obj
 .debug_aranges
                0x00001008       0x40 CMakeFiles/Code_2.elf.dir/Src/i2c_controller/i2c_gyroscope_lsm6.c.obj
 .debug_aranges
                0x00001048       0x70 CMakeFiles/Code_2.elf.dir/Src/main.c.obj
 .debug_aranges
                0x000010b8       0x60 CMakeFiles/Code_2.elf.dir/Src/stm32g0xx_hal_msp.c.obj
 .debug_aranges
                0x00001118       0x48 CMakeFiles/Code_2.elf.dir/Src/stm32g0xx_it.c.obj
 .debug_aranges
                0x00001160       0x28 CMakeFiles/Code_2.elf.dir/Src/system_stm32g0xx.c.obj
 .debug_aranges
                0x00001188       0x28 CMakeFiles/Code_2.elf.dir/Startup/startup_stm32g070kbtx.s.obj

.debug_ranges   0x00000000     0x1150
 .debug_ranges  0x00000000       0xe8 CMakeFiles/Code_2.elf.dir/Drivers/STM32G0xx_HAL_Driver/Src/stm32g0xx_hal.c.obj
 .debug_ranges  0x000000e8       0xe0 CMakeFiles/Code_2.elf.dir/Drivers/STM32G0xx_HAL_Driver/Src/stm32g0xx_hal_cortex.c.obj
 .debug_ranges  0x000001c8       0x50 CMakeFiles/Code_2.elf.dir/Drivers/STM32G0xx_HAL_Driver/Src/stm32g0xx_hal_gpio.c.obj
 .debug_ranges  0x00000218      0x278 CMakeFiles/Code_2.elf.dir/Drivers/STM32G0xx_HAL_Driver/Src/stm32g0xx_hal_i2c.c.obj
 .debug_ranges  0x00000490       0x38 CMakeFiles/Code_2.elf.dir/Drivers/STM32G0xx_HAL_Driver/Src/stm32g0xx_hal_i2c_ex.c.obj
 .debug_ranges  0x000004c8       0x88 CMakeFiles/Code_2.elf.dir/Drivers/STM32G0xx_HAL_Driver/Src/stm32g0xx_hal_pwr_ex.c.obj
 .debug_ranges  0x00000550       0xa0 CMakeFiles/Code_2.elf.dir/Drivers/STM32G0xx_HAL_Driver/Src/stm32g0xx_hal_rcc.c.obj
 .debug_ranges  0x000005f0      0x1c8 CMakeFiles/Code_2.elf.dir/Drivers/STM32G0xx_HAL_Driver/Src/stm32g0xx_hal_spi.c.obj
 .debug_ranges  0x000007b8      0x3a8 CMakeFiles/Code_2.elf.dir/Drivers/STM32G0xx_HAL_Driver/Src/stm32g0xx_hal_tim.c.obj
 .debug_ranges  0x00000b60      0x170 CMakeFiles/Code_2.elf.dir/Drivers/STM32G0xx_HAL_Driver/Src/stm32g0xx_hal_tim_ex.c.obj
 .debug_ranges  0x00000cd0      0x190 CMakeFiles/Code_2.elf.dir/Drivers/STM32G0xx_HAL_Driver/Src/stm32g0xx_hal_usart.c.obj
 .debug_ranges  0x00000e60       0x58 CMakeFiles/Code_2.elf.dir/Drivers/STM32G0xx_HAL_Driver/Src/stm32g0xx_hal_usart_ex.c.obj
 .debug_ranges  0x00000eb8       0x60 CMakeFiles/Code_2.elf.dir/Src/RingLight.c.obj
 .debug_ranges  0x00000f18       0xa8 CMakeFiles/Code_2.elf.dir/Src/RingLight/ring_light_controller.c.obj
 .debug_ranges  0x00000fc0       0x20 CMakeFiles/Code_2.elf.dir/Src/debug_assert/debug_assert.c.obj
 .debug_ranges  0x00000fe0       0x20 CMakeFiles/Code_2.elf.dir/Src/i2c_controller/i2c_controller.c.obj
 .debug_ranges  0x00001000       0x30 CMakeFiles/Code_2.elf.dir/Src/i2c_controller/i2c_gyroscope_lsm6.c.obj
 .debug_ranges  0x00001030       0x60 CMakeFiles/Code_2.elf.dir/Src/main.c.obj
 .debug_ranges  0x00001090       0x50 CMakeFiles/Code_2.elf.dir/Src/stm32g0xx_hal_msp.c.obj
 .debug_ranges  0x000010e0       0x38 CMakeFiles/Code_2.elf.dir/Src/stm32g0xx_it.c.obj
 .debug_ranges  0x00001118       0x18 CMakeFiles/Code_2.elf.dir/Src/system_stm32g0xx.c.obj
 .debug_ranges  0x00001130       0x20 CMakeFiles/Code_2.elf.dir/Startup/startup_stm32g070kbtx.s.obj

.debug_line     0x00000000    0x14878
 .debug_line    0x00000000      0x63f CMakeFiles/Code_2.elf.dir/Drivers/STM32G0xx_HAL_Driver/Src/stm32g0xx_hal.c.obj
 .debug_line    0x0000063f      0x740 CMakeFiles/Code_2.elf.dir/Drivers/STM32G0xx_HAL_Driver/Src/stm32g0xx_hal_cortex.c.obj
 .debug_line    0x00000d7f      0x71d CMakeFiles/Code_2.elf.dir/Drivers/STM32G0xx_HAL_Driver/Src/stm32g0xx_hal_gpio.c.obj
 .debug_line    0x0000149c     0x47f2 CMakeFiles/Code_2.elf.dir/Drivers/STM32G0xx_HAL_Driver/Src/stm32g0xx_hal_i2c.c.obj
 .debug_line    0x00005c8e      0x55d CMakeFiles/Code_2.elf.dir/Drivers/STM32G0xx_HAL_Driver/Src/stm32g0xx_hal_i2c_ex.c.obj
 .debug_line    0x000061eb      0x5c3 CMakeFiles/Code_2.elf.dir/Drivers/STM32G0xx_HAL_Driver/Src/stm32g0xx_hal_pwr_ex.c.obj
 .debug_line    0x000067ae      0xd7f CMakeFiles/Code_2.elf.dir/Drivers/STM32G0xx_HAL_Driver/Src/stm32g0xx_hal_rcc.c.obj
 .debug_line    0x0000752d     0x27f9 CMakeFiles/Code_2.elf.dir/Drivers/STM32G0xx_HAL_Driver/Src/stm32g0xx_hal_spi.c.obj
 .debug_line    0x00009d26     0x3aeb CMakeFiles/Code_2.elf.dir/Drivers/STM32G0xx_HAL_Driver/Src/stm32g0xx_hal_tim.c.obj
 .debug_line    0x0000d811     0x1563 CMakeFiles/Code_2.elf.dir/Drivers/STM32G0xx_HAL_Driver/Src/stm32g0xx_hal_tim_ex.c.obj
 .debug_line    0x0000ed74     0x2876 CMakeFiles/Code_2.elf.dir/Drivers/STM32G0xx_HAL_Driver/Src/stm32g0xx_hal_usart.c.obj
 .debug_line    0x000115ea      0x79d CMakeFiles/Code_2.elf.dir/Drivers/STM32G0xx_HAL_Driver/Src/stm32g0xx_hal_usart_ex.c.obj
 .debug_line    0x00011d87      0x57f CMakeFiles/Code_2.elf.dir/Src/RingLight.c.obj
 .debug_line    0x00012306      0x695 CMakeFiles/Code_2.elf.dir/Src/RingLight/ring_light_controller.c.obj
 .debug_line    0x0001299b      0x2a3 CMakeFiles/Code_2.elf.dir/Src/debug_assert/debug_assert.c.obj
 .debug_line    0x00012c3e      0x301 CMakeFiles/Code_2.elf.dir/Src/i2c_controller/i2c_controller.c.obj
 .debug_line    0x00012f3f      0x4e3 CMakeFiles/Code_2.elf.dir/Src/i2c_controller/i2c_gyroscope_lsm6.c.obj
 .debug_line    0x00013422      0x7e9 CMakeFiles/Code_2.elf.dir/Src/main.c.obj
 .debug_line    0x00013c0b      0x555 CMakeFiles/Code_2.elf.dir/Src/stm32g0xx_hal_msp.c.obj
 .debug_line    0x00014160      0x300 CMakeFiles/Code_2.elf.dir/Src/stm32g0xx_it.c.obj
 .debug_line    0x00014460      0x364 CMakeFiles/Code_2.elf.dir/Src/system_stm32g0xx.c.obj
 .debug_line    0x000147c4       0xb4 CMakeFiles/Code_2.elf.dir/Startup/startup_stm32g070kbtx.s.obj

.debug_str      0x00000000     0x5418
 .debug_str     0x00000000      0x849 CMakeFiles/Code_2.elf.dir/Drivers/STM32G0xx_HAL_Driver/Src/stm32g0xx_hal.c.obj
                                0x8aa (size before relaxing)
 .debug_str     0x00000849      0x38a CMakeFiles/Code_2.elf.dir/Drivers/STM32G0xx_HAL_Driver/Src/stm32g0xx_hal_cortex.c.obj
                                0x850 (size before relaxing)
 .debug_str     0x00000bd3      0x218 CMakeFiles/Code_2.elf.dir/Drivers/STM32G0xx_HAL_Driver/Src/stm32g0xx_hal_gpio.c.obj
                                0x514 (size before relaxing)
 .debug_str     0x00000deb      0xd80 CMakeFiles/Code_2.elf.dir/Drivers/STM32G0xx_HAL_Driver/Src/stm32g0xx_hal_i2c.c.obj
                               0x1106 (size before relaxing)
 .debug_str     0x00001b6b      0x12a CMakeFiles/Code_2.elf.dir/Drivers/STM32G0xx_HAL_Driver/Src/stm32g0xx_hal_i2c_ex.c.obj
                                0xa1f (size before relaxing)
 .debug_str     0x00001c95      0x2ee CMakeFiles/Code_2.elf.dir/Drivers/STM32G0xx_HAL_Driver/Src/stm32g0xx_hal_pwr_ex.c.obj
                                0x5e1 (size before relaxing)
 .debug_str     0x00001f83      0x356 CMakeFiles/Code_2.elf.dir/Drivers/STM32G0xx_HAL_Driver/Src/stm32g0xx_hal_rcc.c.obj
                                0x82f (size before relaxing)
 .debug_str     0x000022d9      0x760 CMakeFiles/Code_2.elf.dir/Drivers/STM32G0xx_HAL_Driver/Src/stm32g0xx_hal_spi.c.obj
                                0xd72 (size before relaxing)
 .debug_str     0x00002a39     0x10ac CMakeFiles/Code_2.elf.dir/Drivers/STM32G0xx_HAL_Driver/Src/stm32g0xx_hal_tim.c.obj
                               0x1689 (size before relaxing)
 .debug_str     0x00003ae5      0x6d2 CMakeFiles/Code_2.elf.dir/Drivers/STM32G0xx_HAL_Driver/Src/stm32g0xx_hal_tim_ex.c.obj
                               0x1028 (size before relaxing)
 .debug_str     0x000041b7      0x7a6 CMakeFiles/Code_2.elf.dir/Drivers/STM32G0xx_HAL_Driver/Src/stm32g0xx_hal_usart.c.obj
                                0xf4c (size before relaxing)
 .debug_str     0x0000495d      0x1ac CMakeFiles/Code_2.elf.dir/Drivers/STM32G0xx_HAL_Driver/Src/stm32g0xx_hal_usart_ex.c.obj
                                0x972 (size before relaxing)
 .debug_str     0x00004b09      0x190 CMakeFiles/Code_2.elf.dir/Src/RingLight.c.obj
                                0x42b (size before relaxing)
 .debug_str     0x00004c99      0x274 CMakeFiles/Code_2.elf.dir/Src/RingLight/ring_light_controller.c.obj
                                0xd48 (size before relaxing)
 .debug_str     0x00004f0d       0x8d CMakeFiles/Code_2.elf.dir/Src/debug_assert/debug_assert.c.obj
                                0x313 (size before relaxing)
 .debug_str     0x00004f9a       0x8b CMakeFiles/Code_2.elf.dir/Src/i2c_controller/i2c_controller.c.obj
                                0x8d4 (size before relaxing)
 .debug_str     0x00005025       0xfb CMakeFiles/Code_2.elf.dir/Src/i2c_controller/i2c_gyroscope_lsm6.c.obj
                                0x3d1 (size before relaxing)
 .debug_str     0x00005120      0x138 CMakeFiles/Code_2.elf.dir/Src/main.c.obj
                               0x1458 (size before relaxing)
 .debug_str     0x00005258       0x55 CMakeFiles/Code_2.elf.dir/Src/stm32g0xx_hal_msp.c.obj
                               0x120f (size before relaxing)
 .debug_str     0x000052ad       0x9f CMakeFiles/Code_2.elf.dir/Src/stm32g0xx_it.c.obj
                                0x7f4 (size before relaxing)
 .debug_str     0x0000534c       0x6b CMakeFiles/Code_2.elf.dir/Src/system_stm32g0xx.c.obj
                                0x3e5 (size before relaxing)
 .debug_str     0x000053b7       0x61 CMakeFiles/Code_2.elf.dir/Startup/startup_stm32g070kbtx.s.obj
                                 0xa6 (size before relaxing)

.comment        0x00000000       0x4c
 .comment       0x00000000       0x4c CMakeFiles/Code_2.elf.dir/Drivers/STM32G0xx_HAL_Driver/Src/stm32g0xx_hal.c.obj
                                 0x4d (size before relaxing)
 .comment       0x0000004c       0x4d CMakeFiles/Code_2.elf.dir/Drivers/STM32G0xx_HAL_Driver/Src/stm32g0xx_hal_cortex.c.obj
 .comment       0x0000004c       0x4d CMakeFiles/Code_2.elf.dir/Drivers/STM32G0xx_HAL_Driver/Src/stm32g0xx_hal_gpio.c.obj
 .comment       0x0000004c       0x4d CMakeFiles/Code_2.elf.dir/Drivers/STM32G0xx_HAL_Driver/Src/stm32g0xx_hal_i2c.c.obj
 .comment       0x0000004c       0x4d CMakeFiles/Code_2.elf.dir/Drivers/STM32G0xx_HAL_Driver/Src/stm32g0xx_hal_i2c_ex.c.obj
 .comment       0x0000004c       0x4d CMakeFiles/Code_2.elf.dir/Drivers/STM32G0xx_HAL_Driver/Src/stm32g0xx_hal_pwr_ex.c.obj
 .comment       0x0000004c       0x4d CMakeFiles/Code_2.elf.dir/Drivers/STM32G0xx_HAL_Driver/Src/stm32g0xx_hal_rcc.c.obj
 .comment       0x0000004c       0x4d CMakeFiles/Code_2.elf.dir/Drivers/STM32G0xx_HAL_Driver/Src/stm32g0xx_hal_spi.c.obj
 .comment       0x0000004c       0x4d CMakeFiles/Code_2.elf.dir/Drivers/STM32G0xx_HAL_Driver/Src/stm32g0xx_hal_tim.c.obj
 .comment       0x0000004c       0x4d CMakeFiles/Code_2.elf.dir/Drivers/STM32G0xx_HAL_Driver/Src/stm32g0xx_hal_tim_ex.c.obj
 .comment       0x0000004c       0x4d CMakeFiles/Code_2.elf.dir/Drivers/STM32G0xx_HAL_Driver/Src/stm32g0xx_hal_usart.c.obj
 .comment       0x0000004c       0x4d CMakeFiles/Code_2.elf.dir/Drivers/STM32G0xx_HAL_Driver/Src/stm32g0xx_hal_usart_ex.c.obj
 .comment       0x0000004c       0x4d CMakeFiles/Code_2.elf.dir/Src/RingLight.c.obj
 .comment       0x0000004c       0x4d CMakeFiles/Code_2.elf.dir/Src/RingLight/ring_light_controller.c.obj
 .comment       0x0000004c       0x4d CMakeFiles/Code_2.elf.dir/Src/debug_assert/debug_assert.c.obj
 .comment       0x0000004c       0x4d CMakeFiles/Code_2.elf.dir/Src/i2c_controller/i2c_controller.c.obj
 .comment       0x0000004c       0x4d CMakeFiles/Code_2.elf.dir/Src/i2c_controller/i2c_gyroscope_lsm6.c.obj
 .comment       0x0000004c       0x4d CMakeFiles/Code_2.elf.dir/Src/main.c.obj
 .comment       0x0000004c       0x4d CMakeFiles/Code_2.elf.dir/Src/stm32g0xx_hal_msp.c.obj
 .comment       0x0000004c       0x4d CMakeFiles/Code_2.elf.dir/Src/stm32g0xx_it.c.obj
 .comment       0x0000004c       0x4d CMakeFiles/Code_2.elf.dir/Src/system_stm32g0xx.c.obj

.debug_frame    0x00000000     0x3190
 .debug_frame   0x00000000      0x1fc CMakeFiles/Code_2.elf.dir/Drivers/STM32G0xx_HAL_Driver/Src/stm32g0xx_hal.c.obj
 .debug_frame   0x000001fc      0x114 CMakeFiles/Code_2.elf.dir/Drivers/STM32G0xx_HAL_Driver/Src/stm32g0xx_hal_cortex.c.obj
 .debug_frame   0x00000310       0xd8 CMakeFiles/Code_2.elf.dir/Drivers/STM32G0xx_HAL_Driver/Src/stm32g0xx_hal_gpio.c.obj
 .debug_frame   0x000003e8      0x844 CMakeFiles/Code_2.elf.dir/Drivers/STM32G0xx_HAL_Driver/Src/stm32g0xx_hal_i2c.c.obj
 .debug_frame   0x00000c2c       0xb0 CMakeFiles/Code_2.elf.dir/Drivers/STM32G0xx_HAL_Driver/Src/stm32g0xx_hal_i2c_ex.c.obj
 .debug_frame   0x00000cdc      0x120 CMakeFiles/Code_2.elf.dir/Drivers/STM32G0xx_HAL_Driver/Src/stm32g0xx_hal_pwr_ex.c.obj
 .debug_frame   0x00000dfc      0x15c CMakeFiles/Code_2.elf.dir/Drivers/STM32G0xx_HAL_Driver/Src/stm32g0xx_hal_rcc.c.obj
 .debug_frame   0x00000f58      0x594 CMakeFiles/Code_2.elf.dir/Drivers/STM32G0xx_HAL_Driver/Src/stm32g0xx_hal_spi.c.obj
 .debug_frame   0x000014ec      0xa68 CMakeFiles/Code_2.elf.dir/Drivers/STM32G0xx_HAL_Driver/Src/stm32g0xx_hal_tim.c.obj
 .debug_frame   0x00001f54      0x44c CMakeFiles/Code_2.elf.dir/Drivers/STM32G0xx_HAL_Driver/Src/stm32g0xx_hal_tim_ex.c.obj
 .debug_frame   0x000023a0      0x490 CMakeFiles/Code_2.elf.dir/Drivers/STM32G0xx_HAL_Driver/Src/stm32g0xx_hal_usart.c.obj
 .debug_frame   0x00002830      0x130 CMakeFiles/Code_2.elf.dir/Drivers/STM32G0xx_HAL_Driver/Src/stm32g0xx_hal_usart_ex.c.obj
 .debug_frame   0x00002960       0xbc CMakeFiles/Code_2.elf.dir/Src/RingLight.c.obj
 .debug_frame   0x00002a1c       0xdc CMakeFiles/Code_2.elf.dir/Src/RingLight/ring_light_controller.c.obj
 .debug_frame   0x00002af8       0x58 CMakeFiles/Code_2.elf.dir/Src/debug_assert/debug_assert.c.obj
 .debug_frame   0x00002b50       0x58 CMakeFiles/Code_2.elf.dir/Src/i2c_controller/i2c_controller.c.obj
 .debug_frame   0x00002ba8       0xac CMakeFiles/Code_2.elf.dir/Src/i2c_controller/i2c_gyroscope_lsm6.c.obj
 .debug_frame   0x00002c54      0x12c CMakeFiles/Code_2.elf.dir/Src/main.c.obj
 .debug_frame   0x00002d80       0xf4 CMakeFiles/Code_2.elf.dir/Src/stm32g0xx_hal_msp.c.obj
 .debug_frame   0x00002e74       0x80 CMakeFiles/Code_2.elf.dir/Src/stm32g0xx_it.c.obj
 .debug_frame   0x00002ef4       0x38 CMakeFiles/Code_2.elf.dir/Src/system_stm32g0xx.c.obj
 .debug_frame   0x00002f2c       0x20 c:/progra~2/gnuarm~1/92020-~1/bin/../lib/gcc/arm-none-eabi/9.3.1/thumb/v6-m/nofp\libgcc.a(_udivsi3.o)
 .debug_frame   0x00002f4c       0x20 c:/progra~2/gnuarm~1/92020-~1/bin/../lib/gcc/arm-none-eabi/9.3.1/thumb/v6-m/nofp\libgcc.a(_divsi3.o)
 .debug_frame   0x00002f6c       0x2c c:/progra~2/gnuarm~1/92020-~1/bin/../lib/gcc/arm-none-eabi/9.3.1/../../../../arm-none-eabi/lib/thumb/v6-m/nofp\libg.a(lib_a-init.o)
 .debug_frame   0x00002f98       0x34 c:/progra~2/gnuarm~1/92020-~1/bin/../lib/gcc/arm-none-eabi/9.3.1/../../../../arm-none-eabi/lib/thumb/v6-m/nofp\libg.a(lib_a-memcpy-stub.o)
 .debug_frame   0x00002fcc       0x30 c:/progra~2/gnuarm~1/92020-~1/bin/../lib/gcc/arm-none-eabi/9.3.1/../../../../arm-none-eabi/lib/thumb/v6-m/nofp\libg.a(lib_a-memset.o)
 .debug_frame   0x00002ffc       0x54 c:/progra~2/gnuarm~1/92020-~1/bin/../lib/gcc/arm-none-eabi/9.3.1/../../../../arm-none-eabi/lib/thumb/v6-m/nofp\libg.a(lib_a-__call_atexit.o)
 .debug_frame   0x00003050       0x28 c:/progra~2/gnuarm~1/92020-~1/bin/../lib/gcc/arm-none-eabi/9.3.1/../../../../arm-none-eabi/lib/thumb/v6-m/nofp\libg.a(lib_a-atexit.o)
 .debug_frame   0x00003078       0x2c c:/progra~2/gnuarm~1/92020-~1/bin/../lib/gcc/arm-none-eabi/9.3.1/../../../../arm-none-eabi/lib/thumb/v6-m/nofp\libg.a(lib_a-fini.o)
 .debug_frame   0x000030a4       0xb0 c:/progra~2/gnuarm~1/92020-~1/bin/../lib/gcc/arm-none-eabi/9.3.1/../../../../arm-none-eabi/lib/thumb/v6-m/nofp\libg.a(lib_a-lock.o)
 .debug_frame   0x00003154       0x3c c:/progra~2/gnuarm~1/92020-~1/bin/../lib/gcc/arm-none-eabi/9.3.1/../../../../arm-none-eabi/lib/thumb/v6-m/nofp\libg.a(lib_a-__atexit.o)
