Archive member included to satisfy reference by file (symbol)

c:/progra~2/gnuarm~1/92020-~1/bin/../lib/gcc/arm-none-eabi/9.3.1/thumb/v6-m/nofp\libgcc.a(_udivsi3.o)
                              CMakeFiles/Code_2.elf.dir/Drivers/STM32G0xx_HAL_Driver/Src/stm32g0xx_hal.c.obj (__aeabi_uidiv)
c:/progra~2/gnuarm~1/92020-~1/bin/../lib/gcc/arm-none-eabi/9.3.1/thumb/v6-m/nofp\libgcc.a(_divsi3.o)
                              CMakeFiles/Code_2.elf.dir/Drivers/STM32G0xx_HAL_Driver/Src/stm32g0xx_hal_usart_ex.c.obj (__aeabi_idiv)
c:/progra~2/gnuarm~1/92020-~1/bin/../lib/gcc/arm-none-eabi/9.3.1/thumb/v6-m/nofp\libgcc.a(_dvmd_tls.o)
                              c:/progra~2/gnuarm~1/92020-~1/bin/../lib/gcc/arm-none-eabi/9.3.1/thumb/v6-m/nofp\libgcc.a(_udivsi3.o) (__aeabi_idiv0)
c:/progra~2/gnuarm~1/92020-~1/bin/../lib/gcc/arm-none-eabi/9.3.1/thumb/v6-m/nofp\libgcc.a(_arm_cmpsf2.o)
                              CMakeFiles/Code_2.elf.dir/Src/main.c.obj (__aeabi_fcmplt)
c:/progra~2/gnuarm~1/92020-~1/bin/../lib/gcc/arm-none-eabi/9.3.1/thumb/v6-m/nofp\libgcc.a(addsf3.o)
                              CMakeFiles/Code_2.elf.dir/Src/main.c.obj (__aeabi_fadd)
c:/progra~2/gnuarm~1/92020-~1/bin/../lib/gcc/arm-none-eabi/9.3.1/thumb/v6-m/nofp\libgcc.a(divsf3.o)
                              CMakeFiles/Code_2.elf.dir/Src/main.c.obj (__aeabi_fdiv)
c:/progra~2/gnuarm~1/92020-~1/bin/../lib/gcc/arm-none-eabi/9.3.1/thumb/v6-m/nofp\libgcc.a(eqsf2.o)
                              c:/progra~2/gnuarm~1/92020-~1/bin/../lib/gcc/arm-none-eabi/9.3.1/thumb/v6-m/nofp\libgcc.a(_arm_cmpsf2.o) (__eqsf2)
c:/progra~2/gnuarm~1/92020-~1/bin/../lib/gcc/arm-none-eabi/9.3.1/thumb/v6-m/nofp\libgcc.a(gesf2.o)
                              c:/progra~2/gnuarm~1/92020-~1/bin/../lib/gcc/arm-none-eabi/9.3.1/thumb/v6-m/nofp\libgcc.a(_arm_cmpsf2.o) (__gesf2)
c:/progra~2/gnuarm~1/92020-~1/bin/../lib/gcc/arm-none-eabi/9.3.1/thumb/v6-m/nofp\libgcc.a(lesf2.o)
                              c:/progra~2/gnuarm~1/92020-~1/bin/../lib/gcc/arm-none-eabi/9.3.1/thumb/v6-m/nofp\libgcc.a(_arm_cmpsf2.o) (__lesf2)
c:/progra~2/gnuarm~1/92020-~1/bin/../lib/gcc/arm-none-eabi/9.3.1/thumb/v6-m/nofp\libgcc.a(floatsisf.o)
                              CMakeFiles/Code_2.elf.dir/Src/main.c.obj (__aeabi_i2f)
c:/progra~2/gnuarm~1/92020-~1/bin/../lib/gcc/arm-none-eabi/9.3.1/thumb/v6-m/nofp\libgcc.a(adddf3.o)
                              CMakeFiles/Code_2.elf.dir/Src/main.c.obj (__aeabi_dadd)
c:/progra~2/gnuarm~1/92020-~1/bin/../lib/gcc/arm-none-eabi/9.3.1/thumb/v6-m/nofp\libgcc.a(divdf3.o)
                              CMakeFiles/Code_2.elf.dir/Src/main.c.obj (__aeabi_ddiv)
c:/progra~2/gnuarm~1/92020-~1/bin/../lib/gcc/arm-none-eabi/9.3.1/thumb/v6-m/nofp\libgcc.a(muldf3.o)
                              CMakeFiles/Code_2.elf.dir/Src/main.c.obj (__aeabi_dmul)
c:/progra~2/gnuarm~1/92020-~1/bin/../lib/gcc/arm-none-eabi/9.3.1/thumb/v6-m/nofp\libgcc.a(fixdfsi.o)
                              CMakeFiles/Code_2.elf.dir/Src/main.c.obj (__aeabi_d2iz)
c:/progra~2/gnuarm~1/92020-~1/bin/../lib/gcc/arm-none-eabi/9.3.1/thumb/v6-m/nofp\libgcc.a(floatsidf.o)
                              CMakeFiles/Code_2.elf.dir/Src/main.c.obj (__aeabi_i2d)
c:/progra~2/gnuarm~1/92020-~1/bin/../lib/gcc/arm-none-eabi/9.3.1/thumb/v6-m/nofp\libgcc.a(extendsfdf2.o)
                              CMakeFiles/Code_2.elf.dir/Src/main.c.obj (__aeabi_f2d)
c:/progra~2/gnuarm~1/92020-~1/bin/../lib/gcc/arm-none-eabi/9.3.1/thumb/v6-m/nofp\libgcc.a(truncdfsf2.o)
                              CMakeFiles/Code_2.elf.dir/Src/main.c.obj (__aeabi_d2f)
c:/progra~2/gnuarm~1/92020-~1/bin/../lib/gcc/arm-none-eabi/9.3.1/thumb/v6-m/nofp\libgcc.a(_clzsi2.o)
                              c:/progra~2/gnuarm~1/92020-~1/bin/../lib/gcc/arm-none-eabi/9.3.1/thumb/v6-m/nofp\libgcc.a(addsf3.o) (__clzsi2)
c:/progra~2/gnuarm~1/92020-~1/bin/../lib/gcc/arm-none-eabi/9.3.1/../../../../arm-none-eabi/lib/thumb/v6-m/nofp\libg.a(lib_a-errno.o)
                              CMakeFiles/Code_2.elf.dir/Src/syscalls.c.obj (__errno)
c:/progra~2/gnuarm~1/92020-~1/bin/../lib/gcc/arm-none-eabi/9.3.1/../../../../arm-none-eabi/lib/thumb/v6-m/nofp\libg.a(lib_a-exit.o)
                              c:/progra~2/gnuarm~1/92020-~1/bin/../lib/gcc/arm-none-eabi/9.3.1/../../../../arm-none-eabi/lib/thumb/v6-m/nofp/crt0.o (exit)
c:/progra~2/gnuarm~1/92020-~1/bin/../lib/gcc/arm-none-eabi/9.3.1/../../../../arm-none-eabi/lib/thumb/v6-m/nofp\libg.a(lib_a-impure.o)
                              c:/progra~2/gnuarm~1/92020-~1/bin/../lib/gcc/arm-none-eabi/9.3.1/../../../../arm-none-eabi/lib/thumb/v6-m/nofp\libg.a(lib_a-exit.o) (_global_impure_ptr)
c:/progra~2/gnuarm~1/92020-~1/bin/../lib/gcc/arm-none-eabi/9.3.1/../../../../arm-none-eabi/lib/thumb/v6-m/nofp\libg.a(lib_a-init.o)
                              c:/progra~2/gnuarm~1/92020-~1/bin/../lib/gcc/arm-none-eabi/9.3.1/../../../../arm-none-eabi/lib/thumb/v6-m/nofp/crt0.o (__libc_init_array)
[...]
Memory Configuration

Name             Origin             Length             Attributes
RAM              0x20000000         0x00009000         xrw
FLASH            0x08000000         0x00020000         xr
*default*        0x00000000         0xffffffff

Linker script and memory map

LOAD c:/progra~2/gnuarm~1/92020-~1/bin/../lib/gcc/arm-none-eabi/9.3.1/thumb/v6-m/nofp/crti.o
LOAD c:/progra~2/gnuarm~1/92020-~1/bin/../lib/gcc/arm-none-eabi/9.3.1/thumb/v6-m/nofp/crtbegin.o
LOAD c:/progra~2/gnuarm~1/92020-~1/bin/../lib/gcc/arm-none-eabi/9.3.1/../../../../arm-none-eabi/lib/thumb/v6-m/nofp/crt0.o
LOAD CMakeFiles/Code_2.elf.dir/Drivers/STM32G0xx_HAL_Driver/Src/stm32g0xx_hal.c.obj
LOAD CMakeFiles/Code_2.elf.dir/Drivers/STM32G0xx_HAL_Driver/Src/stm32g0xx_hal_cortex.c.obj
LOAD CMakeFiles/Code_2.elf.dir/Drivers/STM32G0xx_HAL_Driver/Src/stm32g0xx_hal_dma.c.obj
LOAD CMakeFiles/Code_2.elf.dir/Drivers/STM32G0xx_HAL_Driver/Src/stm32g0xx_hal_dma_ex.c.obj
LOAD CMakeFiles/Code_2.elf.dir/Drivers/STM32G0xx_HAL_Driver/Src/stm32g0xx_hal_exti.c.obj
LOAD CMakeFiles/Code_2.elf.dir/Drivers/STM32G0xx_HAL_Driver/Src/stm32g0xx_hal_flash.c.obj
LOAD CMakeFiles/Code_2.elf.dir/Drivers/STM32G0xx_HAL_Driver/Src/stm32g0xx_hal_flash_ex.c.obj
LOAD CMakeFiles/Code_2.elf.dir/Drivers/STM32G0xx_HAL_Driver/Src/stm32g0xx_hal_gpio.c.obj
LOAD CMakeFiles/Code_2.elf.dir/Drivers/STM32G0xx_HAL_Driver/Src/stm32g0xx_hal_i2c.c.obj
LOAD CMakeFiles/Code_2.elf.dir/Drivers/STM32G0xx_HAL_Driver/Src/stm32g0xx_hal_i2c_ex.c.obj
LOAD CMakeFiles/Code_2.elf.dir/Drivers/STM32G0xx_HAL_Driver/Src/stm32g0xx_hal_pwr.c.obj
LOAD CMakeFiles/Code_2.elf.dir/Drivers/STM32G0xx_HAL_Driver/Src/stm32g0xx_hal_pwr_ex.c.obj
LOAD CMakeFiles/Code_2.elf.dir/Drivers/STM32G0xx_HAL_Driver/Src/stm32g0xx_hal_rcc.c.obj
LOAD CMakeFiles/Code_2.elf.dir/Drivers/STM32G0xx_HAL_Driver/Src/stm32g0xx_hal_rcc_ex.c.obj
LOAD CMakeFiles/Code_2.elf.dir/Drivers/STM32G0xx_HAL_Driver/Src/stm32g0xx_hal_spi.c.obj
LOAD CMakeFiles/Code_2.elf.dir/Drivers/STM32G0xx_HAL_Driver/Src/stm32g0xx_hal_spi_ex.c.obj
LOAD CMakeFiles/Code_2.elf.dir/Drivers/STM32G0xx_HAL_Driver/Src/stm32g0xx_hal_tim.c.obj
LOAD CMakeFiles/Code_2.elf.dir/Drivers/STM32G0xx_HAL_Driver/Src/stm32g0xx_hal_tim_ex.c.obj
LOAD CMakeFiles/Code_2.elf.dir/Drivers/STM32G0xx_HAL_Driver/Src/stm32g0xx_hal_usart.c.obj
LOAD CMakeFiles/Code_2.elf.dir/Drivers/STM32G0xx_HAL_Driver/Src/stm32g0xx_hal_usart_ex.c.obj
LOAD CMakeFiles/Code_2.elf.dir/Drivers/STM32G0xx_HAL_Driver/Src/stm32g0xx_ll_dma.c.obj
LOAD CMakeFiles/Code_2.elf.dir/Drivers/STM32G0xx_HAL_Driver/Src/stm32g0xx_ll_rcc.c.obj
LOAD CMakeFiles/Code_2.elf.dir/Src/Display/fonts.c.obj
LOAD CMakeFiles/Code_2.elf.dir/Src/Display/ssd1306.c.obj
LOAD CMakeFiles/Code_2.elf.dir/Src/Orientation/orientation.c.obj
LOAD CMakeFiles/Code_2.elf.dir/Src/RingLight.c.obj
LOAD CMakeFiles/Code_2.elf.dir/Src/RingLight/ring_light_bar.c.obj
LOAD CMakeFiles/Code_2.elf.dir/Src/RingLight/ring_light_controller.c.obj
LOAD CMakeFiles/Code_2.elf.dir/Src/debug_assert/debug_assert.c.obj
LOAD CMakeFiles/Code_2.elf.dir/Src/i2c_controller/i2c_controller.c.obj
LOAD CMakeFiles/Code_2.elf.dir/Src/i2c_controller/i2c_display.c.obj
LOAD CMakeFiles/Code_2.elf.dir/Src/i2c_controller/i2c_gyroscope_lsm6.c.obj
LOAD CMakeFiles/Code_2.elf.dir/Src/i2c_controller/i2c_magnometer.c.obj
LOAD CMakeFiles/Code_2.elf.dir/Src/main.c.obj
LOAD CMakeFiles/Code_2.elf.dir/Src/stm32g0xx_hal_msp.c.obj
LOAD CMakeFiles/Code_2.elf.dir/Src/stm32g0xx_it.c.obj
LOAD CMakeFiles/Code_2.elf.dir/Src/syscalls.c.obj
LOAD CMakeFiles/Code_2.elf.dir/Src/sysmem.c.obj
LOAD CMakeFiles/Code_2.elf.dir/Src/system_stm32g0xx.c.obj
LOAD CMakeFiles/Code_2.elf.dir/Startup/startup_stm32g070kbtx.s.obj
START GROUP
LOAD c:/progra~2/gnuarm~1/92020-~1/bin/../lib/gcc/arm-none-eabi/9.3.1/thumb/v6-m/nofp\libgcc.a
LOAD c:/progra~2/gnuarm~1/92020-~1/bin/../lib/gcc/arm-none-eabi/9.3.1/../../../../arm-none-eabi/lib/thumb/v6-m/nofp\libg.a
LOAD c:/progra~2/gnuarm~1/92020-~1/bin/../lib/gcc/arm-none-eabi/9.3.1/../../../../arm-none-eabi/lib/thumb/v6-m/nofp\libc.a
END GROUP
LOAD c:/progra~2/gnuarm~1/92020-~1/bin/../lib/gcc/arm-none-eabi/9.3.1/thumb/v6-m/nofp/crtend.o
LOAD c:/progra~2/gnuarm~1/92020-~1/bin/../lib/gcc/arm-none-eabi/9.3.1/thumb/v6-m/nofp/crtn.o
                0x20009000                _estack = (ORIGIN (RAM) + LENGTH (RAM))
                0x00000200                _Min_Heap_Size = 0x200
                0x00000400                _Min_Stack_Size = 0x400

.isr_vector     0x08000000       0xb8
                0x08000000                . = ALIGN (0x4)
 *(.isr_vector)
 .isr_vector    0x08000000       0xb8 CMakeFiles/Code_2.elf.dir/Startup/startup_stm32g070kbtx.s.obj
                0x08000000                g_pfnVectors
                0x080000b8                . = ALIGN (0x4)

.text           0x080000b8     0xcd84
                0x080000b8                . = ALIGN (0x4)
 *(.text)
 .text          0x080000b8       0x48 c:/progra~2/gnuarm~1/92020-~1/bin/../lib/gcc/arm-none-eabi/9.3.1/thumb/v6-m/nofp/crtbegin.o
 .text          0x08000100      0x114 c:/progra~2/gnuarm~1/92020-~1/bin/../lib/gcc/arm-none-eabi/9.3.1/thumb/v6-m/nofp\libgcc.a(_udivsi3.o)
                0x08000100                __aeabi_uidiv
                0x08000100                __udivsi3
                0x0800020c                __aeabi_uidivmod
 .text          0x08000214      0x1d4 c:/progra~2/gnuarm~1/92020-~1/bin/../lib/gcc/arm-none-eabi/9.3.1/thumb/v6-m/nofp\libgcc.a(_divsi3.o)
                0x08000214                __divsi3
                0x08000214                __aeabi_idiv
                0x080003e0                __aeabi_idivmod
 .text          0x080003e8        0x4 c:/progra~2/gnuarm~1/92020-~1/bin/../lib/gcc/arm-none-eabi/9.3.1/thumb/v6-m/nofp\libgcc.a(_dvmd_tls.o)
                0x080003e8                __aeabi_idiv0
                0x080003e8                __aeabi_ldiv0
 .text          0x080003ec       0x74 c:/progra~2/gnuarm~1/92020-~1/bin/../lib/gcc/arm-none-eabi/9.3.1/thumb/v6-m/nofp\libgcc.a(_arm_cmpsf2.o)
                0x080003ec                __aeabi_cfrcmple
                0x080003f4                __aeabi_cfcmpeq
                0x080003f4                __aeabi_cfcmple
                0x08000404                __aeabi_fcmpeq
                0x08000410                __aeabi_fcmplt
                0x08000424                __aeabi_fcmple
                0x08000438                __aeabi_fcmpgt
                0x0800044c                __aeabi_fcmpge
 .text          0x08000460      0x338 c:/progra~2/gnuarm~1/92020-~1/bin/../lib/gcc/arm-none-eabi/9.3.1/thumb/v6-m/nofp\libgcc.a(addsf3.o)
                0x08000460                __aeabi_fadd
 .text          0x08000798      0x218 c:/progra~2/gnuarm~1/92020-~1/bin/../lib/gcc/arm-none-eabi/9.3.1/thumb/v6-m/nofp\libgcc.a(divsf3.o)
                0x08000798                __aeabi_fdiv
 .text          0x080009b0       0x50 c:/progra~2/gnuarm~1/92020-~1/bin/../lib/gcc/arm-none-eabi/9.3.1/thumb/v6-m/nofp\libgcc.a(eqsf2.o)
                0x080009b0                __eqsf2
                0x080009b0                __nesf2
 .text          0x08000a00       0x98 c:/progra~2/gnuarm~1/92020-~1/bin/../lib/gcc/arm-none-eabi/9.3.1/thumb/v6-m/nofp\libgcc.a(gesf2.o)
                0x08000a00                __gesf2
                0x08000a00                __gtsf2
 .text          0x08000a98       0x94 c:/progra~2/gnuarm~1/92020-~1/bin/../lib/gcc/arm-none-eabi/9.3.1/thumb/v6-m/nofp\libgcc.a(lesf2.o)
                0x08000a98                __ltsf2
                0x08000a98                __lesf2
 .text          0x08000b2c       0x8c c:/progra~2/gnuarm~1/92020-~1/bin/../lib/gcc/arm-none-eabi/9.3.1/thumb/v6-m/nofp\libgcc.a(floatsisf.o)
                0x08000b2c                __aeabi_i2f
 .text          0x08000bb8      0x6d4 c:/progra~2/gnuarm~1/92020-~1/bin/../lib/gcc/arm-none-eabi/9.3.1/thumb/v6-m/nofp\libgcc.a(adddf3.o)
                0x08000bb8                __aeabi_dadd
 .text          0x0800128c      0x5d0 c:/progra~2/gnuarm~1/92020-~1/bin/../lib/gcc/arm-none-eabi/9.3.1/thumb/v6-m/nofp\libgcc.a(divdf3.o)
                0x0800128c                __aeabi_ddiv
 .text          0x0800185c      0x4d8 c:/progra~2/gnuarm~1/92020-~1/bin/../lib/gcc/arm-none-eabi/9.3.1/thumb/v6-m/nofp\libgcc.a(muldf3.o)
                0x0800185c                __aeabi_dmul
 .text          0x08001d34       0x6c c:/progra~2/gnuarm~1/92020-~1/bin/../lib/gcc/arm-none-eabi/9.3.1/thumb/v6-m/nofp\libgcc.a(fixdfsi.o)
                0x08001d34                __aeabi_d2iz
 .text          0x08001da0       0x60 c:/progra~2/gnuarm~1/92020-~1/bin/../lib/gcc/arm-none-eabi/9.3.1/thumb/v6-m/nofp\libgcc.a(floatsidf.o)
                0x08001da0                __aeabi_i2d
 .text          0x08001e00       0x90 c:/progra~2/gnuarm~1/92020-~1/bin/../lib/gcc/arm-none-eabi/9.3.1/thumb/v6-m/nofp\libgcc.a(extendsfdf2.o)
                0x08001e00                __aeabi_f2d
 .text          0x08001e90      0x110 c:/progra~2/gnuarm~1/92020-~1/bin/../lib/gcc/arm-none-eabi/9.3.1/thumb/v6-m/nofp\libgcc.a(truncdfsf2.o)
                0x08001e90                __aeabi_d2f
 .text          0x08001fa0       0x3c c:/progra~2/gnuarm~1/92020-~1/bin/../lib/gcc/arm-none-eabi/9.3.1/thumb/v6-m/nofp\libgcc.a(_clzsi2.o)
                0x08001fa0                __clzsi2
 .text          0x08001fdc       0x7c c:/progra~2/gnuarm~1/92020-~1/bin/../lib/gcc/arm-none-eabi/9.3.1/thumb/v6-m/nofp\libgcc.a(_arm_cmpdf2.o)
                0x08001fdc                __aeabi_cdrcmple
                0x08001fec                __aeabi_cdcmple
                0x08001fec                __aeabi_cdcmpeq
                0x08001ffc                __aeabi_dcmpeq
                0x08002008                __aeabi_dcmplt
                0x0800201c                __aeabi_dcmple
                0x08002030                __aeabi_dcmpgt
                0x08002044                __aeabi_dcmpge
 .text          0x08002058       0x40 c:/progra~2/gnuarm~1/92020-~1/bin/../lib/gcc/arm-none-eabi/9.3.1/thumb/v6-m/nofp\libgcc.a(_aeabi_uldivmod.o)
                0x08002058                __aeabi_uldivmod
 .text          0x08002098      0x198 c:/progra~2/gnuarm~1/92020-~1/bin/../lib/gcc/arm-none-eabi/9.3.1/thumb/v6-m/nofp\libgcc.a(_udivmoddi4.o)
                0x08002098                __udivmoddi4
 .text          0x08002230       0x78 c:/progra~2/gnuarm~1/92020-~1/bin/../lib/gcc/arm-none-eabi/9.3.1/thumb/v6-m/nofp\libgcc.a(eqdf2.o)
                0x08002230                __nedf2
                0x08002230                __eqdf2
 .text          0x080022a8       0xe4 c:/progra~2/gnuarm~1/92020-~1/bin/../lib/gcc/arm-none-eabi/9.3.1/thumb/v6-m/nofp\libgcc.a(gedf2.o)
                0x080022a8                __gedf2
                0x080022a8                __gtdf2
 .text          0x0800238c       0xe0 c:/progra~2/gnuarm~1/92020-~1/bin/../lib/gcc/arm-none-eabi/9.3.1/thumb/v6-m/nofp\libgcc.a(ledf2.o)
                0x0800238c                __ledf2
                0x0800238c                __ltdf2
 .text          0x0800246c      0x724 c:/progra~2/gnuarm~1/92020-~1/bin/../lib/gcc/arm-none-eabi/9.3.1/thumb/v6-m/nofp\libgcc.a(subdf3.o)
                0x0800246c                __aeabi_dsub
 .text          0x08002b90       0x3c c:/progra~2/gnuarm~1/92020-~1/bin/../lib/gcc/arm-none-eabi/9.3.1/thumb/v6-m/nofp\libgcc.a(unorddf2.o)
                0x08002b90                __aeabi_dcmpun
 .text          0x08002bcc       0x4c c:/progra~2/gnuarm~1/92020-~1/bin/../lib/gcc/arm-none-eabi/9.3.1/thumb/v6-m/nofp\libgcc.a(floatunsidf.o)
                0x08002bcc                __aeabi_ui2d
 .text          0x08002c18       0x18 c:/progra~2/gnuarm~1/92020-~1/bin/../lib/gcc/arm-none-eabi/9.3.1/thumb/v6-m/nofp\libgcc.a(_clzdi2.o)
                0x08002c18                __clzdi2
 *(.text*)
 .text.HAL_InitTick
                0x08002c30       0x58 CMakeFiles/Code_2.elf.dir/Drivers/STM32G0xx_HAL_Driver/Src/stm32g0xx_hal.c.obj
                0x08002c30                HAL_InitTick
 .text.HAL_Init
                0x08002c88       0x28 CMakeFiles/Code_2.elf.dir/Drivers/STM32G0xx_HAL_Driver/Src/stm32g0xx_hal.c.obj
                0x08002c88                HAL_Init
 .text.HAL_IncTick
                0x08002cb0       0x18 CMakeFiles/Code_2.elf.dir/Drivers/STM32G0xx_HAL_Driver/Src/stm32g0xx_hal.c.obj
                0x08002cb0                HAL_IncTick
 .text.HAL_GetTick
                0x08002cc8        0xc CMakeFiles/Code_2.elf.dir/Drivers/STM32G0xx_HAL_Driver/Src/stm32g0xx_hal.c.obj
                0x08002cc8                HAL_GetTick
 .text.HAL_Delay
                0x08002cd4       0x24 CMakeFiles/Code_2.elf.dir/Drivers/STM32G0xx_HAL_Driver/Src/stm32g0xx_hal.c.obj
                0x08002cd4                HAL_Delay
 .text.HAL_SYSCFG_StrobeDBattpinsConfig
                0x08002cf8       0x18 CMakeFiles/Code_2.elf.dir/Drivers/STM32G0xx_HAL_Driver/Src/stm32g0xx_hal.c.obj
                0x08002cf8                HAL_SYSCFG_StrobeDBattpinsConfig
 .text.HAL_NVIC_SetPriority
                0x08002d10       0x60 CMakeFiles/Code_2.elf.dir/Drivers/STM32G0xx_HAL_Driver/Src/stm32g0xx_hal_cortex.c.obj
                0x08002d10                HAL_NVIC_SetPriority
 .text.HAL_NVIC_EnableIRQ
                0x08002d70       0x18 CMakeFiles/Code_2.elf.dir/Drivers/STM32G0xx_HAL_Driver/Src/stm32g0xx_hal_cortex.c.obj
                0x08002d70                HAL_NVIC_EnableIRQ
 .text.HAL_SYSTICK_Config
                0x08002d88       0x38 CMakeFiles/Code_2.elf.dir/Drivers/STM32G0xx_HAL_Driver/Src/stm32g0xx_hal_cortex.c.obj
                0x08002d88                HAL_SYSTICK_Config
 .text.HAL_GPIO_Init
                0x08002dc0      0x194 CMakeFiles/Code_2.elf.dir/Drivers/STM32G0xx_HAL_Driver/Src/stm32g0xx_hal_gpio.c.obj
                0x08002dc0                HAL_GPIO_Init
 .text.HAL_GPIO_WritePin
                0x08002f54        0xc CMakeFiles/Code_2.elf.dir/Drivers/STM32G0xx_HAL_Driver/Src/stm32g0xx_hal_gpio.c.obj
                0x08002f54                HAL_GPIO_WritePin
 .text.HAL_GPIO_TogglePin
                0x08002f60        0xe CMakeFiles/Code_2.elf.dir/Drivers/STM32G0xx_HAL_Driver/Src/stm32g0xx_hal_gpio.c.obj
                0x08002f60                HAL_GPIO_TogglePin
 .text.I2C_Flush_TXDR
                0x08002f6e       0x1e CMakeFiles/Code_2.elf.dir/Drivers/STM32G0xx_HAL_Driver/Src/stm32g0xx_hal_i2c.c.obj
 .text.I2C_TransferConfig
                0x08002f8c       0x2c CMakeFiles/Code_2.elf.dir/Drivers/STM32G0xx_HAL_Driver/Src/stm32g0xx_hal_i2c.c.obj
 .text.I2C_IsAcknowledgeFailed
                0x08002fb8       0x80 CMakeFiles/Code_2.elf.dir/Drivers/STM32G0xx_HAL_Driver/Src/stm32g0xx_hal_i2c.c.obj
 .text.I2C_WaitOnTXISFlagUntilTimeout
                0x08003038       0x52 CMakeFiles/Code_2.elf.dir/Drivers/STM32G0xx_HAL_Driver/Src/stm32g0xx_hal_i2c.c.obj
 .text.I2C_WaitOnFlagUntilTimeout
                0x0800308a       0x54 CMakeFiles/Code_2.elf.dir/Drivers/STM32G0xx_HAL_Driver/Src/stm32g0xx_hal_i2c.c.obj
 *fill*         0x080030de        0x2 
 .text.I2C_RequestMemoryWrite
                0x080030e0       0x78 CMakeFiles/Code_2.elf.dir/Drivers/STM32G0xx_HAL_Driver/Src/stm32g0xx_hal_i2c.c.obj
 .text.I2C_WaitOnSTOPFlagUntilTimeout
                0x08003158       0x4e CMakeFiles/Code_2.elf.dir/Drivers/STM32G0xx_HAL_Driver/Src/stm32g0xx_hal_i2c.c.obj
 *fill*         0x080031a6        0x2 
 .text.I2C_WaitOnRXNEFlagUntilTimeout
                0x080031a8       0x84 CMakeFiles/Code_2.elf.dir/Drivers/STM32G0xx_HAL_Driver/Src/stm32g0xx_hal_i2c.c.obj
 .text.HAL_I2C_Init
                0x0800322c       0xcc CMakeFiles/Code_2.elf.dir/Drivers/STM32G0xx_HAL_Driver/Src/stm32g0xx_hal_i2c.c.obj
                0x0800322c                HAL_I2C_Init
 .text.HAL_I2C_Master_Transmit
                0x080032f8      0x174 CMakeFiles/Code_2.elf.dir/Drivers/STM32G0xx_HAL_Driver/Src/stm32g0xx_hal_i2c.c.obj
                0x080032f8                HAL_I2C_Master_Transmit
 .text.HAL_I2C_Master_Receive
                0x0800346c      0x174 CMakeFiles/Code_2.elf.dir/Drivers/STM32G0xx_HAL_Driver/Src/stm32g0xx_hal_i2c.c.obj
                0x0800346c                HAL_I2C_Master_Receive
 .text.HAL_I2C_Mem_Write
                0x080035e0      0x1a0 CMakeFiles/Code_2.elf.dir/Drivers/STM32G0xx_HAL_Driver/Src/stm32g0xx_hal_i2c.c.obj
                0x080035e0                HAL_I2C_Mem_Write
 .text.HAL_I2CEx_ConfigAnalogFilter
                0x08003780       0x58 CMakeFiles/Code_2.elf.dir/Drivers/STM32G0xx_HAL_Driver/Src/stm32g0xx_hal_i2c_ex.c.obj
                0x08003780                HAL_I2CEx_ConfigAnalogFilter
 .text.HAL_I2CEx_ConfigDigitalFilter
                0x080037d8       0x54 CMakeFiles/Code_2.elf.dir/Drivers/STM32G0xx_HAL_Driver/Src/stm32g0xx_hal_i2c_ex.c.obj
                0x080037d8                HAL_I2CEx_ConfigDigitalFilter
 .text.HAL_PWREx_ControlVoltageScaling
                0x0800382c       0x54 CMakeFiles/Code_2.elf.dir/Drivers/STM32G0xx_HAL_Driver/Src/stm32g0xx_hal_pwr_ex.c.obj
                0x0800382c                HAL_PWREx_ControlVoltageScaling
 .text.HAL_RCC_OscConfig
                0x08003880      0x4ac CMakeFiles/Code_2.elf.dir/Drivers/STM32G0xx_HAL_Driver/Src/stm32g0xx_hal_rcc.c.obj
                0x08003880                HAL_RCC_OscConfig
 .text.HAL_RCC_GetSysClockFreq
                0x08003d2c       0xb8 CMakeFiles/Code_2.elf.dir/Drivers/STM32G0xx_HAL_Driver/Src/stm32g0xx_hal_rcc.c.obj
                0x08003d2c                HAL_RCC_GetSysClockFreq
 .text.HAL_RCC_ClockConfig
                0x08003de4      0x18c CMakeFiles/Code_2.elf.dir/Drivers/STM32G0xx_HAL_Driver/Src/stm32g0xx_hal_rcc.c.obj
                0x08003de4                HAL_RCC_ClockConfig
 .text.HAL_RCC_GetHCLKFreq
                0x08003f70        0xc CMakeFiles/Code_2.elf.dir/Drivers/STM32G0xx_HAL_Driver/Src/stm32g0xx_hal_rcc.c.obj
                0x08003f70                HAL_RCC_GetHCLKFreq
 .text.HAL_RCC_GetPCLK1Freq
                0x08003f7c       0x28 CMakeFiles/Code_2.elf.dir/Drivers/STM32G0xx_HAL_Driver/Src/stm32g0xx_hal_rcc.c.obj
                0x08003f7c                HAL_RCC_GetPCLK1Freq
 .text.SPI_WaitFlagStateUntilTimeout
                0x08003fa4       0xa4 CMakeFiles/Code_2.elf.dir/Drivers/STM32G0xx_HAL_Driver/Src/stm32g0xx_hal_spi.c.obj
 .text.SPI_WaitFifoStateUntilTimeout
                0x08004048       0xc8 CMakeFiles/Code_2.elf.dir/Drivers/STM32G0xx_HAL_Driver/Src/stm32g0xx_hal_spi.c.obj
 .text.SPI_EndRxTxTransaction
                0x08004110       0x68 CMakeFiles/Code_2.elf.dir/Drivers/STM32G0xx_HAL_Driver/Src/stm32g0xx_hal_spi.c.obj
 .text.HAL_SPI_Init
                0x08004178       0xcc CMakeFiles/Code_2.elf.dir/Drivers/STM32G0xx_HAL_Driver/Src/stm32g0xx_hal_spi.c.obj
                0x08004178                HAL_SPI_Init
 .text.HAL_SPI_Transmit
                0x08004244      0x1ea CMakeFiles/Code_2.elf.dir/Drivers/STM32G0xx_HAL_Driver/Src/stm32g0xx_hal_spi.c.obj
                0x08004244                HAL_SPI_Transmit
 .text.TIM_TI1_ConfigInputStage
                0x0800442e       0x22 CMakeFiles/Code_2.elf.dir/Drivers/STM32G0xx_HAL_Driver/Src/stm32g0xx_hal_tim.c.obj
 .text.TIM_TI2_ConfigInputStage
                0x08004450       0x28 CMakeFiles/Code_2.elf.dir/Drivers/STM32G0xx_HAL_Driver/Src/stm32g0xx_hal_tim.c.obj
 .text.TIM_ITRx_SetConfig
                0x08004478       0x14 CMakeFiles/Code_2.elf.dir/Drivers/STM32G0xx_HAL_Driver/Src/stm32g0xx_hal_tim.c.obj
 .text.HAL_TIM_Base_Start_IT
                0x0800448c       0x2c CMakeFiles/Code_2.elf.dir/Drivers/STM32G0xx_HAL_Driver/Src/stm32g0xx_hal_tim.c.obj
                0x0800448c                HAL_TIM_Base_Start_IT
 .text.HAL_TIM_PeriodElapsedCallback
                0x080044b8        0x2 CMakeFiles/Code_2.elf.dir/Drivers/STM32G0xx_HAL_Driver/Src/stm32g0xx_hal_tim.c.obj
                0x080044b8                HAL_TIM_PeriodElapsedCallback
 .text.HAL_TIM_OC_DelayElapsedCallback
                0x080044ba        0x2 CMakeFiles/Code_2.elf.dir/Drivers/STM32G0xx_HAL_Driver/Src/stm32g0xx_hal_tim.c.obj
                0x080044ba                HAL_TIM_OC_DelayElapsedCallback
 .text.HAL_TIM_IC_CaptureCallback
                0x080044bc        0x2 CMakeFiles/Code_2.elf.dir/Drivers/STM32G0xx_HAL_Driver/Src/stm32g0xx_hal_tim.c.obj
                0x080044bc                HAL_TIM_IC_CaptureCallback
 .text.HAL_TIM_PWM_PulseFinishedCallback
                0x080044be        0x2 CMakeFiles/Code_2.elf.dir/Drivers/STM32G0xx_HAL_Driver/Src/stm32g0xx_hal_tim.c.obj
                0x080044be                HAL_TIM_PWM_PulseFinishedCallback
 .text.HAL_TIM_TriggerCallback
                0x080044c0        0x2 CMakeFiles/Code_2.elf.dir/Drivers/STM32G0xx_HAL_Driver/Src/stm32g0xx_hal_tim.c.obj
                0x080044c0                HAL_TIM_TriggerCallback
 *fill*         0x080044c2        0x2 
 .text.HAL_TIM_IRQHandler
                0x080044c4      0x178 CMakeFiles/Code_2.elf.dir/Drivers/STM32G0xx_HAL_Driver/Src/stm32g0xx_hal_tim.c.obj
                0x080044c4                HAL_TIM_IRQHandler
 .text.TIM_Base_SetConfig
                0x0800463c       0x94 CMakeFiles/Code_2.elf.dir/Drivers/STM32G0xx_HAL_Driver/Src/stm32g0xx_hal_tim.c.obj
                0x0800463c                TIM_Base_SetConfig
 .text.HAL_TIM_Base_Init
                0x080046d0       0x34 CMakeFiles/Code_2.elf.dir/Drivers/STM32G0xx_HAL_Driver/Src/stm32g0xx_hal_tim.c.obj
                0x080046d0                HAL_TIM_Base_Init
 .text.TIM_ETR_SetConfig
                0x08004704       0x18 CMakeFiles/Code_2.elf.dir/Drivers/STM32G0xx_HAL_Driver/Src/stm32g0xx_hal_tim.c.obj
                0x08004704                TIM_ETR_SetConfig
 .text.HAL_TIM_ConfigClockSource
                0x0800471c       0xe4 CMakeFiles/Code_2.elf.dir/Drivers/STM32G0xx_HAL_Driver/Src/stm32g0xx_hal_tim.c.obj
                0x0800471c                HAL_TIM_ConfigClockSource
 .text.HAL_TIMEx_MasterConfigSynchronization
                0x08004800       0x60 CMakeFiles/Code_2.elf.dir/Drivers/STM32G0xx_HAL_Driver/Src/stm32g0xx_hal_tim_ex.c.obj
                0x08004800                HAL_TIMEx_MasterConfigSynchronization
 .text.HAL_TIMEx_CommutCallback
                0x08004860        0x2 CMakeFiles/Code_2.elf.dir/Drivers/STM32G0xx_HAL_Driver/Src/stm32g0xx_hal_tim_ex.c.obj
                0x08004860                HAL_TIMEx_CommutCallback
 .text.HAL_TIMEx_BreakCallback
                0x08004862        0x2 CMakeFiles/Code_2.elf.dir/Drivers/STM32G0xx_HAL_Driver/Src/stm32g0xx_hal_tim_ex.c.obj
                0x08004862                HAL_TIMEx_BreakCallback
 .text.HAL_TIMEx_Break2Callback
                0x08004864        0x2 CMakeFiles/Code_2.elf.dir/Drivers/STM32G0xx_HAL_Driver/Src/stm32g0xx_hal_tim_ex.c.obj
                0x08004864                HAL_TIMEx_Break2Callback
 *fill*         0x08004866        0x2 
 .text.USART_SetConfig
                0x08004868      0x344 CMakeFiles/Code_2.elf.dir/Drivers/STM32G0xx_HAL_Driver/Src/stm32g0xx_hal_usart.c.obj
 .text.USART_WaitOnFlagUntilTimeout
                0x08004bac       0x56 CMakeFiles/Code_2.elf.dir/Drivers/STM32G0xx_HAL_Driver/Src/stm32g0xx_hal_usart.c.obj
 .text.USART_CheckIdleState
                0x08004c02       0x6a CMakeFiles/Code_2.elf.dir/Drivers/STM32G0xx_HAL_Driver/Src/stm32g0xx_hal_usart.c.obj
 .text.HAL_USART_Init
                0x08004c6c       0x64 CMakeFiles/Code_2.elf.dir/Drivers/STM32G0xx_HAL_Driver/Src/stm32g0xx_hal_usart.c.obj
                0x08004c6c                HAL_USART_Init
 .text.USARTEx_SetNbDataToProcess
                0x08004cd0       0x60 CMakeFiles/Code_2.elf.dir/Drivers/STM32G0xx_HAL_Driver/Src/stm32g0xx_hal_usart_ex.c.obj
 .text.HAL_USARTEx_DisableFifoMode
                0x08004d30       0x3c CMakeFiles/Code_2.elf.dir/Drivers/STM32G0xx_HAL_Driver/Src/stm32g0xx_hal_usart_ex.c.obj
                0x08004d30                HAL_USARTEx_DisableFifoMode
 .text.HAL_USARTEx_SetTxFifoThreshold
                0x08004d6c       0x52 CMakeFiles/Code_2.elf.dir/Drivers/STM32G0xx_HAL_Driver/Src/stm32g0xx_hal_usart_ex.c.obj
                0x08004d6c                HAL_USARTEx_SetTxFifoThreshold
 *fill*         0x08004dbe        0x2 
 .text.HAL_USARTEx_SetRxFifoThreshold
                0x08004dc0       0x58 CMakeFiles/Code_2.elf.dir/Drivers/STM32G0xx_HAL_Driver/Src/stm32g0xx_hal_usart_ex.c.obj
                0x08004dc0                HAL_USARTEx_SetRxFifoThreshold
 .text.ssd1306_WriteCommand
                0x08004e18       0x28 CMakeFiles/Code_2.elf.dir/Src/Display/ssd1306.c.obj
 .text.ssd1306_Fill
                0x08004e40       0x24 CMakeFiles/Code_2.elf.dir/Src/Display/ssd1306.c.obj
                0x08004e40                ssd1306_Fill
 .text.ssd1306_UpdateScreen
                0x08004e64       0x50 CMakeFiles/Code_2.elf.dir/Src/Display/ssd1306.c.obj
                0x08004e64                ssd1306_UpdateScreen
 .text.ssd1306_Init
                0x08004eb4       0xd0 CMakeFiles/Code_2.elf.dir/Src/Display/ssd1306.c.obj
                0x08004eb4                ssd1306_Init
 .text.ssd1306_DrawPixel
                0x08004f84       0x54 CMakeFiles/Code_2.elf.dir/Src/Display/ssd1306.c.obj
                0x08004f84                ssd1306_DrawPixel
 .text.ssd1306_WriteChar
                0x08004fd8       0xb4 CMakeFiles/Code_2.elf.dir/Src/Display/ssd1306.c.obj
                0x08004fd8                ssd1306_WriteChar
 .text.ssd1306_WriteString
                0x0800508c       0x2c CMakeFiles/Code_2.elf.dir/Src/Display/ssd1306.c.obj
                0x0800508c                ssd1306_WriteString
 .text.ssd1306_SetCursor
                0x080050b8        0xc CMakeFiles/Code_2.elf.dir/Src/Display/ssd1306.c.obj
                0x080050b8                ssd1306_SetCursor
 .text.increment_led_index
                0x080050c4       0x12 CMakeFiles/Code_2.elf.dir/Src/RingLight.c.obj
                0x080050c4                increment_led_index
 .text.int_to_led_index_type
                0x080050d6        0xa CMakeFiles/Code_2.elf.dir/Src/RingLight.c.obj
                0x080050d6                int_to_led_index_type
 .text.Set_Visual_Led_Intensity
                0x080050e0        0x6 CMakeFiles/Code_2.elf.dir/Src/RingLight.c.obj
                0x080050e0                Set_Visual_Led_Intensity
 .text.Add_Visual_Led_Intensity
                0x080050e6       0x1a CMakeFiles/Code_2.elf.dir/Src/RingLight.c.obj
                0x080050e6                Add_Visual_Led_Intensity
 .text.Led_Ring_Clear
                0x08005100       0x1a CMakeFiles/Code_2.elf.dir/Src/RingLight.c.obj
                0x08005100                Led_Ring_Clear
 .text.Init_Led_Ring_Type
                0x0800511a       0xc6 CMakeFiles/Code_2.elf.dir/Src/RingLight.c.obj
                0x0800511a                Init_Led_Ring_Type
 .text.Is_Serial_Led_On
                0x080051e0       0x16 CMakeFiles/Code_2.elf.dir/Src/RingLight.c.obj
                0x080051e0                Is_Serial_Led_On
 *fill*         0x080051f6        0x2 
 .text.ring_light_bar_add_gradiant
                0x080051f8       0x40 CMakeFiles/Code_2.elf.dir/Src/RingLight/ring_light_bar.c.obj
                0x080051f8                ring_light_bar_add_gradiant
 .text.init_ring_light_bar_gradiant
                0x08005238        0xc CMakeFiles/Code_2.elf.dir/Src/RingLight/ring_light_bar.c.obj
                0x08005238                init_ring_light_bar_gradiant
 .text.init_ring_light_bar_type
                0x08005244       0x34 CMakeFiles/Code_2.elf.dir/Src/RingLight/ring_light_bar.c.obj
                0x08005244                init_ring_light_bar_type
 .text.ring_pwm_off
                0x08005278       0x30 CMakeFiles/Code_2.elf.dir/Src/RingLight/ring_light_controller.c.obj
 .text.rasterize_to_buffer
                0x080052a8       0x74 CMakeFiles/Code_2.elf.dir/Src/RingLight/ring_light_controller.c.obj
 .text.ring_pwm_on
                0x0800531c       0x60 CMakeFiles/Code_2.elf.dir/Src/RingLight/ring_light_controller.c.obj
 .text.increment_gradiant
                0x0800537c       0x38 CMakeFiles/Code_2.elf.dir/Src/RingLight/ring_light_controller.c.obj
                0x0800537c                increment_gradiant
 .text.rasterize_led
                0x080053b4       0x8c CMakeFiles/Code_2.elf.dir/Src/RingLight/ring_light_controller.c.obj
                0x080053b4                rasterize_led
 .text.rasterize_bar
                0x08005440       0x20 CMakeFiles/Code_2.elf.dir/Src/RingLight/ring_light_controller.c.obj
                0x08005440                rasterize_bar
 .text.ring_light_controller_tim3_interrupt
                0x08005460       0x68 CMakeFiles/Code_2.elf.dir/Src/RingLight/ring_light_controller.c.obj
                0x08005460                ring_light_controller_tim3_interrupt
 .text.init_ring_light_controller
                0x080054c8       0xa0 CMakeFiles/Code_2.elf.dir/Src/RingLight/ring_light_controller.c.obj
                0x080054c8                init_ring_light_controller
 .text.force_assert
                0x08005568        0xc CMakeFiles/Code_2.elf.dir/Src/debug_assert/debug_assert.c.obj
                0x08005568                force_assert
 .text.debug_assert_if
                0x08005574       0x10 CMakeFiles/Code_2.elf.dir/Src/debug_assert/debug_assert.c.obj
                0x08005574                debug_assert_if
 .text.init_i2c_controller
                0x08005584        0xc CMakeFiles/Code_2.elf.dir/Src/i2c_controller/i2c_controller.c.obj
                0x08005584                init_i2c_controller
 .text.i2c_write
                0x08005590       0x38 CMakeFiles/Code_2.elf.dir/Src/i2c_controller/i2c_controller.c.obj
                0x08005590                i2c_write
 .text.i2c_read
                0x080055c8       0x3c CMakeFiles/Code_2.elf.dir/Src/i2c_controller/i2c_controller.c.obj
                0x080055c8                i2c_read
 .text.display_init
                0x08005604        0x8 CMakeFiles/Code_2.elf.dir/Src/i2c_controller/i2c_display.c.obj
                0x08005604                display_init
 .text.display_string
                0x0800560c       0x74 CMakeFiles/Code_2.elf.dir/Src/i2c_controller/i2c_display.c.obj
                0x0800560c                display_string
 .text.init_gyro_registers
                0x08005680       0x34 CMakeFiles/Code_2.elf.dir/Src/i2c_controller/i2c_gyroscope_lsm6.c.obj
 .text.is_alive
                0x080056b4       0x54 CMakeFiles/Code_2.elf.dir/Src/i2c_controller/i2c_gyroscope_lsm6.c.obj
 .text.init_gyroscope
                0x08005708       0x20 CMakeFiles/Code_2.elf.dir/Src/i2c_controller/i2c_gyroscope_lsm6.c.obj
                0x08005708                init_gyroscope
 .text.get_gyroscope_orientation
                0x08005728      0x132 CMakeFiles/Code_2.elf.dir/Src/i2c_controller/i2c_gyroscope_lsm6.c.obj
                0x08005728                get_gyroscope_orientation
 *fill*         0x0800585a        0x2 
 .text.get_gyroscope_acceleration
                0x0800585c       0x5c CMakeFiles/Code_2.elf.dir/Src/i2c_controller/i2c_gyroscope_lsm6.c.obj
                0x0800585c                get_gyroscope_acceleration
 .text.init_mag_registers
                0x080058b8       0x20 CMakeFiles/Code_2.elf.dir/Src/i2c_controller/i2c_magnometer.c.obj
 .text.is_alive
                0x080058d8       0x52 CMakeFiles/Code_2.elf.dir/Src/i2c_controller/i2c_magnometer.c.obj
 .text.init_mag
                0x0800592a       0x20 CMakeFiles/Code_2.elf.dir/Src/i2c_controller/i2c_magnometer.c.obj
                0x0800592a                init_mag
 *fill*         0x0800594a        0x2 
 .text.get_magnometer_orientation
                0x0800594c       0xb8 CMakeFiles/Code_2.elf.dir/Src/i2c_controller/i2c_magnometer.c.obj
                0x0800594c                get_magnometer_orientation
 .text.MX_GPIO_Init
                0x08005a04       0xbc CMakeFiles/Code_2.elf.dir/Src/main.c.obj
 .text.MX_I2C1_Init
                0x08005ac0       0x44 CMakeFiles/Code_2.elf.dir/Src/main.c.obj
 .text.MX_SPI1_Init
                0x08005b04       0x4c CMakeFiles/Code_2.elf.dir/Src/main.c.obj
 .text.MX_USART1_Init
                0x08005b50       0x4c CMakeFiles/Code_2.elf.dir/Src/main.c.obj
 .text.MX_TIM3_Init
                0x08005b9c       0x5c CMakeFiles/Code_2.elf.dir/Src/main.c.obj
 .text.TIM3_Code_Interrupt
                0x08005bf8        0x8 CMakeFiles/Code_2.elf.dir/Src/main.c.obj
                0x08005bf8                TIM3_Code_Interrupt
 .text.SystemClock_Config
                0x08005c00       0x64 CMakeFiles/Code_2.elf.dir/Src/main.c.obj
                0x08005c00                SystemClock_Config
 .text.chip_led_red_on
                0x08005c64       0x12 CMakeFiles/Code_2.elf.dir/Src/main.c.obj
                0x08005c64                chip_led_red_on
 .text.chip_led_red_off
                0x08005c76       0x12 CMakeFiles/Code_2.elf.dir/Src/main.c.obj
                0x08005c76                chip_led_red_off
 .text.main     0x08005c88      0x424 CMakeFiles/Code_2.elf.dir/Src/main.c.obj
                0x08005c88                main
 .text.HAL_MspInit
                0x080060ac       0x38 CMakeFiles/Code_2.elf.dir/Src/stm32g0xx_hal_msp.c.obj
                0x080060ac                HAL_MspInit
 .text.HAL_I2C_MspInit
                0x080060e4       0x6c CMakeFiles/Code_2.elf.dir/Src/stm32g0xx_hal_msp.c.obj
                0x080060e4                HAL_I2C_MspInit
 .text.HAL_SPI_MspInit
                0x08006150       0x64 CMakeFiles/Code_2.elf.dir/Src/stm32g0xx_hal_msp.c.obj
                0x08006150                HAL_SPI_MspInit
 .text.HAL_TIM_Base_MspInit
                0x080061b4       0x3c CMakeFiles/Code_2.elf.dir/Src/stm32g0xx_hal_msp.c.obj
                0x080061b4                HAL_TIM_Base_MspInit
 .text.HAL_USART_MspInit
                0x080061f0       0x90 CMakeFiles/Code_2.elf.dir/Src/stm32g0xx_hal_msp.c.obj
                0x080061f0                HAL_USART_MspInit
 .text.NMI_Handler
                0x08006280        0x2 CMakeFiles/Code_2.elf.dir/Src/stm32g0xx_it.c.obj
                0x08006280                NMI_Handler
 .text.HardFault_Handler
                0x08006282        0x2 CMakeFiles/Code_2.elf.dir/Src/stm32g0xx_it.c.obj
                0x08006282                HardFault_Handler
 .text.SVC_Handler
                0x08006284        0x2 CMakeFiles/Code_2.elf.dir/Src/stm32g0xx_it.c.obj
                0x08006284                SVC_Handler
 .text.PendSV_Handler
                0x08006286        0x2 CMakeFiles/Code_2.elf.dir/Src/stm32g0xx_it.c.obj
                0x08006286                PendSV_Handler
 .text.SysTick_Handler
                0x08006288        0x8 CMakeFiles/Code_2.elf.dir/Src/stm32g0xx_it.c.obj
                0x08006288                SysTick_Handler
 .text.TIM3_IRQHandler
                0x08006290       0x14 CMakeFiles/Code_2.elf.dir/Src/stm32g0xx_it.c.obj
                0x08006290                TIM3_IRQHandler
 .text._getpid  0x080062a4        0x4 CMakeFiles/Code_2.elf.dir/Src/syscalls.c.obj
                0x080062a4                _getpid
 .text._kill    0x080062a8       0x10 CMakeFiles/Code_2.elf.dir/Src/syscalls.c.obj
                0x080062a8                _kill
 .text._exit    0x080062b8        0xc CMakeFiles/Code_2.elf.dir/Src/syscalls.c.obj
                0x080062b8                _exit
 .text._read    0x080062c4       0x1c CMakeFiles/Code_2.elf.dir/Src/syscalls.c.obj
                0x080062c4                _read
 .text._write   0x080062e0       0x1c CMakeFiles/Code_2.elf.dir/Src/syscalls.c.obj
                0x080062e0                _write
 .text._close   0x080062fc        0x6 CMakeFiles/Code_2.elf.dir/Src/syscalls.c.obj
                0x080062fc                _close
 .text._fstat   0x08006302        0xa CMakeFiles/Code_2.elf.dir/Src/syscalls.c.obj
                0x08006302                _fstat
 .text._isatty  0x0800630c        0x4 CMakeFiles/Code_2.elf.dir/Src/syscalls.c.obj
                0x0800630c                _isatty
 .text._lseek   0x08006310        0x4 CMakeFiles/Code_2.elf.dir/Src/syscalls.c.obj
                0x08006310                _lseek
 .text._sbrk    0x08006314       0x48 CMakeFiles/Code_2.elf.dir/Src/sysmem.c.obj
                0x08006314                _sbrk
 .text.SystemInit
                0x0800635c       0x10 CMakeFiles/Code_2.elf.dir/Src/system_stm32g0xx.c.obj
                0x0800635c                SystemInit
 .text.Reset_Handler
                0x0800636c       0x50 CMakeFiles/Code_2.elf.dir/Startup/startup_stm32g070kbtx.s.obj
                0x0800636c                Reset_Handler
 .text.Default_Handler
                0x080063bc        0x2 CMakeFiles/Code_2.elf.dir/Startup/startup_stm32g070kbtx.s.obj
                0x080063bc                TIM1_CC_IRQHandler
                0x080063bc                TIM6_IRQHandler
                0x080063bc                I2C1_IRQHandler
                0x080063bc                RTC_TAMP_IRQHandler
                0x080063bc                SPI1_IRQHandler
                0x080063bc                USART3_4_IRQHandler
                0x080063bc                EXTI2_3_IRQHandler
                0x080063bc                ADC1_IRQHandler
                0x080063bc                I2C2_IRQHandler
                0x080063bc                TIM17_IRQHandler
                0x080063bc                TIM16_IRQHandler
                0x080063bc                EXTI4_15_IRQHandler
                0x080063bc                RCC_IRQHandler
                0x080063bc                DMA1_Channel1_IRQHandler
                0x080063bc                Default_Handler
                0x080063bc                TIM14_IRQHandler
                0x080063bc                TIM7_IRQHandler
                0x080063bc                TIM15_IRQHandler
                0x080063bc                EXTI0_1_IRQHandler
                0x080063bc                SPI2_IRQHandler
                0x080063bc                WWDG_IRQHandler
                0x080063bc                DMA1_Ch4_7_DMAMUX1_OVR_IRQHandler
                0x080063bc                DMA1_Channel2_3_IRQHandler
                0x080063bc                USART2_IRQHandler
                0x080063bc                FLASH_IRQHandler
                0x080063bc                USART1_IRQHandler
                0x080063bc                TIM1_BRK_UP_TRG_COM_IRQHandler
 *fill*         0x080063be        0x2 
 .text.__errno  0x080063c0        0xc c:/progra~2/gnuarm~1/92020-~1/bin/../lib/gcc/arm-none-eabi/9.3.1/../../../../arm-none-eabi/lib/thumb/v6-m/nofp\libg.a(lib_a-errno.o)
                0x080063c0                __errno
 .text.__libc_init_array
                0x080063cc       0x44 c:/progra~2/gnuarm~1/92020-~1/bin/../lib/gcc/arm-none-eabi/9.3.1/../../../../arm-none-eabi/lib/thumb/v6-m/nofp\libg.a(lib_a-init.o)
                0x080063cc                __libc_init_array
 .text.memcpy   0x08006410       0xa4 c:/progra~2/gnuarm~1/92020-~1/bin/../lib/gcc/arm-none-eabi/9.3.1/../../../../arm-none-eabi/lib/thumb/v6-m/nofp\libg.a(lib_a-memcpy-stub.o)
                0x08006410                memcpy
 .text.memset   0x080064b4       0xa8 c:/progra~2/gnuarm~1/92020-~1/bin/../lib/gcc/arm-none-eabi/9.3.1/../../../../arm-none-eabi/lib/thumb/v6-m/nofp\libg.a(lib_a-memset.o)
                0x080064b4                memset
 .text.snprintf
                0x0800655c       0x84 c:/progra~2/gnuarm~1/92020-~1/bin/../lib/gcc/arm-none-eabi/9.3.1/../../../../arm-none-eabi/lib/thumb/v6-m/nofp\libg.a(lib_a-snprintf.o)
                0x0800655c                snprintf
 .text._svfprintf_r
                0x080065e0     0x1c08 c:/progra~2/gnuarm~1/92020-~1/bin/../lib/gcc/arm-none-eabi/9.3.1/../../../../arm-none-eabi/lib/thumb/v6-m/nofp\libg.a(lib_a-svfprintf.o)
                0x080065e0                _svfprintf_r
 .text.startup.register_fini
                0x080081e8       0x18 c:/progra~2/gnuarm~1/92020-~1/bin/../lib/gcc/arm-none-eabi/9.3.1/../../../../arm-none-eabi/lib/thumb/v6-m/nofp\libg.a(lib_a-__call_atexit.o)
 .text.atexit   0x08008200       0x10 c:/progra~2/gnuarm~1/92020-~1/bin/../lib/gcc/arm-none-eabi/9.3.1/../../../../arm-none-eabi/lib/thumb/v6-m/nofp\libg.a(lib_a-atexit.o)
                0x08008200                atexit
 .text.quorem   0x08008210      0x148 c:/progra~2/gnuarm~1/92020-~1/bin/../lib/gcc/arm-none-eabi/9.3.1/../../../../arm-none-eabi/lib/thumb/v6-m/nofp\libg.a(lib_a-dtoa.o)
 .text._dtoa_r  0x08008358      0xfe0 c:/progra~2/gnuarm~1/92020-~1/bin/../lib/gcc/arm-none-eabi/9.3.1/../../../../arm-none-eabi/lib/thumb/v6-m/nofp\libg.a(lib_a-dtoa.o)
                0x08008358                _dtoa_r
 .text.__libc_fini_array
                0x08009338       0x28 c:/progra~2/gnuarm~1/92020-~1/bin/../lib/gcc/arm-none-eabi/9.3.1/../../../../arm-none-eabi/lib/thumb/v6-m/nofp\libg.a(lib_a-fini.o)
                0x08009338                __libc_fini_array
 .text._malloc_trim_r
                0x08009360       0x9c c:/progra~2/gnuarm~1/92020-~1/bin/../lib/gcc/arm-none-eabi/9.3.1/../../../../arm-none-eabi/lib/thumb/v6-m/nofp\libg.a(lib_a-freer.o)
                0x08009360                _malloc_trim_r
 .text._free_r  0x080093fc      0x1c4 c:/progra~2/gnuarm~1/92020-~1/bin/../lib/gcc/arm-none-eabi/9.3.1/../../../../arm-none-eabi/lib/thumb/v6-m/nofp\libg.a(lib_a-freer.o)
                0x080093fc                _free_r
 .text._localeconv_r
                0x080095c0        0x8 c:/progra~2/gnuarm~1/92020-~1/bin/../lib/gcc/arm-none-eabi/9.3.1/../../../../arm-none-eabi/lib/thumb/v6-m/nofp\libg.a(lib_a-localeconv.o)
                0x080095c0                _localeconv_r
 .text.__retarget_lock_init_recursive
                0x080095c8        0x4 c:/progra~2/gnuarm~1/92020-~1/bin/../lib/gcc/arm-none-eabi/9.3.1/../../../../arm-none-eabi/lib/thumb/v6-m/nofp\libg.a(lib_a-lock.o)
                0x080095c8                __retarget_lock_init_recursive
 .text.__retarget_lock_close_recursive
                0x080095cc        0x4 c:/progra~2/gnuarm~1/92020-~1/bin/../lib/gcc/arm-none-eabi/9.3.1/../../../../arm-none-eabi/lib/thumb/v6-m/nofp\libg.a(lib_a-lock.o)
                0x080095cc                __retarget_lock_close_recursive
 .text.__retarget_lock_acquire_recursive
                0x080095d0        0x4 c:/progra~2/gnuarm~1/92020-~1/bin/../lib/gcc/arm-none-eabi/9.3.1/../../../../arm-none-eabi/lib/thumb/v6-m/nofp\libg.a(lib_a-lock.o)
                0x080095d0                __retarget_lock_acquire_recursive
 .text.__retarget_lock_release_recursive
                0x080095d4        0x4 c:/progra~2/gnuarm~1/92020-~1/bin/../lib/gcc/arm-none-eabi/9.3.1/../../../../arm-none-eabi/lib/thumb/v6-m/nofp\libg.a(lib_a-lock.o)
                0x080095d4                __retarget_lock_release_recursive
 .text._malloc_r
                0x080095d8      0x580 c:/progra~2/gnuarm~1/92020-~1/bin/../lib/gcc/arm-none-eabi/9.3.1/../../../../arm-none-eabi/lib/thumb/v6-m/nofp\libg.a(lib_a-mallocr.o)
                0x080095d8                _malloc_r
 .text.memchr   0x08009b58       0x74 c:/progra~2/gnuarm~1/92020-~1/bin/../lib/gcc/arm-none-eabi/9.3.1/../../../../arm-none-eabi/lib/thumb/v6-m/nofp\libg.a(lib_a-memchr-stub.o)
                0x08009b58                memchr
 .text.__malloc_lock
                0x08009bcc       0x10 c:/progra~2/gnuarm~1/92020-~1/bin/../lib/gcc/arm-none-eabi/9.3.1/../../../../arm-none-eabi/lib/thumb/v6-m/nofp\libg.a(lib_a-mlock.o)
                0x08009bcc                __malloc_lock
 .text.__malloc_unlock
                0x08009bdc       0x10 c:/progra~2/gnuarm~1/92020-~1/bin/../lib/gcc/arm-none-eabi/9.3.1/../../../../arm-none-eabi/lib/thumb/v6-m/nofp\libg.a(lib_a-mlock.o)
                0x08009bdc                __malloc_unlock
 .text._Balloc  0x08009bec       0x50 c:/progra~2/gnuarm~1/92020-~1/bin/../lib/gcc/arm-none-eabi/9.3.1/../../../../arm-none-eabi/lib/thumb/v6-m/nofp\libg.a(lib_a-mprec.o)
                0x08009bec                _Balloc
 .text._Bfree   0x08009c3c       0x14 c:/progra~2/gnuarm~1/92020-~1/bin/../lib/gcc/arm-none-eabi/9.3.1/../../../../arm-none-eabi/lib/thumb/v6-m/nofp\libg.a(lib_a-mprec.o)
                0x08009c3c                _Bfree
 .text.__multadd
                0x08009c50       0xa8 c:/progra~2/gnuarm~1/92020-~1/bin/../lib/gcc/arm-none-eabi/9.3.1/../../../../arm-none-eabi/lib/thumb/v6-m/nofp\libg.a(lib_a-mprec.o)
                0x08009c50                __multadd
 .text.__hi0bits
                0x08009cf8       0x38 c:/progra~2/gnuarm~1/92020-~1/bin/../lib/gcc/arm-none-eabi/9.3.1/../../../../arm-none-eabi/lib/thumb/v6-m/nofp\libg.a(lib_a-mprec.o)
                0x08009cf8                __hi0bits
 .text.__lo0bits
                0x08009d30       0x5c c:/progra~2/gnuarm~1/92020-~1/bin/../lib/gcc/arm-none-eabi/9.3.1/../../../../arm-none-eabi/lib/thumb/v6-m/nofp\libg.a(lib_a-mprec.o)
                0x08009d30                __lo0bits
 .text.__i2b    0x08009d8c       0x2c c:/progra~2/gnuarm~1/92020-~1/bin/../lib/gcc/arm-none-eabi/9.3.1/../../../../arm-none-eabi/lib/thumb/v6-m/nofp\libg.a(lib_a-mprec.o)
                0x08009d8c                __i2b
 .text.__multiply
                0x08009db8      0x1b0 c:/progra~2/gnuarm~1/92020-~1/bin/../lib/gcc/arm-none-eabi/9.3.1/../../../../arm-none-eabi/lib/thumb/v6-m/nofp\libg.a(lib_a-mprec.o)
                0x08009db8                __multiply
 .text.__pow5mult
                0x08009f68       0xb8 c:/progra~2/gnuarm~1/92020-~1/bin/../lib/gcc/arm-none-eabi/9.3.1/../../../../arm-none-eabi/lib/thumb/v6-m/nofp\libg.a(lib_a-mprec.o)
                0x08009f68                __pow5mult
 .text.__lshift
                0x0800a020       0xfc c:/progra~2/gnuarm~1/92020-~1/bin/../lib/gcc/arm-none-eabi/9.3.1/../../../../arm-none-eabi/lib/thumb/v6-m/nofp\libg.a(lib_a-mprec.o)
                0x0800a020                __lshift
 .text.__mcmp   0x0800a11c       0x38 c:/progra~2/gnuarm~1/92020-~1/bin/../lib/gcc/arm-none-eabi/9.3.1/../../../../arm-none-eabi/lib/thumb/v6-m/nofp\libg.a(lib_a-mprec.o)
                0x0800a11c                __mcmp
 .text.__mdiff  0x0800a154      0x194 c:/progra~2/gnuarm~1/92020-~1/bin/../lib/gcc/arm-none-eabi/9.3.1/../../../../arm-none-eabi/lib/thumb/v6-m/nofp\libg.a(lib_a-mprec.o)
                0x0800a154                __mdiff
 .text.__d2b    0x0800a2e8       0xd8 c:/progra~2/gnuarm~1/92020-~1/bin/../lib/gcc/arm-none-eabi/9.3.1/../../../../arm-none-eabi/lib/thumb/v6-m/nofp\libg.a(lib_a-mprec.o)
                0x0800a2e8                __d2b
 .text.frexp    0x0800a3c0       0x64 c:/progra~2/gnuarm~1/92020-~1/bin/../lib/gcc/arm-none-eabi/9.3.1/../../../../arm-none-eabi/lib/thumb/v6-m/nofp\libg.a(lib_a-s_frexp.o)
                0x0800a3c0                frexp
 .text._sbrk_r  0x0800a424       0x24 c:/progra~2/gnuarm~1/92020-~1/bin/../lib/gcc/arm-none-eabi/9.3.1/../../../../arm-none-eabi/lib/thumb/v6-m/nofp\libg.a(lib_a-sbrkr.o)
                0x0800a424                _sbrk_r
 .text.strlen   0x0800a448       0x5c c:/progra~2/gnuarm~1/92020-~1/bin/../lib/gcc/arm-none-eabi/9.3.1/../../../../arm-none-eabi/lib/thumb/v6-m/nofp\libg.a(lib_a-strlen-stub.o)
                0x0800a448                strlen
 .text.strncpy  0x0800a4a4       0x6c c:/progra~2/gnuarm~1/92020-~1/bin/../lib/gcc/arm-none-eabi/9.3.1/../../../../arm-none-eabi/lib/thumb/v6-m/nofp\libg.a(lib_a-strncpy.o)
                0x0800a4a4                strncpy
 .text.__ssprint_r
                0x0800a510      0x114 c:/progra~2/gnuarm~1/92020-~1/bin/../lib/gcc/arm-none-eabi/9.3.1/../../../../arm-none-eabi/lib/thumb/v6-m/nofp\libg.a(lib_a-svfiprintf.o)
                0x0800a510                __ssprint_r
 .text.__register_exitproc
                0x0800a624       0xac c:/progra~2/gnuarm~1/92020-~1/bin/../lib/gcc/arm-none-eabi/9.3.1/../../../../arm-none-eabi/lib/thumb/v6-m/nofp\libg.a(lib_a-__atexit.o)
                0x0800a624                __register_exitproc
 .text.__assert_func
                0x0800a6d0       0x40 c:/progra~2/gnuarm~1/92020-~1/bin/../lib/gcc/arm-none-eabi/9.3.1/../../../../arm-none-eabi/lib/thumb/v6-m/nofp\libg.a(lib_a-assert.o)
                0x0800a6d0                __assert_func
 .text._calloc_r
                0x0800a710       0x5c c:/progra~2/gnuarm~1/92020-~1/bin/../lib/gcc/arm-none-eabi/9.3.1/../../../../arm-none-eabi/lib/thumb/v6-m/nofp\libg.a(lib_a-callocr.o)
                0x0800a710                _calloc_r
 .text.fiprintf
                0x0800a76c       0x24 c:/progra~2/gnuarm~1/92020-~1/bin/../lib/gcc/arm-none-eabi/9.3.1/../../../../arm-none-eabi/lib/thumb/v6-m/nofp\libg.a(lib_a-fiprintf.o)
                0x0800a76c                fiprintf
 .text.__locale_mb_cur_max
                0x0800a790       0x10 c:/progra~2/gnuarm~1/92020-~1/bin/../lib/gcc/arm-none-eabi/9.3.1/../../../../arm-none-eabi/lib/thumb/v6-m/nofp\libg.a(lib_a-locale.o)
                0x0800a790                __locale_mb_cur_max
 .text.__ascii_mbtowc
                0x0800a7a0       0x2c c:/progra~2/gnuarm~1/92020-~1/bin/../lib/gcc/arm-none-eabi/9.3.1/../../../../arm-none-eabi/lib/thumb/v6-m/nofp\libg.a(lib_a-mbtowc_r.o)
                0x0800a7a0                __ascii_mbtowc
 .text.memmove  0x0800a7cc       0xb8 c:/progra~2/gnuarm~1/92020-~1/bin/../lib/gcc/arm-none-eabi/9.3.1/../../../../arm-none-eabi/lib/thumb/v6-m/nofp\libg.a(lib_a-memmove.o)
                0x0800a7cc                memmove
 .text._realloc_r
                0x0800a884      0x358 c:/progra~2/gnuarm~1/92020-~1/bin/../lib/gcc/arm-none-eabi/9.3.1/../../../../arm-none-eabi/lib/thumb/v6-m/nofp\libg.a(lib_a-reallocr.o)
                0x0800a884                _realloc_r
 .text.__sprint_r.part.0
                0x0800abdc       0x88 c:/progra~2/gnuarm~1/92020-~1/bin/../lib/gcc/arm-none-eabi/9.3.1/../../../../arm-none-eabi/lib/thumb/v6-m/nofp\libg.a(lib_a-vfiprintf.o)
 .text._vfiprintf_r
                0x0800ac64      0xdb8 c:/progra~2/gnuarm~1/92020-~1/bin/../lib/gcc/arm-none-eabi/9.3.1/../../../../arm-none-eabi/lib/thumb/v6-m/nofp\libg.a(lib_a-vfiprintf.o)
                0x0800ac64                _vfiprintf_r
 .text.__sbprintf
                0x0800ba1c       0x8c c:/progra~2/gnuarm~1/92020-~1/bin/../lib/gcc/arm-none-eabi/9.3.1/../../../../arm-none-eabi/lib/thumb/v6-m/nofp\libg.a(lib_a-vfiprintf.o)
 .text.__ascii_wctomb
                0x0800baa8       0x1c c:/progra~2/gnuarm~1/92020-~1/bin/../lib/gcc/arm-none-eabi/9.3.1/../../../../arm-none-eabi/lib/thumb/v6-m/nofp\libg.a(lib_a-wctomb_r.o)
                0x0800baa8                __ascii_wctomb
 .text.__swsetup_r
                0x0800bac4       0xd4 c:/progra~2/gnuarm~1/92020-~1/bin/../lib/gcc/arm-none-eabi/9.3.1/../../../../arm-none-eabi/lib/thumb/v6-m/nofp\libg.a(lib_a-wsetup.o)
                0x0800bac4                __swsetup_r
 .text.abort    0x0800bb98       0x10 c:/progra~2/gnuarm~1/92020-~1/bin/../lib/gcc/arm-none-eabi/9.3.1/../../../../arm-none-eabi/lib/thumb/v6-m/nofp\libg.a(lib_a-abort.o)
                0x0800bb98                abort
 .text.__sflush_r
                0x0800bba8      0x140 c:/progra~2/gnuarm~1/92020-~1/bin/../lib/gcc/arm-none-eabi/9.3.1/../../../../arm-none-eabi/lib/thumb/v6-m/nofp\libg.a(lib_a-fflush.o)
                0x0800bba8                __sflush_r
 .text._fflush_r
                0x0800bce8       0x6c c:/progra~2/gnuarm~1/92020-~1/bin/../lib/gcc/arm-none-eabi/9.3.1/../../../../arm-none-eabi/lib/thumb/v6-m/nofp\libg.a(lib_a-fflush.o)
                0x0800bce8                _fflush_r
 .text.std      0x0800bd54       0x50 c:/progra~2/gnuarm~1/92020-~1/bin/../lib/gcc/arm-none-eabi/9.3.1/../../../../arm-none-eabi/lib/thumb/v6-m/nofp\libg.a(lib_a-findfp.o)
 .text._cleanup_r
                0x0800bda4       0x10 c:/progra~2/gnuarm~1/92020-~1/bin/../lib/gcc/arm-none-eabi/9.3.1/../../../../arm-none-eabi/lib/thumb/v6-m/nofp\libg.a(lib_a-findfp.o)
                0x0800bda4                _cleanup_r
 .text.__sinit  0x0800bdb4       0x60 c:/progra~2/gnuarm~1/92020-~1/bin/../lib/gcc/arm-none-eabi/9.3.1/../../../../arm-none-eabi/lib/thumb/v6-m/nofp\libg.a(lib_a-findfp.o)
                0x0800bdb4                __sinit
 .text.__sfp_lock_acquire
                0x0800be14       0x10 c:/progra~2/gnuarm~1/92020-~1/bin/../lib/gcc/arm-none-eabi/9.3.1/../../../../arm-none-eabi/lib/thumb/v6-m/nofp\libg.a(lib_a-findfp.o)
                0x0800be14                __sfp_lock_acquire
 .text.__sfp_lock_release
                0x0800be24       0x10 c:/progra~2/gnuarm~1/92020-~1/bin/../lib/gcc/arm-none-eabi/9.3.1/../../../../arm-none-eabi/lib/thumb/v6-m/nofp\libg.a(lib_a-findfp.o)
                0x0800be24                __sfp_lock_release
 .text.__fputwc
                0x0800be34       0x98 c:/progra~2/gnuarm~1/92020-~1/bin/../lib/gcc/arm-none-eabi/9.3.1/../../../../arm-none-eabi/lib/thumb/v6-m/nofp\libg.a(lib_a-fputwc.o)
                0x0800be34                __fputwc
 .text._fputwc_r
                0x0800becc       0x5c c:/progra~2/gnuarm~1/92020-~1/bin/../lib/gcc/arm-none-eabi/9.3.1/../../../../arm-none-eabi/lib/thumb/v6-m/nofp\libg.a(lib_a-fputwc.o)
                0x0800becc                _fputwc_r
 .text.__sfvwrite_r
                0x0800bf28      0x2f0 c:/progra~2/gnuarm~1/92020-~1/bin/../lib/gcc/arm-none-eabi/9.3.1/../../../../arm-none-eabi/lib/thumb/v6-m/nofp\libg.a(lib_a-fvwrite.o)
                0x0800bf28                __sfvwrite_r
 .text._fwalk_reent
                0x0800c218       0x48 c:/progra~2/gnuarm~1/92020-~1/bin/../lib/gcc/arm-none-eabi/9.3.1/../../../../arm-none-eabi/lib/thumb/v6-m/nofp\libg.a(lib_a-fwalk.o)
                0x0800c218                _fwalk_reent
 .text.__swhatbuf_r
                0x0800c260       0x60 c:/progra~2/gnuarm~1/92020-~1/bin/../lib/gcc/arm-none-eabi/9.3.1/../../../../arm-none-eabi/lib/thumb/v6-m/nofp\libg.a(lib_a-makebuf.o)
                0x0800c260                __swhatbuf_r
 .text.__smakebuf_r
                0x0800c2c0       0x90 c:/progra~2/gnuarm~1/92020-~1/bin/../lib/gcc/arm-none-eabi/9.3.1/../../../../arm-none-eabi/lib/thumb/v6-m/nofp\libg.a(lib_a-makebuf.o)
                0x0800c2c0                __smakebuf_r
 .text._raise_r
                0x0800c350       0x5c c:/progra~2/gnuarm~1/92020-~1/bin/../lib/gcc/arm-none-eabi/9.3.1/../../../../arm-none-eabi/lib/thumb/v6-m/nofp\libg.a(lib_a-signal.o)
                0x0800c350                _raise_r
 .text.raise    0x0800c3ac       0x14 c:/progra~2/gnuarm~1/92020-~1/bin/../lib/gcc/arm-none-eabi/9.3.1/../../../../arm-none-eabi/lib/thumb/v6-m/nofp\libg.a(lib_a-signal.o)
                0x0800c3ac                raise
 .text._kill_r  0x0800c3c0       0x28 c:/progra~2/gnuarm~1/92020-~1/bin/../lib/gcc/arm-none-eabi/9.3.1/../../../../arm-none-eabi/lib/thumb/v6-m/nofp\libg.a(lib_a-signalr.o)
                0x0800c3c0                _kill_r
 .text._getpid_r
                0x0800c3e8        0x8 c:/progra~2/gnuarm~1/92020-~1/bin/../lib/gcc/arm-none-eabi/9.3.1/../../../../arm-none-eabi/lib/thumb/v6-m/nofp\libg.a(lib_a-signalr.o)
                0x0800c3e8                _getpid_r
 .text.__sread  0x0800c3f0       0x28 c:/progra~2/gnuarm~1/92020-~1/bin/../lib/gcc/arm-none-eabi/9.3.1/../../../../arm-none-eabi/lib/thumb/v6-m/nofp\libg.a(lib_a-stdio.o)
                0x0800c3f0                __sread
 .text.__swrite
                0x0800c418       0x40 c:/progra~2/gnuarm~1/92020-~1/bin/../lib/gcc/arm-none-eabi/9.3.1/../../../../arm-none-eabi/lib/thumb/v6-m/nofp\libg.a(lib_a-stdio.o)
                0x0800c418                __swrite
 .text.__sseek  0x0800c458       0x2c c:/progra~2/gnuarm~1/92020-~1/bin/../lib/gcc/arm-none-eabi/9.3.1/../../../../arm-none-eabi/lib/thumb/v6-m/nofp\libg.a(lib_a-stdio.o)
                0x0800c458                __sseek
 .text.__sclose
                0x0800c484        0xc c:/progra~2/gnuarm~1/92020-~1/bin/../lib/gcc/arm-none-eabi/9.3.1/../../../../arm-none-eabi/lib/thumb/v6-m/nofp\libg.a(lib_a-stdio.o)
                0x0800c484                __sclose
 .text.__swbuf_r
                0x0800c490       0xc8 c:/progra~2/gnuarm~1/92020-~1/bin/../lib/gcc/arm-none-eabi/9.3.1/../../../../arm-none-eabi/lib/thumb/v6-m/nofp\libg.a(lib_a-wbuf.o)
                0x0800c490                __swbuf_r
 .text._wcrtomb_r
                0x0800c558       0x40 c:/progra~2/gnuarm~1/92020-~1/bin/../lib/gcc/arm-none-eabi/9.3.1/../../../../arm-none-eabi/lib/thumb/v6-m/nofp\libg.a(lib_a-wcrtomb.o)
                0x0800c558                _wcrtomb_r
 .text._write_r
                0x0800c598       0x28 c:/progra~2/gnuarm~1/92020-~1/bin/../lib/gcc/arm-none-eabi/9.3.1/../../../../arm-none-eabi/lib/thumb/v6-m/nofp\libg.a(lib_a-writer.o)
                0x0800c598                _write_r
 .text._close_r
                0x0800c5c0       0x24 c:/progra~2/gnuarm~1/92020-~1/bin/../lib/gcc/arm-none-eabi/9.3.1/../../../../arm-none-eabi/lib/thumb/v6-m/nofp\libg.a(lib_a-closer.o)
                0x0800c5c0                _close_r
 .text._fclose_r
                0x0800c5e4       0xdc c:/progra~2/gnuarm~1/92020-~1/bin/../lib/gcc/arm-none-eabi/9.3.1/../../../../arm-none-eabi/lib/thumb/v6-m/nofp\libg.a(lib_a-fclose.o)
                0x0800c5e4                _fclose_r
 .text._fstat_r
                0x0800c6c0       0x28 c:/progra~2/gnuarm~1/92020-~1/bin/../lib/gcc/arm-none-eabi/9.3.1/../../../../arm-none-eabi/lib/thumb/v6-m/nofp\libg.a(lib_a-fstatr.o)
                0x0800c6c0                _fstat_r
 .text._isatty_r
                0x0800c6e8       0x24 c:/progra~2/gnuarm~1/92020-~1/bin/../lib/gcc/arm-none-eabi/9.3.1/../../../../arm-none-eabi/lib/thumb/v6-m/nofp\libg.a(lib_a-isattyr.o)
                0x0800c6e8                _isatty_r
 .text._lseek_r
                0x0800c70c       0x28 c:/progra~2/gnuarm~1/92020-~1/bin/../lib/gcc/arm-none-eabi/9.3.1/../../../../arm-none-eabi/lib/thumb/v6-m/nofp\libg.a(lib_a-lseekr.o)
                0x0800c70c                _lseek_r
 .text._read_r  0x0800c734       0x28 c:/progra~2/gnuarm~1/92020-~1/bin/../lib/gcc/arm-none-eabi/9.3.1/../../../../arm-none-eabi/lib/thumb/v6-m/nofp\libg.a(lib_a-readr.o)
                0x0800c734                _read_r
 .text.atan2    0x0800c75c        0x8 c:/progra~2/gnuarm~1/92020-~1/bin/../lib/gcc/arm-none-eabi/9.3.1/../../../../arm-none-eabi/lib/thumb/v6-m/nofp\libm.a(lib_a-w_atan2.o)
                0x0800c75c                atan2
 .text.sqrt     0x0800c764       0x5c c:/progra~2/gnuarm~1/92020-~1/bin/../lib/gcc/arm-none-eabi/9.3.1/../../../../arm-none-eabi/lib/thumb/v6-m/nofp\libm.a(lib_a-w_sqrt.o)
                0x0800c764                sqrt
 .text.__ieee754_atan2
                0x0800c7c0      0x174 c:/progra~2/gnuarm~1/92020-~1/bin/../lib/gcc/arm-none-eabi/9.3.1/../../../../arm-none-eabi/lib/thumb/v6-m/nofp\libm.a(lib_a-e_atan2.o)
                0x0800c7c0                __ieee754_atan2
 .text.__ieee754_sqrt
                0x0800c934      0x1b0 c:/progra~2/gnuarm~1/92020-~1/bin/../lib/gcc/arm-none-eabi/9.3.1/../../../../arm-none-eabi/lib/thumb/v6-m/nofp\libm.a(lib_a-e_sqrt.o)
                0x0800c934                __ieee754_sqrt
 .text.atan     0x0800cae4      0x338 c:/progra~2/gnuarm~1/92020-~1/bin/../lib/gcc/arm-none-eabi/9.3.1/../../../../arm-none-eabi/lib/thumb/v6-m/nofp\libm.a(lib_a-s_atan.o)
                0x0800cae4                atan
 .text.fabs     0x0800ce1c        0x8 c:/progra~2/gnuarm~1/92020-~1/bin/../lib/gcc/arm-none-eabi/9.3.1/../../../../arm-none-eabi/lib/thumb/v6-m/nofp\libm.a(lib_a-s_fabs.o)
                0x0800ce1c                fabs
 *(.glue_7)
 .glue_7        0x0800ce24        0x0 linker stubs
 *(.glue_7t)
 .glue_7t       0x0800ce24        0x0 linker stubs
 *(.eh_frame)
 .eh_frame      0x0800ce24        0x0 c:/progra~2/gnuarm~1/92020-~1/bin/../lib/gcc/arm-none-eabi/9.3.1/thumb/v6-m/nofp/crtbegin.o
 *(.init)
 .init          0x0800ce24        0x4 c:/progra~2/gnuarm~1/92020-~1/bin/../lib/gcc/arm-none-eabi/9.3.1/thumb/v6-m/nofp/crti.o
                0x0800ce24                _init
 .init          0x0800ce28        0x8 c:/progra~2/gnuarm~1/92020-~1/bin/../lib/gcc/arm-none-eabi/9.3.1/thumb/v6-m/nofp/crtn.o
 *(.fini)
 .fini          0x0800ce30        0x4 c:/progra~2/gnuarm~1/92020-~1/bin/../lib/gcc/arm-none-eabi/9.3.1/thumb/v6-m/nofp/crti.o
                0x0800ce30                _fini
 .fini          0x0800ce34        0x8 c:/progra~2/gnuarm~1/92020-~1/bin/../lib/gcc/arm-none-eabi/9.3.1/thumb/v6-m/nofp/crtn.o
                0x0800ce3c                . = ALIGN (0x4)
                0x0800ce3c                _etext = .

.vfp11_veneer   0x0800ce3c        0x0
 .vfp11_veneer  0x0800ce3c        0x0 linker stubs

.v4_bx          0x0800ce3c        0x0
 .v4_bx         0x0800ce3c        0x0 linker stubs

.iplt           0x0800ce3c        0x0
 .iplt          0x0800ce3c        0x0 c:/progra~2/gnuarm~1/92020-~1/bin/../lib/gcc/arm-none-eabi/9.3.1/thumb/v6-m/nofp/crtbegin.o

.rodata         0x0800ce40     0x1638
                0x0800ce40                . = ALIGN (0x4)
 *(.rodata)
 .rodata        0x0800ce40        0x8 CMakeFiles/Code_2.elf.dir/Drivers/STM32G0xx_HAL_Driver/Src/stm32g0xx_hal_usart_ex.c.obj
 .rodata        0x0800ce48       0x80 c:/progra~2/gnuarm~1/92020-~1/bin/../lib/gcc/arm-none-eabi/9.3.1/thumb/v6-m/nofp\libgcc.a(divsf3.o)
 .rodata        0x0800cec8       0x40 c:/progra~2/gnuarm~1/92020-~1/bin/../lib/gcc/arm-none-eabi/9.3.1/thumb/v6-m/nofp\libgcc.a(divdf3.o)
 .rodata        0x0800cf08       0x40 c:/progra~2/gnuarm~1/92020-~1/bin/../lib/gcc/arm-none-eabi/9.3.1/thumb/v6-m/nofp\libgcc.a(muldf3.o)
 *(.rodata*)
 .rodata.USARTEx_SetNbDataToProcess.str1.4
                0x0800cf48        0x9 CMakeFiles/Code_2.elf.dir/Drivers/STM32G0xx_HAL_Driver/Src/stm32g0xx_hal_usart_ex.c.obj
 *fill*         0x0800cf51        0x3 
 .rodata.Font11x18
                0x0800cf54      0xd5c CMakeFiles/Code_2.elf.dir/Src/Display/fonts.c.obj
 .rodata.main.str1.4
                0x0800dcb0       0x1d CMakeFiles/Code_2.elf.dir/Src/main.c.obj
 *fill*         0x0800dccd        0x3 
 .rodata.AHBPrescTable
                0x0800dcd0       0x40 CMakeFiles/Code_2.elf.dir/Src/system_stm32g0xx.c.obj
                0x0800dcd0                AHBPrescTable
 .rodata.APBPrescTable
                0x0800dd10       0x20 CMakeFiles/Code_2.elf.dir/Src/system_stm32g0xx.c.obj
                0x0800dd10                APBPrescTable
 .rodata._global_impure_ptr
                0x0800dd30        0x4 c:/progra~2/gnuarm~1/92020-~1/bin/../lib/gcc/arm-none-eabi/9.3.1/../../../../arm-none-eabi/lib/thumb/v6-m/nofp\libg.a(lib_a-impure.o)
                0x0800dd30                _global_impure_ptr
 .rodata._svfprintf_r.str1.4
                0x0800dd34       0x42 c:/progra~2/gnuarm~1/92020-~1/bin/../lib/gcc/arm-none-eabi/9.3.1/../../../../arm-none-eabi/lib/thumb/v6-m/nofp\libg.a(lib_a-svfprintf.o)
 *fill*         0x0800dd76        0x2 
 .rodata._svfprintf_r
                0x0800dd78      0x16c c:/progra~2/gnuarm~1/92020-~1/bin/../lib/gcc/arm-none-eabi/9.3.1/../../../../arm-none-eabi/lib/thumb/v6-m/nofp\libg.a(lib_a-svfprintf.o)
 .rodata.blanks.7335
                0x0800dee4       0x10 c:/progra~2/gnuarm~1/92020-~1/bin/../lib/gcc/arm-none-eabi/9.3.1/../../../../arm-none-eabi/lib/thumb/v6-m/nofp\libg.a(lib_a-svfprintf.o)
 .rodata.zeroes.7336
                0x0800def4       0x10 c:/progra~2/gnuarm~1/92020-~1/bin/../lib/gcc/arm-none-eabi/9.3.1/../../../../arm-none-eabi/lib/thumb/v6-m/nofp\libg.a(lib_a-svfprintf.o)
 .rodata._dtoa_r.str1.4
                0x0800df04       0xa0 c:/progra~2/gnuarm~1/92020-~1/bin/../lib/gcc/arm-none-eabi/9.3.1/../../../../arm-none-eabi/lib/thumb/v6-m/nofp\libg.a(lib_a-dtoa.o)
                                 0xa4 (size before relaxing)
 .rodata.__multadd.str1.4
                0x0800dfa4       0x7d c:/progra~2/gnuarm~1/92020-~1/bin/../lib/gcc/arm-none-eabi/9.3.1/../../../../arm-none-eabi/lib/thumb/v6-m/nofp\libg.a(lib_a-mprec.o)
                                 0x91 (size before relaxing)
 *fill*         0x0800e021        0x7 
 .rodata.__mprec_bigtens
                0x0800e028       0x28 c:/progra~2/gnuarm~1/92020-~1/bin/../lib/gcc/arm-none-eabi/9.3.1/../../../../arm-none-eabi/lib/thumb/v6-m/nofp\libg.a(lib_a-mprec.o)
                0x0800e028                __mprec_bigtens
 .rodata.__mprec_tens
                0x0800e050       0xc8 c:/progra~2/gnuarm~1/92020-~1/bin/../lib/gcc/arm-none-eabi/9.3.1/../../../../arm-none-eabi/lib/thumb/v6-m/nofp\libg.a(lib_a-mprec.o)
                0x0800e050                __mprec_tens
 .rodata.p05.6122
                0x0800e118        0xc c:/progra~2/gnuarm~1/92020-~1/bin/../lib/gcc/arm-none-eabi/9.3.1/../../../../arm-none-eabi/lib/thumb/v6-m/nofp\libg.a(lib_a-mprec.o)
 .rodata.__assert_func.str1.4
                0x0800e124       0x3f c:/progra~2/gnuarm~1/92020-~1/bin/../lib/gcc/arm-none-eabi/9.3.1/../../../../arm-none-eabi/lib/thumb/v6-m/nofp\libg.a(lib_a-assert.o)
                                 0x43 (size before relaxing)
 *fill*         0x0800e163        0x1 
 .rodata._setlocale_r.str1.4
                0x0800e164        0xa c:/progra~2/gnuarm~1/92020-~1/bin/../lib/gcc/arm-none-eabi/9.3.1/../../../../arm-none-eabi/lib/thumb/v6-m/nofp\libg.a(lib_a-locale.o)
                                  0xd (size before relaxing)
 *fill*         0x0800e16e        0x2 
 .rodata.str1.4
                0x0800e170        0x2 c:/progra~2/gnuarm~1/92020-~1/bin/../lib/gcc/arm-none-eabi/9.3.1/../../../../arm-none-eabi/lib/thumb/v6-m/nofp\libg.a(lib_a-locale.o)
 .rodata._vfiprintf_r.str1.4
                0x0800e172       0x2f c:/progra~2/gnuarm~1/92020-~1/bin/../lib/gcc/arm-none-eabi/9.3.1/../../../../arm-none-eabi/lib/thumb/v6-m/nofp\libg.a(lib_a-vfiprintf.o)
 *fill*         0x0800e172        0x2 
 .rodata._vfiprintf_r
                0x0800e174      0x16c c:/progra~2/gnuarm~1/92020-~1/bin/../lib/gcc/arm-none-eabi/9.3.1/../../../../arm-none-eabi/lib/thumb/v6-m/nofp\libg.a(lib_a-vfiprintf.o)
 .rodata.blanks.7328
                0x0800e2e0       0x10 c:/progra~2/gnuarm~1/92020-~1/bin/../lib/gcc/arm-none-eabi/9.3.1/../../../../arm-none-eabi/lib/thumb/v6-m/nofp\libg.a(lib_a-vfiprintf.o)
 .rodata.zeroes.7329
                0x0800e2f0       0x10 c:/progra~2/gnuarm~1/92020-~1/bin/../lib/gcc/arm-none-eabi/9.3.1/../../../../arm-none-eabi/lib/thumb/v6-m/nofp\libg.a(lib_a-vfiprintf.o)
 .rodata._ctype_
                0x0800e300      0x101 c:/progra~2/gnuarm~1/92020-~1/bin/../lib/gcc/arm-none-eabi/9.3.1/../../../../arm-none-eabi/lib/thumb/v6-m/nofp\libg.a(lib_a-ctype_.o)
                0x0800e300                _ctype_
 *fill*         0x0800e401        0x7 
 .rodata.CSWTCH.8
                0x0800e408       0x18 c:/progra~2/gnuarm~1/92020-~1/bin/../lib/gcc/arm-none-eabi/9.3.1/../../../../arm-none-eabi/lib/thumb/v6-m/nofp\libm.a(lib_a-e_atan2.o)
 .rodata.CSWTCH.9
                0x0800e420       0x18 c:/progra~2/gnuarm~1/92020-~1/bin/../lib/gcc/arm-none-eabi/9.3.1/../../../../arm-none-eabi/lib/thumb/v6-m/nofp\libm.a(lib_a-e_atan2.o)
 .rodata.atanhi
                0x0800e438       0x20 c:/progra~2/gnuarm~1/92020-~1/bin/../lib/gcc/arm-none-eabi/9.3.1/../../../../arm-none-eabi/lib/thumb/v6-m/nofp\libm.a(lib_a-s_atan.o)
 .rodata.atanlo
                0x0800e458       0x20 c:/progra~2/gnuarm~1/92020-~1/bin/../lib/gcc/arm-none-eabi/9.3.1/../../../../arm-none-eabi/lib/thumb/v6-m/nofp\libm.a(lib_a-s_atan.o)
                0x0800e478                . = ALIGN (0x4)

.ARM.extab      0x0800e478        0x0
                0x0800e478                . = ALIGN (0x4)
 *(.ARM.extab* .gnu.linkonce.armextab.*)
                0x0800e478                . = ALIGN (0x4)

.ARM            0x0800e478        0x8
                0x0800e478                . = ALIGN (0x4)
                0x0800e478                __exidx_start = .
 *(.ARM.exidx*)
 .ARM.exidx     0x0800e478        0x8 c:/progra~2/gnuarm~1/92020-~1/bin/../lib/gcc/arm-none-eabi/9.3.1/thumb/v6-m/nofp\libgcc.a(_udivmoddi4.o)
                0x0800e480                __exidx_end = .
                0x0800e480                . = ALIGN (0x4)

.rel.dyn        0x0800e480        0x0
 .rel.iplt      0x0800e480        0x0 c:/progra~2/gnuarm~1/92020-~1/bin/../lib/gcc/arm-none-eabi/9.3.1/thumb/v6-m/nofp/crtbegin.o

.preinit_array  0x0800e480        0x0
                0x0800e480                . = ALIGN (0x4)
                0x0800e480                PROVIDE (__preinit_array_start = .)
 *(.preinit_array*)
                0x0800e480                PROVIDE (__preinit_array_end = .)
                0x0800e480                . = ALIGN (0x4)

.init_array     0x0800e480        0x8
                0x0800e480                . = ALIGN (0x4)
                0x0800e480                PROVIDE (__init_array_start = .)
 *(SORT_BY_NAME(.init_array.*))
 .init_array.00000
                0x0800e480        0x4 c:/progra~2/gnuarm~1/92020-~1/bin/../lib/gcc/arm-none-eabi/9.3.1/../../../../arm-none-eabi/lib/thumb/v6-m/nofp\libg.a(lib_a-__call_atexit.o)
 *(.init_array*)
 .init_array    0x0800e484        0x4 c:/progra~2/gnuarm~1/92020-~1/bin/../lib/gcc/arm-none-eabi/9.3.1/thumb/v6-m/nofp/crtbegin.o
                0x0800e488                PROVIDE (__init_array_end = .)
                0x0800e488                . = ALIGN (0x4)

.fini_array     0x0800e488        0x4
                0x0800e488                . = ALIGN (0x4)
                0x0800e488                PROVIDE (__fini_array_start = .)
 *(SORT_BY_NAME(.fini_array.*))
 *(.fini_array*)
 .fini_array    0x0800e488        0x4 c:/progra~2/gnuarm~1/92020-~1/bin/../lib/gcc/arm-none-eabi/9.3.1/thumb/v6-m/nofp/crtbegin.o
                0x0800e48c                PROVIDE (__fini_array_end = .)
                0x0800e48c                . = ALIGN (0x4)
                0x0800e48c                _sidata = LOADADDR (.data)

.data           0x20000000      0x9c4 load address 0x0800e48c
                0x20000000                . = ALIGN (0x4)
                0x20000000                _sdata = .
 *(.data)
 *(.data*)
 .data.uwTickFreq
                0x20000000        0x4 CMakeFiles/Code_2.elf.dir/Drivers/STM32G0xx_HAL_Driver/Src/stm32g0xx_hal.c.obj
                0x20000000                uwTickFreq
 .data.uwTickPrio
                0x20000004        0x4 CMakeFiles/Code_2.elf.dir/Drivers/STM32G0xx_HAL_Driver/Src/stm32g0xx_hal.c.obj
                0x20000004                uwTickPrio
 .data.Font_11x18
                0x20000008        0x8 CMakeFiles/Code_2.elf.dir/Src/Display/fonts.c.obj
                0x20000008                Font_11x18
 .data.SystemCoreClock
                0x20000010        0x4 CMakeFiles/Code_2.elf.dir/Src/system_stm32g0xx.c.obj
                0x20000010                SystemCoreClock
 .data._impure_ptr
                0x20000014        0x4 c:/progra~2/gnuarm~1/92020-~1/bin/../lib/gcc/arm-none-eabi/9.3.1/../../../../arm-none-eabi/lib/thumb/v6-m/nofp\libg.a(lib_a-impure.o)
                0x20000014                _impure_ptr
 .data.impure_data
                0x20000018      0x428 c:/progra~2/gnuarm~1/92020-~1/bin/../lib/gcc/arm-none-eabi/9.3.1/../../../../arm-none-eabi/lib/thumb/v6-m/nofp\libg.a(lib_a-impure.o)
 .data.__atexit_recursive_mutex
                0x20000440        0x4 c:/progra~2/gnuarm~1/92020-~1/bin/../lib/gcc/arm-none-eabi/9.3.1/../../../../arm-none-eabi/lib/thumb/v6-m/nofp\libg.a(lib_a-__call_atexit.o)
                0x20000440                __atexit_recursive_mutex
 .data.__malloc_av_
                0x20000444      0x408 c:/progra~2/gnuarm~1/92020-~1/bin/../lib/gcc/arm-none-eabi/9.3.1/../../../../arm-none-eabi/lib/thumb/v6-m/nofp\libg.a(lib_a-mallocr.o)
                0x20000444                __malloc_av_
 .data.__malloc_sbrk_base
                0x2000084c        0x4 c:/progra~2/gnuarm~1/92020-~1/bin/../lib/gcc/arm-none-eabi/9.3.1/../../../../arm-none-eabi/lib/thumb/v6-m/nofp\libg.a(lib_a-mallocr.o)
                0x2000084c                __malloc_sbrk_base
 .data.__malloc_trim_threshold
                0x20000850        0x4 c:/progra~2/gnuarm~1/92020-~1/bin/../lib/gcc/arm-none-eabi/9.3.1/../../../../arm-none-eabi/lib/thumb/v6-m/nofp\libg.a(lib_a-mallocr.o)
                0x20000850                __malloc_trim_threshold
 .data.__global_locale
                0x20000854      0x16c c:/progra~2/gnuarm~1/92020-~1/bin/../lib/gcc/arm-none-eabi/9.3.1/../../../../arm-none-eabi/lib/thumb/v6-m/nofp\libg.a(lib_a-locale.o)
                0x20000854                __global_locale
 .data.__fdlib_version
                0x200009c0        0x1 c:/progra~2/gnuarm~1/92020-~1/bin/../lib/gcc/arm-none-eabi/9.3.1/../../../../arm-none-eabi/lib/thumb/v6-m/nofp\libm.a(lib_a-s_lib_ver.o)
                0x200009c0                __fdlib_version
                0x200009c4                . = ALIGN (0x4)
 *fill*         0x200009c1        0x3 
                0x200009c4                _edata = .

.igot.plt       0x200009c4        0x0 load address 0x0800ee50
 .igot.plt      0x200009c4        0x0 c:/progra~2/gnuarm~1/92020-~1/bin/../lib/gcc/arm-none-eabi/9.3.1/thumb/v6-m/nofp/crtbegin.o
                0x200009c4                . = ALIGN (0x4)

.bss            0x200009c8      0x974 load address 0x0800ee50
                0x200009c8                _sbss = .
                0x200009c8                __bss_start__ = _sbss
 *(.bss)
 .bss           0x200009c8       0x1c c:/progra~2/gnuarm~1/92020-~1/bin/../lib/gcc/arm-none-eabi/9.3.1/thumb/v6-m/nofp/crtbegin.o
 *(.bss*)
 .bss.uwTick    0x200009e4        0x4 CMakeFiles/Code_2.elf.dir/Drivers/STM32G0xx_HAL_Driver/Src/stm32g0xx_hal.c.obj
                0x200009e4                uwTick
 .bss.SSD1306   0x200009e8        0x6 CMakeFiles/Code_2.elf.dir/Src/Display/ssd1306.c.obj
 *fill*         0x200009ee        0x2 
 .bss.SSD1306_Buffer
                0x200009f0      0x400 CMakeFiles/Code_2.elf.dir/Src/Display/ssd1306.c.obj
 .bss.ring_light_controller
                0x20000df0      0x390 CMakeFiles/Code_2.elf.dir/Src/RingLight/ring_light_controller.c.obj
                0x20000df0                ring_light_controller
 .bss.spi_pointer
                0x20001180        0x4 CMakeFiles/Code_2.elf.dir/Src/RingLight/ring_light_controller.c.obj
 .bss.timer3_pointer
                0x20001184        0x4 CMakeFiles/Code_2.elf.dir/Src/RingLight/ring_light_controller.c.obj
 .bss.h_i2c     0x20001188        0x4 CMakeFiles/Code_2.elf.dir/Src/i2c_controller/i2c_controller.c.obj
 .bss.hi2c1     0x2000118c       0x4c CMakeFiles/Code_2.elf.dir/Src/main.c.obj
                0x2000118c                hi2c1
 .bss.hspi1     0x200011d8       0x64 CMakeFiles/Code_2.elf.dir/Src/main.c.obj
                0x200011d8                hspi1
 .bss.htim3     0x2000123c       0x40 CMakeFiles/Code_2.elf.dir/Src/main.c.obj
                0x2000123c                htim3
 .bss.husart1   0x2000127c       0x60 CMakeFiles/Code_2.elf.dir/Src/main.c.obj
                0x2000127c                husart1
 .bss.__sbrk_heap_end
                0x200012dc        0x4 CMakeFiles/Code_2.elf.dir/Src/sysmem.c.obj
 .bss.__malloc_current_mallinfo
                0x200012e0       0x28 c:/progra~2/gnuarm~1/92020-~1/bin/../lib/gcc/arm-none-eabi/9.3.1/../../../../arm-none-eabi/lib/thumb/v6-m/nofp\libg.a(lib_a-mallocr.o)
                0x200012e0                __malloc_current_mallinfo
 .bss.__malloc_max_sbrked_mem
                0x20001308        0x4 c:/progra~2/gnuarm~1/92020-~1/bin/../lib/gcc/arm-none-eabi/9.3.1/../../../../arm-none-eabi/lib/thumb/v6-m/nofp\libg.a(lib_a-mallocr.o)
                0x20001308                __malloc_max_sbrked_mem
 .bss.__malloc_max_total_mem
                0x2000130c        0x4 c:/progra~2/gnuarm~1/92020-~1/bin/../lib/gcc/arm-none-eabi/9.3.1/../../../../arm-none-eabi/lib/thumb/v6-m/nofp\libg.a(lib_a-mallocr.o)
                0x2000130c                __malloc_max_total_mem
 .bss.__malloc_top_pad
                0x20001310        0x4 c:/progra~2/gnuarm~1/92020-~1/bin/../lib/gcc/arm-none-eabi/9.3.1/../../../../arm-none-eabi/lib/thumb/v6-m/nofp\libg.a(lib_a-mallocr.o)
                0x20001310                __malloc_top_pad
 *(COMMON)
 COMMON         0x20001314       0x21 c:/progra~2/gnuarm~1/92020-~1/bin/../lib/gcc/arm-none-eabi/9.3.1/../../../../arm-none-eabi/lib/thumb/v6-m/nofp\libg.a(lib_a-lock.o)
                0x20001314                __lock___atexit_recursive_mutex
                0x20001318                __lock___arc4random_mutex
                0x2000131c                __lock___env_recursive_mutex
                0x20001320                __lock___sinit_recursive_mutex
                0x20001324                __lock___malloc_recursive_mutex
                0x20001328                __lock___at_quick_exit_mutex
                0x2000132c                __lock___dd_hash_mutex
                0x20001330                __lock___tz_mutex
                0x20001334                __lock___sfp_recursive_mutex
 *fill*         0x20001335        0x3 
 COMMON         0x20001338        0x4 c:/progra~2/gnuarm~1/92020-~1/bin/../lib/gcc/arm-none-eabi/9.3.1/../../../../arm-none-eabi/lib/thumb/v6-m/nofp\libg.a(lib_a-reent.o)
                0x20001338                errno
                0x2000133c                . = ALIGN (0x4)
                0x2000133c                _ebss = .
                0x2000133c                __bss_end__ = _ebss

._user_heap_stack
                0x2000133c      0x604 load address 0x0800ee50
                0x20001340                . = ALIGN (0x8)
 *fill*         0x2000133c        0x4 
                [!provide]                PROVIDE (end = .)
                0x20001340                PROVIDE (_end = .)
                0x20001540                . = (. + _Min_Heap_Size)
 *fill*         0x20001340      0x200 
                0x20001940                . = (. + _Min_Stack_Size)
 *fill*         0x20001540      0x400 
                0x20001940                . = ALIGN (0x8)

/DISCARD/
 libc.a(*)
 libm.a(*)
 libgcc.a(*)

.ARM.attributes
                0x00000000       0x28
 *(.ARM.attributes)
 .ARM.attributes
                0x00000000       0x1e c:/progra~2/gnuarm~1/92020-~1/bin/../lib/gcc/arm-none-eabi/9.3.1/thumb/v6-m/nofp/crti.o
 .ARM.attributes
                0x0000001e       0x2c c:/progra~2/gnuarm~1/92020-~1/bin/../lib/gcc/arm-none-eabi/9.3.1/thumb/v6-m/nofp/crtbegin.o
 .ARM.attributes
                0x0000004a       0x2c CMakeFiles/Code_2.elf.dir/Drivers/STM32G0xx_HAL_Driver/Src/stm32g0xx_hal.c.obj
 .ARM.attributes
                0x00000076       0x2c CMakeFiles/Code_2.elf.dir/Drivers/STM32G0xx_HAL_Driver/Src/stm32g0xx_hal_cortex.c.obj
 .ARM.attributes
                0x000000a2       0x2c CMakeFiles/Code_2.elf.dir/Drivers/STM32G0xx_HAL_Driver/Src/stm32g0xx_hal_gpio.c.obj
 .ARM.attributes
                0x000000ce       0x2c CMakeFiles/Code_2.elf.dir/Drivers/STM32G0xx_HAL_Driver/Src/stm32g0xx_hal_i2c.c.obj
 .ARM.attributes
                0x000000fa       0x2c CMakeFiles/Code_2.elf.dir/Drivers/STM32G0xx_HAL_Driver/Src/stm32g0xx_hal_i2c_ex.c.obj
 .ARM.attributes
                0x00000126       0x2c CMakeFiles/Code_2.elf.dir/Drivers/STM32G0xx_HAL_Driver/Src/stm32g0xx_hal_pwr_ex.c.obj
 .ARM.attributes
                0x00000152       0x2c CMakeFiles/Code_2.elf.dir/Drivers/STM32G0xx_HAL_Driver/Src/stm32g0xx_hal_rcc.c.obj
 .ARM.attributes
                0x0000017e       0x2c CMakeFiles/Code_2.elf.dir/Drivers/STM32G0xx_HAL_Driver/Src/stm32g0xx_hal_spi.c.obj
 .ARM.attributes
                0x000001aa       0x2c CMakeFiles/Code_2.elf.dir/Drivers/STM32G0xx_HAL_Driver/Src/stm32g0xx_hal_tim.c.obj
 .ARM.attributes
                0x000001d6       0x2c CMakeFiles/Code_2.elf.dir/Drivers/STM32G0xx_HAL_Driver/Src/stm32g0xx_hal_tim_ex.c.obj
 .ARM.attributes
                0x00000202       0x2c CMakeFiles/Code_2.elf.dir/Drivers/STM32G0xx_HAL_Driver/Src/stm32g0xx_hal_usart.c.obj
 .ARM.attributes
                0x0000022e       0x2c CMakeFiles/Code_2.elf.dir/Drivers/STM32G0xx_HAL_Driver/Src/stm32g0xx_hal_usart_ex.c.obj
 .ARM.attributes
                0x0000025a       0x31 CMakeFiles/Code_2.elf.dir/Src/Display/fonts.c.obj
 .ARM.attributes
                0x0000028b       0x2c CMakeFiles/Code_2.elf.dir/Src/Display/ssd1306.c.obj
 .ARM.attributes
                0x000002b7       0x2c CMakeFiles/Code_2.elf.dir/Src/RingLight.c.obj
 .ARM.attributes
                0x000002e3       0x2c CMakeFiles/Code_2.elf.dir/Src/RingLight/ring_light_bar.c.obj
 .ARM.attributes
                0x0000030f       0x2c CMakeFiles/Code_2.elf.dir/Src/RingLight/ring_light_controller.c.obj
 .ARM.attributes
                0x0000033b       0x2c CMakeFiles/Code_2.elf.dir/Src/debug_assert/debug_assert.c.obj
 .ARM.attributes
                0x00000367       0x2c CMakeFiles/Code_2.elf.dir/Src/i2c_controller/i2c_controller.c.obj
 .ARM.attributes
                0x00000393       0x2c CMakeFiles/Code_2.elf.dir/Src/i2c_controller/i2c_display.c.obj
 .ARM.attributes
                0x000003bf       0x2c CMakeFiles/Code_2.elf.dir/Src/i2c_controller/i2c_gyroscope_lsm6.c.obj
 .ARM.attributes
                0x000003eb       0x2c CMakeFiles/Code_2.elf.dir/Src/i2c_controller/i2c_magnometer.c.obj
 .ARM.attributes
                0x00000417       0x2c CMakeFiles/Code_2.elf.dir/Src/main.c.obj
 .ARM.attributes
                0x00000443       0x2c CMakeFiles/Code_2.elf.dir/Src/stm32g0xx_hal_msp.c.obj
 .ARM.attributes
                0x0000046f       0x2c CMakeFiles/Code_2.elf.dir/Src/stm32g0xx_it.c.obj
 .ARM.attributes
                0x0000049b       0x2c CMakeFiles/Code_2.elf.dir/Src/syscalls.c.obj
 .ARM.attributes
                0x000004c7       0x2c CMakeFiles/Code_2.elf.dir/Src/sysmem.c.obj
 .ARM.attributes
                0x000004f3       0x2c CMakeFiles/Code_2.elf.dir/Src/system_stm32g0xx.c.obj
 .ARM.attributes
                0x0000051f       0x21 CMakeFiles/Code_2.elf.dir/Startup/startup_stm32g070kbtx.s.obj
 .ARM.attributes
                0x00000540       0x1e c:/progra~2/gnuarm~1/92020-~1/bin/../lib/gcc/arm-none-eabi/9.3.1/thumb/v6-m/nofp\libgcc.a(_udivsi3.o)
 .ARM.attributes
                0x0000055e       0x1e c:/progra~2/gnuarm~1/92020-~1/bin/../lib/gcc/arm-none-eabi/9.3.1/thumb/v6-m/nofp\libgcc.a(_divsi3.o)
 .ARM.attributes
                0x0000057c       0x1e c:/progra~2/gnuarm~1/92020-~1/bin/../lib/gcc/arm-none-eabi/9.3.1/thumb/v6-m/nofp\libgcc.a(_dvmd_tls.o)
 .ARM.attributes
                0x0000059a       0x1e c:/progra~2/gnuarm~1/92020-~1/bin/../lib/gcc/arm-none-eabi/9.3.1/thumb/v6-m/nofp\libgcc.a(_arm_cmpsf2.o)
 .ARM.attributes
                0x000005b8       0x2c c:/progra~2/gnuarm~1/92020-~1/bin/../lib/gcc/arm-none-eabi/9.3.1/thumb/v6-m/nofp\libgcc.a(addsf3.o)
 .ARM.attributes
                0x000005e4       0x2c c:/progra~2/gnuarm~1/92020-~1/bin/../lib/gcc/arm-none-eabi/9.3.1/thumb/v6-m/nofp\libgcc.a(divsf3.o)
 .ARM.attributes
                0x00000610       0x2c c:/progra~2/gnuarm~1/92020-~1/bin/../lib/gcc/arm-none-eabi/9.3.1/thumb/v6-m/nofp\libgcc.a(eqsf2.o)
 .ARM.attributes
                0x0000063c       0x2c c:/progra~2/gnuarm~1/92020-~1/bin/../lib/gcc/arm-none-eabi/9.3.1/thumb/v6-m/nofp\libgcc.a(gesf2.o)
 .ARM.attributes
                0x00000668       0x2c c:/progra~2/gnuarm~1/92020-~1/bin/../lib/gcc/arm-none-eabi/9.3.1/thumb/v6-m/nofp\libgcc.a(lesf2.o)
 .ARM.attributes
                0x00000694       0x2c c:/progra~2/gnuarm~1/92020-~1/bin/../lib/gcc/arm-none-eabi/9.3.1/thumb/v6-m/nofp\libgcc.a(floatsisf.o)
 .ARM.attributes
                0x000006c0       0x2c c:/progra~2/gnuarm~1/92020-~1/bin/../lib/gcc/arm-none-eabi/9.3.1/thumb/v6-m/nofp\libgcc.a(adddf3.o)
 .ARM.attributes
                0x000006ec       0x2c c:/progra~2/gnuarm~1/92020-~1/bin/../lib/gcc/arm-none-eabi/9.3.1/thumb/v6-m/nofp\libgcc.a(divdf3.o)
 .ARM.attributes
                0x00000718       0x2c c:/progra~2/gnuarm~1/92020-~1/bin/../lib/gcc/arm-none-eabi/9.3.1/thumb/v6-m/nofp\libgcc.a(muldf3.o)
 .ARM.attributes
                0x00000744       0x2c c:/progra~2/gnuarm~1/92020-~1/bin/../lib/gcc/arm-none-eabi/9.3.1/thumb/v6-m/nofp\libgcc.a(fixdfsi.o)
 .ARM.attributes
                0x00000770       0x2c c:/progra~2/gnuarm~1/92020-~1/bin/../lib/gcc/arm-none-eabi/9.3.1/thumb/v6-m/nofp\libgcc.a(floatsidf.o)
 .ARM.attributes
                0x0000079c       0x2c c:/progra~2/gnuarm~1/92020-~1/bin/../lib/gcc/arm-none-eabi/9.3.1/thumb/v6-m/nofp\libgcc.a(extendsfdf2.o)
 .ARM.attributes
                0x000007c8       0x2c c:/progra~2/gnuarm~1/92020-~1/bin/../lib/gcc/arm-none-eabi/9.3.1/thumb/v6-m/nofp\libgcc.a(truncdfsf2.o)
 .ARM.attributes
                0x000007f4       0x1e c:/progra~2/gnuarm~1/92020-~1/bin/../lib/gcc/arm-none-eabi/9.3.1/thumb/v6-m/nofp\libgcc.a(_clzsi2.o)
 .ARM.attributes
                0x00000812       0x2c c:/progra~2/gnuarm~1/92020-~1/bin/../lib/gcc/arm-none-eabi/9.3.1/../../../../arm-none-eabi/lib/thumb/v6-m/nofp\libg.a(lib_a-errno.o)
 .ARM.attributes
                0x0000083e       0x2c c:/progra~2/gnuarm~1/92020-~1/bin/../lib/gcc/arm-none-eabi/9.3.1/../../../../arm-none-eabi/lib/thumb/v6-m/nofp\libg.a(lib_a-impure.o)
 .ARM.attributes
                0x0000086a       0x2c c:/progra~2/gnuarm~1/92020-~1/bin/../lib/gcc/arm-none-eabi/9.3.1/../../../../arm-none-eabi/lib/thumb/v6-m/nofp\libg.a(lib_a-init.o)
 .ARM.attributes
                0x00000896       0x2c c:/progra~2/gnuarm~1/92020-~1/bin/../lib/gcc/arm-none-eabi/9.3.1/../../../../arm-none-eabi/lib/thumb/v6-m/nofp\libg.a(lib_a-memcpy-stub.o)
 .ARM.attributes
                0x000008c2       0x2c c:/progra~2/gnuarm~1/92020-~1/bin/../lib/gcc/arm-none-eabi/9.3.1/../../../../arm-none-eabi/lib/thumb/v6-m/nofp\libg.a(lib_a-memset.o)
 .ARM.attributes
                0x000008ee       0x2c c:/progra~2/gnuarm~1/92020-~1/bin/../lib/gcc/arm-none-eabi/9.3.1/../../../../arm-none-eabi/lib/thumb/v6-m/nofp\libg.a(lib_a-snprintf.o)
 .ARM.attributes
                0x0000091a       0x2c c:/progra~2/gnuarm~1/92020-~1/bin/../lib/gcc/arm-none-eabi/9.3.1/../../../../arm-none-eabi/lib/thumb/v6-m/nofp\libg.a(lib_a-svfprintf.o)
 .ARM.attributes
                0x00000946       0x2c c:/progra~2/gnuarm~1/92020-~1/bin/../lib/gcc/arm-none-eabi/9.3.1/../../../../arm-none-eabi/lib/thumb/v6-m/nofp\libg.a(lib_a-__call_atexit.o)
 .ARM.attributes
                0x00000972       0x2c c:/progra~2/gnuarm~1/92020-~1/bin/../lib/gcc/arm-none-eabi/9.3.1/../../../../arm-none-eabi/lib/thumb/v6-m/nofp\libg.a(lib_a-atexit.o)
 .ARM.attributes
                0x0000099e       0x2c c:/progra~2/gnuarm~1/92020-~1/bin/../lib/gcc/arm-none-eabi/9.3.1/../../../../arm-none-eabi/lib/thumb/v6-m/nofp\libg.a(lib_a-dtoa.o)
 .ARM.attributes
                0x000009ca       0x2c c:/progra~2/gnuarm~1/92020-~1/bin/../lib/gcc/arm-none-eabi/9.3.1/../../../../arm-none-eabi/lib/thumb/v6-m/nofp\libg.a(lib_a-fini.o)
 .ARM.attributes
                0x000009f6       0x2c c:/progra~2/gnuarm~1/92020-~1/bin/../lib/gcc/arm-none-eabi/9.3.1/../../../../arm-none-eabi/lib/thumb/v6-m/nofp\libg.a(lib_a-freer.o)
 .ARM.attributes
                0x00000a22       0x2c c:/progra~2/gnuarm~1/92020-~1/bin/../lib/gcc/arm-none-eabi/9.3.1/../../../../arm-none-eabi/lib/thumb/v6-m/nofp\libg.a(lib_a-localeconv.o)
 .ARM.attributes
                0x00000a4e       0x2c c:/progra~2/gnuarm~1/92020-~1/bin/../lib/gcc/arm-none-eabi/9.3.1/../../../../arm-none-eabi/lib/thumb/v6-m/nofp\libg.a(lib_a-lock.o)
 .ARM.attributes
                0x00000a7a       0x2c c:/progra~2/gnuarm~1/92020-~1/bin/../lib/gcc/arm-none-eabi/9.3.1/../../../../arm-none-eabi/lib/thumb/v6-m/nofp\libg.a(lib_a-mallocr.o)
 .ARM.attributes
                0x00000aa6       0x2c c:/progra~2/gnuarm~1/92020-~1/bin/../lib/gcc/arm-none-eabi/9.3.1/../../../../arm-none-eabi/lib/thumb/v6-m/nofp\libg.a(lib_a-memchr-stub.o)
 .ARM.attributes
                0x00000ad2       0x2c c:/progra~2/gnuarm~1/92020-~1/bin/../lib/gcc/arm-none-eabi/9.3.1/../../../../arm-none-eabi/lib/thumb/v6-m/nofp\libg.a(lib_a-mlock.o)
 .ARM.attributes
                0x00000afe       0x2c c:/progra~2/gnuarm~1/92020-~1/bin/../lib/gcc/arm-none-eabi/9.3.1/../../../../arm-none-eabi/lib/thumb/v6-m/nofp\libg.a(lib_a-mprec.o)
 .ARM.attributes
                0x00000b2a       0x2c c:/progra~2/gnuarm~1/92020-~1/bin/../lib/gcc/arm-none-eabi/9.3.1/../../../../arm-none-eabi/lib/thumb/v6-m/nofp\libg.a(lib_a-s_frexp.o)
 .ARM.attributes
                0x00000b56       0x2c c:/progra~2/gnuarm~1/92020-~1/bin/../lib/gcc/arm-none-eabi/9.3.1/../../../../arm-none-eabi/lib/thumb/v6-m/nofp\libg.a(lib_a-sbrkr.o)
 .ARM.attributes
                0x00000b82       0x2c c:/progra~2/gnuarm~1/92020-~1/bin/../lib/gcc/arm-none-eabi/9.3.1/../../../../arm-none-eabi/lib/thumb/v6-m/nofp\libg.a(lib_a-strlen-stub.o)
 .ARM.attributes
                0x00000bae       0x2c c:/progra~2/gnuarm~1/92020-~1/bin/../lib/gcc/arm-none-eabi/9.3.1/../../../../arm-none-eabi/lib/thumb/v6-m/nofp\libg.a(lib_a-strncpy.o)
 .ARM.attributes
                0x00000bda       0x2c c:/progra~2/gnuarm~1/92020-~1/bin/../lib/gcc/arm-none-eabi/9.3.1/../../../../arm-none-eabi/lib/thumb/v6-m/nofp\libg.a(lib_a-svfiprintf.o)
 .ARM.attributes
                0x00000c06       0x2c c:/progra~2/gnuarm~1/92020-~1/bin/../lib/gcc/arm-none-eabi/9.3.1/../../../../arm-none-eabi/lib/thumb/v6-m/nofp\libg.a(lib_a-__atexit.o)
 .ARM.attributes
                0x00000c32       0x2c c:/progra~2/gnuarm~1/92020-~1/bin/../lib/gcc/arm-none-eabi/9.3.1/../../../../arm-none-eabi/lib/thumb/v6-m/nofp\libg.a(lib_a-assert.o)
 .ARM.attributes
                0x00000c5e       0x2c c:/progra~2/gnuarm~1/92020-~1/bin/../lib/gcc/arm-none-eabi/9.3.1/../../../../arm-none-eabi/lib/thumb/v6-m/nofp\libg.a(lib_a-callocr.o)
 .ARM.attributes
                0x00000c8a       0x2c c:/progra~2/gnuarm~1/92020-~1/bin/../lib/gcc/arm-none-eabi/9.3.1/../../../../arm-none-eabi/lib/thumb/v6-m/nofp\libg.a(lib_a-fiprintf.o)
 .ARM.attributes
                0x00000cb6       0x2c c:/progra~2/gnuarm~1/92020-~1/bin/../lib/gcc/arm-none-eabi/9.3.1/../../../../arm-none-eabi/lib/thumb/v6-m/nofp\libg.a(lib_a-locale.o)
 .ARM.attributes
                0x00000ce2       0x2c c:/progra~2/gnuarm~1/92020-~1/bin/../lib/gcc/arm-none-eabi/9.3.1/../../../../arm-none-eabi/lib/thumb/v6-m/nofp\libg.a(lib_a-mbtowc_r.o)
 .ARM.attributes
                0x00000d0e       0x2c c:/progra~2/gnuarm~1/92020-~1/bin/../lib/gcc/arm-none-eabi/9.3.1/../../../../arm-none-eabi/lib/thumb/v6-m/nofp\libg.a(lib_a-memmove.o)
 .ARM.attributes
                0x00000d3a       0x2c c:/progra~2/gnuarm~1/92020-~1/bin/../lib/gcc/arm-none-eabi/9.3.1/../../../../arm-none-eabi/lib/thumb/v6-m/nofp\libg.a(lib_a-reallocr.o)
 .ARM.attributes
                0x00000d66       0x2c c:/progra~2/gnuarm~1/92020-~1/bin/../lib/gcc/arm-none-eabi/9.3.1/../../../../arm-none-eabi/lib/thumb/v6-m/nofp\libg.a(lib_a-reent.o)
 .ARM.attributes
                0x00000d92       0x2c c:/progra~2/gnuarm~1/92020-~1/bin/../lib/gcc/arm-none-eabi/9.3.1/../../../../arm-none-eabi/lib/thumb/v6-m/nofp\libg.a(lib_a-vfiprintf.o)
 .ARM.attributes
                0x00000dbe       0x2c c:/progra~2/gnuarm~1/92020-~1/bin/../lib/gcc/arm-none-eabi/9.3.1/../../../../arm-none-eabi/lib/thumb/v6-m/nofp\libg.a(lib_a-wctomb_r.o)
 .ARM.attributes
                0x00000dea       0x2c c:/progra~2/gnuarm~1/92020-~1/bin/../lib/gcc/arm-none-eabi/9.3.1/../../../../arm-none-eabi/lib/thumb/v6-m/nofp\libg.a(lib_a-wsetup.o)
 .ARM.attributes
                0x00000e16       0x2c c:/progra~2/gnuarm~1/92020-~1/bin/../lib/gcc/arm-none-eabi/9.3.1/../../../../arm-none-eabi/lib/thumb/v6-m/nofp\libg.a(lib_a-abort.o)
 .ARM.attributes
                0x00000e42       0x2c c:/progra~2/gnuarm~1/92020-~1/bin/../lib/gcc/arm-none-eabi/9.3.1/../../../../arm-none-eabi/lib/thumb/v6-m/nofp\libg.a(lib_a-ctype_.o)
 .ARM.attributes
                0x00000e6e       0x2c c:/progra~2/gnuarm~1/92020-~1/bin/../lib/gcc/arm-none-eabi/9.3.1/../../../../arm-none-eabi/lib/thumb/v6-m/nofp\libg.a(lib_a-fflush.o)
 .ARM.attributes
                0x00000e9a       0x2c c:/progra~2/gnuarm~1/92020-~1/bin/../lib/gcc/arm-none-eabi/9.3.1/../../../../arm-none-eabi/lib/thumb/v6-m/nofp\libg.a(lib_a-findfp.o)
 .ARM.attributes
                0x00000ec6       0x2c c:/progra~2/gnuarm~1/92020-~1/bin/../lib/gcc/arm-none-eabi/9.3.1/../../../../arm-none-eabi/lib/thumb/v6-m/nofp\libg.a(lib_a-fputwc.o)
 .ARM.attributes
                0x00000ef2       0x2c c:/progra~2/gnuarm~1/92020-~1/bin/../lib/gcc/arm-none-eabi/9.3.1/../../../../arm-none-eabi/lib/thumb/v6-m/nofp\libg.a(lib_a-fvwrite.o)
 .ARM.attributes
                0x00000f1e       0x2c c:/progra~2/gnuarm~1/92020-~1/bin/../lib/gcc/arm-none-eabi/9.3.1/../../../../arm-none-eabi/lib/thumb/v6-m/nofp\libg.a(lib_a-fwalk.o)
 .ARM.attributes
                0x00000f4a       0x2c c:/progra~2/gnuarm~1/92020-~1/bin/../lib/gcc/arm-none-eabi/9.3.1/../../../../arm-none-eabi/lib/thumb/v6-m/nofp\libg.a(lib_a-makebuf.o)
 .ARM.attributes
                0x00000f76       0x2c c:/progra~2/gnuarm~1/92020-~1/bin/../lib/gcc/arm-none-eabi/9.3.1/../../../../arm-none-eabi/lib/thumb/v6-m/nofp\libg.a(lib_a-signal.o)
 .ARM.attributes
                0x00000fa2       0x2c c:/progra~2/gnuarm~1/92020-~1/bin/../lib/gcc/arm-none-eabi/9.3.1/../../../../arm-none-eabi/lib/thumb/v6-m/nofp\libg.a(lib_a-signalr.o)
 .ARM.attributes
                0x00000fce       0x2c c:/progra~2/gnuarm~1/92020-~1/bin/../lib/gcc/arm-none-eabi/9.3.1/../../../../arm-none-eabi/lib/thumb/v6-m/nofp\libg.a(lib_a-stdio.o)
 .ARM.attributes
                0x00000ffa       0x2c c:/progra~2/gnuarm~1/92020-~1/bin/../lib/gcc/arm-none-eabi/9.3.1/../../../../arm-none-eabi/lib/thumb/v6-m/nofp\libg.a(lib_a-wbuf.o)
 .ARM.attributes
                0x00001026       0x2c c:/progra~2/gnuarm~1/92020-~1/bin/../lib/gcc/arm-none-eabi/9.3.1/../../../../arm-none-eabi/lib/thumb/v6-m/nofp\libg.a(lib_a-wcrtomb.o)
 .ARM.attributes
                0x00001052       0x2c c:/progra~2/gnuarm~1/92020-~1/bin/../lib/gcc/arm-none-eabi/9.3.1/../../../../arm-none-eabi/lib/thumb/v6-m/nofp\libg.a(lib_a-writer.o)
 .ARM.attributes
                0x0000107e       0x2c c:/progra~2/gnuarm~1/92020-~1/bin/../lib/gcc/arm-none-eabi/9.3.1/../../../../arm-none-eabi/lib/thumb/v6-m/nofp\libg.a(lib_a-closer.o)
 .ARM.attributes
                0x000010aa       0x2c c:/progra~2/gnuarm~1/92020-~1/bin/../lib/gcc/arm-none-eabi/9.3.1/../../../../arm-none-eabi/lib/thumb/v6-m/nofp\libg.a(lib_a-fclose.o)
 .ARM.attributes
                0x000010d6       0x2c c:/progra~2/gnuarm~1/92020-~1/bin/../lib/gcc/arm-none-eabi/9.3.1/../../../../arm-none-eabi/lib/thumb/v6-m/nofp\libg.a(lib_a-fstatr.o)
 .ARM.attributes
                0x00001102       0x2c c:/progra~2/gnuarm~1/92020-~1/bin/../lib/gcc/arm-none-eabi/9.3.1/../../../../arm-none-eabi/lib/thumb/v6-m/nofp\libg.a(lib_a-isattyr.o)
 .ARM.attributes
                0x0000112e       0x2c c:/progra~2/gnuarm~1/92020-~1/bin/../lib/gcc/arm-none-eabi/9.3.1/../../../../arm-none-eabi/lib/thumb/v6-m/nofp\libg.a(lib_a-lseekr.o)
 .ARM.attributes
                0x0000115a       0x2c c:/progra~2/gnuarm~1/92020-~1/bin/../lib/gcc/arm-none-eabi/9.3.1/../../../../arm-none-eabi/lib/thumb/v6-m/nofp\libg.a(lib_a-readr.o)
 .ARM.attributes