Archive member included to satisfy reference by file (symbol)

c:/progra~2/gnuarm~1/92020-~1/bin/../lib/gcc/arm-none-eabi/9.3.1/thumb/v6-m/nofp\libgcc.a(_udivsi3.o)
                              CMakeFiles/Code_2.elf.dir/Drivers/STM32G0xx_HAL_Driver/Src/stm32g0xx_hal.c.obj (__aeabi_uidiv)
c:/progra~2/gnuarm~1/92020-~1/bin/../lib/gcc/arm-none-eabi/9.3.1/thumb/v6-m/nofp\libgcc.a(_divsi3.o)
                              CMakeFiles/Code_2.elf.dir/Drivers/STM32G0xx_HAL_Driver/Src/stm32g0xx_hal_rcc.c.obj (__aeabi_idiv)
c:/progra~2/gnuarm~1/92020-~1/bin/../lib/gcc/arm-none-eabi/9.3.1/thumb/v6-m/nofp\libgcc.a(_dvmd_tls.o)
                              c:/progra~2/gnuarm~1/92020-~1/bin/../lib/gcc/arm-none-eabi/9.3.1/thumb/v6-m/nofp\libgcc.a(_udivsi3.o) (__aeabi_idiv0)
c:/progra~2/gnuarm~1/92020-~1/bin/../lib/gcc/arm-none-eabi/9.3.1/../../../../arm-none-eabi/lib/thumb/v6-m/nofp\libc.a(lib_a-errno.o)
                              CMakeFiles/Code_2.elf.dir/Src/syscalls.c.obj (__errno)
c:/progra~2/gnuarm~1/92020-~1/bin/../lib/gcc/arm-none-eabi/9.3.1/../../../../arm-none-eabi/lib/thumb/v6-m/nofp\libc.a(lib_a-exit.o)
                              c:/progra~2/gnuarm~1/92020-~1/bin/../lib/gcc/arm-none-eabi/9.3.1/../../../../arm-none-eabi/lib/thumb/v6-m/nofp/crt0.o (exit)
c:/progra~2/gnuarm~1/92020-~1/bin/../lib/gcc/arm-none-eabi/9.3.1/../../../../arm-none-eabi/lib/thumb/v6-m/nofp\libc.a(lib_a-impure.o)
                              c:/progra~2/gnuarm~1/92020-~1/bin/../lib/gcc/arm-none-eabi/9.3.1/../../../../arm-none-eabi/lib/thumb/v6-m/nofp\libc.a(lib_a-exit.o) (_global_impure_ptr)
c:/progra~2/gnuarm~1/92020-~1/bin/../lib/gcc/arm-none-eabi/9.3.1/../../../../arm-none-eabi/lib/thumb/v6-m/nofp\libc.a(lib_a-init.o)
                              c:/progra~2/gnuarm~1/92020-~1/bin/../lib/gcc/arm-none-eabi/9.3.1/../../../../arm-none-eabi/lib/thumb/v6-m/nofp/crt0.o (__libc_init_array)
c:/progra~2/gnuarm~1/92020-~1/bin/../lib/gcc/arm-none-eabi/9.3.1/../../../../arm-none-eabi/lib/thumb/v6-m/nofp\libc.a(lib_a-memset.o)
                              c:/progra~2/gnuarm~1/92020-~1/bin/../lib/gcc/arm-none-eabi/9.3.1/../../../../arm-none-eabi/lib/thumb/v6-m/nofp/crt0.o (memset)
c:/progra~2/gnuarm~1/92020-~1/bin/../lib/gcc/arm-none-eabi/9.3.1/../../../../arm-none-eabi/lib/thumb/v6-m/nofp\libc.a(lib_a-__call_atexit.o)
                              c:/progra~2/gnuarm~1/92020-~1/bin/../lib/gcc/arm-none-eabi/9.3.1/../../../../arm-none-eabi/lib/thumb/v6-m/nofp\libc.a(lib_a-exit.o) (__call_exitprocs)
c:/progra~2/gnuarm~1/92020-~1/bin/../lib/gcc/arm-none-eabi/9.3.1/../../../../arm-none-eabi/lib/thumb/v6-m/nofp\libc.a(lib_a-atexit.o)
                              c:/progra~2/gnuarm~1/92020-~1/bin/../lib/gcc/arm-none-eabi/9.3.1/../../../../arm-none-eabi/lib/thumb/v6-m/nofp\libc.a(lib_a-__call_atexit.o) (atexit)
c:/progra~2/gnuarm~1/92020-~1/bin/../lib/gcc/arm-none-eabi/9.3.1/../../../../arm-none-eabi/lib/thumb/v6-m/nofp\libc.a(lib_a-fini.o)
                              c:/progra~2/gnuarm~1/92020-~1/bin/../lib/gcc/arm-none-eabi/9.3.1/../../../../arm-none-eabi/lib/thumb/v6-m/nofp\libc.a(lib_a-__call_atexit.o) (__libc_fini_array)
c:/progra~2/gnuarm~1/92020-~1/bin/../lib/gcc/arm-none-eabi/9.3.1/../../../../arm-none-eabi/lib/thumb/v6-m/nofp\libc.a(lib_a-lock.o)
                              c:/progra~2/gnuarm~1/92020-~1/bin/../lib/gcc/arm-none-eabi/9.3.1/../../../../arm-none-eabi/lib/thumb/v6-m/nofp\libc.a(lib_a-__call_atexit.o) (__retarget_lock_acquire_recursive)
c:/progra~2/gnuarm~1/92020-~1/bin/../lib/gcc/arm-none-eabi/9.3.1/../../../../arm-none-eabi/lib/thumb/v6-m/nofp\libc.a(lib_a-__atexit.o)
                              c:/progra~2/gnuarm~1/92020-~1/bin/../lib/gcc/arm-none-eabi/9.3.1/../../../../arm-none-eabi/lib/thumb/v6-m/nofp\libc.a(lib_a-atexit.o) (__register_exitproc)

Allocating common symbols
Common symbol       size              file

__lock___atexit_recursive_mutex
                    0x1               c:/progra~2/gnuarm~1/92020-~1/bin/../lib/gcc/arm-none-eabi/9.3.1/../../../../arm-none-eabi/lib/thumb/v6-m/nofp\libc.a(lib_a-lock.o)
__lock___arc4random_mutex
                    0x1               c:/progra~2/gnuarm~1/92020-~1/bin/../lib/gcc/arm-none-eabi/9.3.1/../../../../arm-none-eabi/lib/thumb/v6-m/nofp\libc.a(lib_a-lock.o)
__lock___env_recursive_mutex
                    0x1               c:/progra~2/gnuarm~1/92020-~1/bin/../lib/gcc/arm-none-eabi/9.3.1/../../../../arm-none-eabi/lib/thumb/v6-m/nofp\libc.a(lib_a-lock.o)
__lock___sinit_recursive_mutex
                    0x1               c:/progra~2/gnuarm~1/92020-~1/bin/../lib/gcc/arm-none-eabi/9.3.1/../../../../arm-none-eabi/lib/thumb/v6-m/nofp\libc.a(lib_a-lock.o)
__lock___malloc_recursive_mutex
                    0x1               c:/progra~2/gnuarm~1/92020-~1/bin/../lib/gcc/arm-none-eabi/9.3.1/../../../../arm-none-eabi/lib/thumb/v6-m/nofp\libc.a(lib_a-lock.o)
__lock___at_quick_exit_mutex
[...]
Memory Configuration

Name             Origin             Length             Attributes
RAM              0x20000000         0x00009000         xrw
FLASH            0x08000000         0x00020000         xr
*default*        0x00000000         0xffffffff

Linker script and memory map

LOAD c:/progra~2/gnuarm~1/92020-~1/bin/../lib/gcc/arm-none-eabi/9.3.1/thumb/v6-m/nofp/crti.o
LOAD c:/progra~2/gnuarm~1/92020-~1/bin/../lib/gcc/arm-none-eabi/9.3.1/thumb/v6-m/nofp/crtbegin.o
LOAD c:/progra~2/gnuarm~1/92020-~1/bin/../lib/gcc/arm-none-eabi/9.3.1/../../../../arm-none-eabi/lib/thumb/v6-m/nofp/crt0.o
LOAD CMakeFiles/Code_2.elf.dir/Drivers/STM32G0xx_HAL_Driver/Src/stm32g0xx_hal.c.obj
LOAD CMakeFiles/Code_2.elf.dir/Drivers/STM32G0xx_HAL_Driver/Src/stm32g0xx_hal_cortex.c.obj
LOAD CMakeFiles/Code_2.elf.dir/Drivers/STM32G0xx_HAL_Driver/Src/stm32g0xx_hal_dma.c.obj
LOAD CMakeFiles/Code_2.elf.dir/Drivers/STM32G0xx_HAL_Driver/Src/stm32g0xx_hal_dma_ex.c.obj
LOAD CMakeFiles/Code_2.elf.dir/Drivers/STM32G0xx_HAL_Driver/Src/stm32g0xx_hal_exti.c.obj
LOAD CMakeFiles/Code_2.elf.dir/Drivers/STM32G0xx_HAL_Driver/Src/stm32g0xx_hal_flash.c.obj
LOAD CMakeFiles/Code_2.elf.dir/Drivers/STM32G0xx_HAL_Driver/Src/stm32g0xx_hal_flash_ex.c.obj
LOAD CMakeFiles/Code_2.elf.dir/Drivers/STM32G0xx_HAL_Driver/Src/stm32g0xx_hal_gpio.c.obj
LOAD CMakeFiles/Code_2.elf.dir/Drivers/STM32G0xx_HAL_Driver/Src/stm32g0xx_hal_i2c.c.obj
LOAD CMakeFiles/Code_2.elf.dir/Drivers/STM32G0xx_HAL_Driver/Src/stm32g0xx_hal_i2c_ex.c.obj
LOAD CMakeFiles/Code_2.elf.dir/Drivers/STM32G0xx_HAL_Driver/Src/stm32g0xx_hal_pwr.c.obj
LOAD CMakeFiles/Code_2.elf.dir/Drivers/STM32G0xx_HAL_Driver/Src/stm32g0xx_hal_pwr_ex.c.obj
LOAD CMakeFiles/Code_2.elf.dir/Drivers/STM32G0xx_HAL_Driver/Src/stm32g0xx_hal_rcc.c.obj
LOAD CMakeFiles/Code_2.elf.dir/Drivers/STM32G0xx_HAL_Driver/Src/stm32g0xx_hal_rcc_ex.c.obj
LOAD CMakeFiles/Code_2.elf.dir/Drivers/STM32G0xx_HAL_Driver/Src/stm32g0xx_hal_spi.c.obj
LOAD CMakeFiles/Code_2.elf.dir/Drivers/STM32G0xx_HAL_Driver/Src/stm32g0xx_hal_spi_ex.c.obj
LOAD CMakeFiles/Code_2.elf.dir/Drivers/STM32G0xx_HAL_Driver/Src/stm32g0xx_hal_tim.c.obj
LOAD CMakeFiles/Code_2.elf.dir/Drivers/STM32G0xx_HAL_Driver/Src/stm32g0xx_hal_tim_ex.c.obj
LOAD CMakeFiles/Code_2.elf.dir/Drivers/STM32G0xx_HAL_Driver/Src/stm32g0xx_hal_usart.c.obj
LOAD CMakeFiles/Code_2.elf.dir/Drivers/STM32G0xx_HAL_Driver/Src/stm32g0xx_hal_usart_ex.c.obj
LOAD CMakeFiles/Code_2.elf.dir/Drivers/STM32G0xx_HAL_Driver/Src/stm32g0xx_ll_dma.c.obj
LOAD CMakeFiles/Code_2.elf.dir/Drivers/STM32G0xx_HAL_Driver/Src/stm32g0xx_ll_rcc.c.obj
LOAD CMakeFiles/Code_2.elf.dir/Src/RingLight.c.obj
LOAD CMakeFiles/Code_2.elf.dir/Src/RingLight/ring_light_bar.c.obj
LOAD CMakeFiles/Code_2.elf.dir/Src/RingLight/ring_light_controller.c.obj
LOAD CMakeFiles/Code_2.elf.dir/Src/main.c.obj
LOAD CMakeFiles/Code_2.elf.dir/Src/stm32g0xx_hal_msp.c.obj
LOAD CMakeFiles/Code_2.elf.dir/Src/stm32g0xx_it.c.obj
LOAD CMakeFiles/Code_2.elf.dir/Src/syscalls.c.obj
LOAD CMakeFiles/Code_2.elf.dir/Src/sysmem.c.obj
LOAD CMakeFiles/Code_2.elf.dir/Src/system_stm32g0xx.c.obj
LOAD CMakeFiles/Code_2.elf.dir/Startup/startup_stm32g070kbtx.s.obj
START GROUP
LOAD c:/progra~2/gnuarm~1/92020-~1/bin/../lib/gcc/arm-none-eabi/9.3.1/thumb/v6-m/nofp\libgcc.a
LOAD c:/progra~2/gnuarm~1/92020-~1/bin/../lib/gcc/arm-none-eabi/9.3.1/../../../../arm-none-eabi/lib/thumb/v6-m/nofp\libc.a
END GROUP
LOAD c:/progra~2/gnuarm~1/92020-~1/bin/../lib/gcc/arm-none-eabi/9.3.1/thumb/v6-m/nofp/crtend.o
LOAD c:/progra~2/gnuarm~1/92020-~1/bin/../lib/gcc/arm-none-eabi/9.3.1/thumb/v6-m/nofp/crtn.o
                0x20009000                _estack = (ORIGIN (RAM) + LENGTH (RAM))
                0x00000200                _Min_Heap_Size = 0x200
                0x00000400                _Min_Stack_Size = 0x400

.isr_vector     0x08000000       0xb8
                0x08000000                . = ALIGN (0x4)
 *(.isr_vector)
 .isr_vector    0x08000000       0xb8 CMakeFiles/Code_2.elf.dir/Startup/startup_stm32g070kbtx.s.obj
                0x08000000                g_pfnVectors
                0x080000b8                . = ALIGN (0x4)

.text           0x080000b8     0x28c4
                0x080000b8                . = ALIGN (0x4)
 *(.text)
 .text          0x080000b8       0x48 c:/progra~2/gnuarm~1/92020-~1/bin/../lib/gcc/arm-none-eabi/9.3.1/thumb/v6-m/nofp/crtbegin.o
 .text          0x08000100      0x114 c:/progra~2/gnuarm~1/92020-~1/bin/../lib/gcc/arm-none-eabi/9.3.1/thumb/v6-m/nofp\libgcc.a(_udivsi3.o)
                0x08000100                __aeabi_uidiv
                0x08000100                __udivsi3
                0x0800020c                __aeabi_uidivmod
 .text          0x08000214      0x1d4 c:/progra~2/gnuarm~1/92020-~1/bin/../lib/gcc/arm-none-eabi/9.3.1/thumb/v6-m/nofp\libgcc.a(_divsi3.o)
                0x08000214                __divsi3
                0x08000214                __aeabi_idiv
                0x080003e0                __aeabi_idivmod
 .text          0x080003e8        0x4 c:/progra~2/gnuarm~1/92020-~1/bin/../lib/gcc/arm-none-eabi/9.3.1/thumb/v6-m/nofp\libgcc.a(_dvmd_tls.o)
                0x080003e8                __aeabi_idiv0
                0x080003e8                __aeabi_ldiv0
 *(.text*)
 .text.HAL_InitTick
                0x080003ec       0x4c CMakeFiles/Code_2.elf.dir/Drivers/STM32G0xx_HAL_Driver/Src/stm32g0xx_hal.c.obj
                0x080003ec                HAL_InitTick
 .text.HAL_Init
                0x08000438       0x28 CMakeFiles/Code_2.elf.dir/Drivers/STM32G0xx_HAL_Driver/Src/stm32g0xx_hal.c.obj
                0x08000438                HAL_Init
 .text.HAL_IncTick
                0x08000460       0x18 CMakeFiles/Code_2.elf.dir/Drivers/STM32G0xx_HAL_Driver/Src/stm32g0xx_hal.c.obj
                0x08000460                HAL_IncTick
 .text.HAL_GetTick
                0x08000478        0xc CMakeFiles/Code_2.elf.dir/Drivers/STM32G0xx_HAL_Driver/Src/stm32g0xx_hal.c.obj
                0x08000478                HAL_GetTick
 .text.HAL_SYSCFG_StrobeDBattpinsConfig
                0x08000484       0x18 CMakeFiles/Code_2.elf.dir/Drivers/STM32G0xx_HAL_Driver/Src/stm32g0xx_hal.c.obj
                0x08000484                HAL_SYSCFG_StrobeDBattpinsConfig
 .text.HAL_NVIC_SetPriority
                0x0800049c       0x64 CMakeFiles/Code_2.elf.dir/Drivers/STM32G0xx_HAL_Driver/Src/stm32g0xx_hal_cortex.c.obj
                0x0800049c                HAL_NVIC_SetPriority
 .text.HAL_NVIC_EnableIRQ
                0x08000500       0x18 CMakeFiles/Code_2.elf.dir/Drivers/STM32G0xx_HAL_Driver/Src/stm32g0xx_hal_cortex.c.obj
                0x08000500                HAL_NVIC_EnableIRQ
 .text.HAL_SYSTICK_Config
                0x08000518       0x34 CMakeFiles/Code_2.elf.dir/Drivers/STM32G0xx_HAL_Driver/Src/stm32g0xx_hal_cortex.c.obj
                0x08000518                HAL_SYSTICK_Config
 .text.HAL_GPIO_Init
                0x0800054c      0x1e4 CMakeFiles/Code_2.elf.dir/Drivers/STM32G0xx_HAL_Driver/Src/stm32g0xx_hal_gpio.c.obj
                0x0800054c                HAL_GPIO_Init
 .text.HAL_GPIO_WritePin
                0x08000730        0xc CMakeFiles/Code_2.elf.dir/Drivers/STM32G0xx_HAL_Driver/Src/stm32g0xx_hal_gpio.c.obj
                0x08000730                HAL_GPIO_WritePin
 .text.HAL_I2C_Init
                0x0800073c       0xb4 CMakeFiles/Code_2.elf.dir/Drivers/STM32G0xx_HAL_Driver/Src/stm32g0xx_hal_i2c.c.obj
                0x0800073c                HAL_I2C_Init
 .text.HAL_I2CEx_ConfigAnalogFilter
                0x080007f0       0x50 CMakeFiles/Code_2.elf.dir/Drivers/STM32G0xx_HAL_Driver/Src/stm32g0xx_hal_i2c_ex.c.obj
                0x080007f0                HAL_I2CEx_ConfigAnalogFilter
 .text.HAL_I2CEx_ConfigDigitalFilter
                0x08000840       0x4c CMakeFiles/Code_2.elf.dir/Drivers/STM32G0xx_HAL_Driver/Src/stm32g0xx_hal_i2c_ex.c.obj
                0x08000840                HAL_I2CEx_ConfigDigitalFilter
 .text.HAL_PWREx_ControlVoltageScaling
                0x0800088c       0x60 CMakeFiles/Code_2.elf.dir/Drivers/STM32G0xx_HAL_Driver/Src/stm32g0xx_hal_pwr_ex.c.obj
                0x0800088c                HAL_PWREx_ControlVoltageScaling
 .text.HAL_RCC_OscConfig
                0x080008ec      0x4d8 CMakeFiles/Code_2.elf.dir/Drivers/STM32G0xx_HAL_Driver/Src/stm32g0xx_hal_rcc.c.obj
                0x080008ec                HAL_RCC_OscConfig
 .text.HAL_RCC_GetSysClockFreq
                0x08000dc4       0x90 CMakeFiles/Code_2.elf.dir/Drivers/STM32G0xx_HAL_Driver/Src/stm32g0xx_hal_rcc.c.obj
                0x08000dc4                HAL_RCC_GetSysClockFreq
 .text.HAL_RCC_ClockConfig
                0x08000e54      0x190 CMakeFiles/Code_2.elf.dir/Drivers/STM32G0xx_HAL_Driver/Src/stm32g0xx_hal_rcc.c.obj
                0x08000e54                HAL_RCC_ClockConfig
 .text.HAL_RCC_GetPCLK1Freq
                0x08000fe4       0x28 CMakeFiles/Code_2.elf.dir/Drivers/STM32G0xx_HAL_Driver/Src/stm32g0xx_hal_rcc.c.obj
                0x08000fe4                HAL_RCC_GetPCLK1Freq
 .text.HAL_RCCEx_PeriphCLKConfig
                0x0800100c      0x190 CMakeFiles/Code_2.elf.dir/Drivers/STM32G0xx_HAL_Driver/Src/stm32g0xx_hal_rcc_ex.c.obj
                0x0800100c                HAL_RCCEx_PeriphCLKConfig
 .text.SPI_EndRxTxTransaction
                0x0800119c       0xe4 CMakeFiles/Code_2.elf.dir/Drivers/STM32G0xx_HAL_Driver/Src/stm32g0xx_hal_spi.c.obj
 .text.HAL_SPI_Init
                0x08001280       0xe0 CMakeFiles/Code_2.elf.dir/Drivers/STM32G0xx_HAL_Driver/Src/stm32g0xx_hal_spi.c.obj
                0x08001280                HAL_SPI_Init
 .text.HAL_SPI_Transmit
                0x08001360      0x230 CMakeFiles/Code_2.elf.dir/Drivers/STM32G0xx_HAL_Driver/Src/stm32g0xx_hal_spi.c.obj
                0x08001360                HAL_SPI_Transmit
 .text.HAL_TIM_Base_Init
                0x08001590       0xc0 CMakeFiles/Code_2.elf.dir/Drivers/STM32G0xx_HAL_Driver/Src/stm32g0xx_hal_tim.c.obj
                0x08001590                HAL_TIM_Base_Init
 .text.HAL_TIM_Base_Start_IT
                0x08001650       0x28 CMakeFiles/Code_2.elf.dir/Drivers/STM32G0xx_HAL_Driver/Src/stm32g0xx_hal_tim.c.obj
                0x08001650                HAL_TIM_Base_Start_IT
 .text.HAL_TIM_ConfigClockSource
                0x08001678      0x154 CMakeFiles/Code_2.elf.dir/Drivers/STM32G0xx_HAL_Driver/Src/stm32g0xx_hal_tim.c.obj
                0x08001678                HAL_TIM_ConfigClockSource
 .text.HAL_TIM_PeriodElapsedCallback
                0x080017cc        0x4 CMakeFiles/Code_2.elf.dir/Drivers/STM32G0xx_HAL_Driver/Src/stm32g0xx_hal_tim.c.obj
                0x080017cc                HAL_TIM_PeriodElapsedCallback
 .text.HAL_TIM_OC_DelayElapsedCallback
                0x080017d0        0x4 CMakeFiles/Code_2.elf.dir/Drivers/STM32G0xx_HAL_Driver/Src/stm32g0xx_hal_tim.c.obj
                0x080017d0                HAL_TIM_OC_DelayElapsedCallback
 .text.HAL_TIM_IC_CaptureCallback
                0x080017d4        0x4 CMakeFiles/Code_2.elf.dir/Drivers/STM32G0xx_HAL_Driver/Src/stm32g0xx_hal_tim.c.obj
                0x080017d4                HAL_TIM_IC_CaptureCallback
 .text.HAL_TIM_PWM_PulseFinishedCallback
                0x080017d8        0x4 CMakeFiles/Code_2.elf.dir/Drivers/STM32G0xx_HAL_Driver/Src/stm32g0xx_hal_tim.c.obj
                0x080017d8                HAL_TIM_PWM_PulseFinishedCallback
 .text.HAL_TIM_TriggerCallback
                0x080017dc        0x4 CMakeFiles/Code_2.elf.dir/Drivers/STM32G0xx_HAL_Driver/Src/stm32g0xx_hal_tim.c.obj
                0x080017dc                HAL_TIM_TriggerCallback
 .text.HAL_TIM_IRQHandler
                0x080017e0      0x178 CMakeFiles/Code_2.elf.dir/Drivers/STM32G0xx_HAL_Driver/Src/stm32g0xx_hal_tim.c.obj
                0x080017e0                HAL_TIM_IRQHandler
 .text.HAL_TIMEx_MasterConfigSynchronization
                0x08001958       0x58 CMakeFiles/Code_2.elf.dir/Drivers/STM32G0xx_HAL_Driver/Src/stm32g0xx_hal_tim_ex.c.obj
                0x08001958                HAL_TIMEx_MasterConfigSynchronization
 .text.HAL_TIMEx_CommutCallback
                0x080019b0        0x4 CMakeFiles/Code_2.elf.dir/Drivers/STM32G0xx_HAL_Driver/Src/stm32g0xx_hal_tim_ex.c.obj
                0x080019b0                HAL_TIMEx_CommutCallback
 .text.HAL_TIMEx_BreakCallback
                0x080019b4        0x4 CMakeFiles/Code_2.elf.dir/Drivers/STM32G0xx_HAL_Driver/Src/stm32g0xx_hal_tim_ex.c.obj
                0x080019b4                HAL_TIMEx_BreakCallback
 .text.HAL_TIMEx_Break2Callback
                0x080019b8        0x4 CMakeFiles/Code_2.elf.dir/Drivers/STM32G0xx_HAL_Driver/Src/stm32g0xx_hal_tim_ex.c.obj
                0x080019b8                HAL_TIMEx_Break2Callback
 .text.HAL_USART_Init
                0x080019bc      0x3a4 CMakeFiles/Code_2.elf.dir/Drivers/STM32G0xx_HAL_Driver/Src/stm32g0xx_hal_usart.c.obj
                0x080019bc                HAL_USART_Init
 .text.HAL_USARTEx_DisableFifoMode
                0x08001d60       0x38 CMakeFiles/Code_2.elf.dir/Drivers/STM32G0xx_HAL_Driver/Src/stm32g0xx_hal_usart_ex.c.obj
                0x08001d60                HAL_USARTEx_DisableFifoMode
 .text.HAL_USARTEx_SetTxFifoThreshold
                0x08001d98       0xb0 CMakeFiles/Code_2.elf.dir/Drivers/STM32G0xx_HAL_Driver/Src/stm32g0xx_hal_usart_ex.c.obj
                0x08001d98                HAL_USARTEx_SetTxFifoThreshold
 .text.HAL_USARTEx_SetRxFifoThreshold
                0x08001e48       0xb4 CMakeFiles/Code_2.elf.dir/Drivers/STM32G0xx_HAL_Driver/Src/stm32g0xx_hal_usart_ex.c.obj
                0x08001e48                HAL_USARTEx_SetRxFifoThreshold
 .text.Init_Led_Ring_Type
                0x08001efc      0x1d0 CMakeFiles/Code_2.elf.dir/Src/RingLight.c.obj
                0x08001efc                Init_Led_Ring_Type
 .text.Set_One_Led_On
                0x080020cc       0x28 CMakeFiles/Code_2.elf.dir/Src/RingLight.c.obj
                0x080020cc                Set_One_Led_On
 .text.Is_Serial_Led_On
                0x080020f4       0x1c CMakeFiles/Code_2.elf.dir/Src/RingLight.c.obj
                0x080020f4                Is_Serial_Led_On
 .text.ring_light_controller_tim3_interrupt
                0x08002110      0x14c CMakeFiles/Code_2.elf.dir/Src/RingLight/ring_light_controller.c.obj
                0x08002110                ring_light_controller_tim3_interrupt
 .text.init_ring_light_controller
                0x0800225c       0x4c CMakeFiles/Code_2.elf.dir/Src/RingLight/ring_light_controller.c.obj
                0x0800225c                init_ring_light_controller
 .text.TIM3_Code_Interrupt
                0x080022a8        0x8 CMakeFiles/Code_2.elf.dir/Src/main.c.obj
                0x080022a8                TIM3_Code_Interrupt
 .text.SystemClock_Config
                0x080022b0       0x70 CMakeFiles/Code_2.elf.dir/Src/main.c.obj
                0x080022b0                SystemClock_Config
 .text.startup.main
                0x08002320      0x1e8 CMakeFiles/Code_2.elf.dir/Src/main.c.obj
                0x08002320                main
 .text.HAL_MspInit
                0x08002508       0x38 CMakeFiles/Code_2.elf.dir/Src/stm32g0xx_hal_msp.c.obj
                0x08002508                HAL_MspInit
 .text.HAL_I2C_MspInit
                0x08002540       0x6c CMakeFiles/Code_2.elf.dir/Src/stm32g0xx_hal_msp.c.obj
                0x08002540                HAL_I2C_MspInit
 .text.HAL_SPI_MspInit
                0x080025ac       0x68 CMakeFiles/Code_2.elf.dir/Src/stm32g0xx_hal_msp.c.obj
                0x080025ac                HAL_SPI_MspInit
 .text.HAL_TIM_Base_MspInit
                0x08002614       0x3c CMakeFiles/Code_2.elf.dir/Src/stm32g0xx_hal_msp.c.obj
                0x08002614                HAL_TIM_Base_MspInit
 .text.HAL_USART_MspInit
                0x08002650       0x94 CMakeFiles/Code_2.elf.dir/Src/stm32g0xx_hal_msp.c.obj
                0x08002650                HAL_USART_MspInit
 .text.NMI_Handler
                0x080026e4        0x4 CMakeFiles/Code_2.elf.dir/Src/stm32g0xx_it.c.obj
                0x080026e4                NMI_Handler
 .text.HardFault_Handler
                0x080026e8        0x4 CMakeFiles/Code_2.elf.dir/Src/stm32g0xx_it.c.obj
                0x080026e8                HardFault_Handler
 .text.SVC_Handler
                0x080026ec        0x4 CMakeFiles/Code_2.elf.dir/Src/stm32g0xx_it.c.obj
                0x080026ec                SVC_Handler
 .text.PendSV_Handler
                0x080026f0        0x4 CMakeFiles/Code_2.elf.dir/Src/stm32g0xx_it.c.obj
                0x080026f0                PendSV_Handler
 .text.SysTick_Handler
                0x080026f4        0x8 CMakeFiles/Code_2.elf.dir/Src/stm32g0xx_it.c.obj
                0x080026f4                SysTick_Handler
 .text.TIM3_IRQHandler
                0x080026fc       0x14 CMakeFiles/Code_2.elf.dir/Src/stm32g0xx_it.c.obj
                0x080026fc                TIM3_IRQHandler
 .text.SystemInit
                0x08002710       0x10 CMakeFiles/Code_2.elf.dir/Src/system_stm32g0xx.c.obj
                0x08002710                SystemInit
 .text.Reset_Handler
                0x08002720       0x50 CMakeFiles/Code_2.elf.dir/Startup/startup_stm32g070kbtx.s.obj
                0x08002720                Reset_Handler
 .text.Default_Handler
                0x08002770        0x2 CMakeFiles/Code_2.elf.dir/Startup/startup_stm32g070kbtx.s.obj
                0x08002770                TIM1_CC_IRQHandler
                0x08002770                TIM6_IRQHandler
                0x08002770                I2C1_IRQHandler
                0x08002770                RTC_TAMP_IRQHandler
                0x08002770                SPI1_IRQHandler
                0x08002770                USART3_4_IRQHandler
                0x08002770                EXTI2_3_IRQHandler
                0x08002770                ADC1_IRQHandler
                0x08002770                I2C2_IRQHandler
                0x08002770                TIM17_IRQHandler
                0x08002770                TIM16_IRQHandler
                0x08002770                EXTI4_15_IRQHandler
                0x08002770                RCC_IRQHandler
                0x08002770                DMA1_Channel1_IRQHandler
                0x08002770                Default_Handler
                0x08002770                TIM14_IRQHandler
                0x08002770                TIM7_IRQHandler
                0x08002770                TIM15_IRQHandler
                0x08002770                EXTI0_1_IRQHandler
                0x08002770                SPI2_IRQHandler
                0x08002770                WWDG_IRQHandler
                0x08002770                DMA1_Ch4_7_DMAMUX1_OVR_IRQHandler
                0x08002770                DMA1_Channel2_3_IRQHandler
                0x08002770                USART2_IRQHandler
                0x08002770                FLASH_IRQHandler
                0x08002770                USART1_IRQHandler
                0x08002770                TIM1_BRK_UP_TRG_COM_IRQHandler
 *fill*         0x08002772        0x2 
 .text.__libc_init_array
                0x08002774       0x44 c:/progra~2/gnuarm~1/92020-~1/bin/../lib/gcc/arm-none-eabi/9.3.1/../../../../arm-none-eabi/lib/thumb/v6-m/nofp\libc.a(lib_a-init.o)
                0x08002774                __libc_init_array
 .text.memset   0x080027b8       0xa8 c:/progra~2/gnuarm~1/92020-~1/bin/../lib/gcc/arm-none-eabi/9.3.1/../../../../arm-none-eabi/lib/thumb/v6-m/nofp\libc.a(lib_a-memset.o)
                0x080027b8                memset
 .text.startup.register_fini
                0x08002860       0x18 c:/progra~2/gnuarm~1/92020-~1/bin/../lib/gcc/arm-none-eabi/9.3.1/../../../../arm-none-eabi/lib/thumb/v6-m/nofp\libc.a(lib_a-__call_atexit.o)
 .text.atexit   0x08002878       0x10 c:/progra~2/gnuarm~1/92020-~1/bin/../lib/gcc/arm-none-eabi/9.3.1/../../../../arm-none-eabi/lib/thumb/v6-m/nofp\libc.a(lib_a-atexit.o)
                0x08002878                atexit
 .text.__libc_fini_array
                0x08002888       0x28 c:/progra~2/gnuarm~1/92020-~1/bin/../lib/gcc/arm-none-eabi/9.3.1/../../../../arm-none-eabi/lib/thumb/v6-m/nofp\libc.a(lib_a-fini.o)
                0x08002888                __libc_fini_array
 .text.__retarget_lock_acquire_recursive
                0x080028b0        0x4 c:/progra~2/gnuarm~1/92020-~1/bin/../lib/gcc/arm-none-eabi/9.3.1/../../../../arm-none-eabi/lib/thumb/v6-m/nofp\libc.a(lib_a-lock.o)
                0x080028b0                __retarget_lock_acquire_recursive
 .text.__retarget_lock_release_recursive
                0x080028b4        0x4 c:/progra~2/gnuarm~1/92020-~1/bin/../lib/gcc/arm-none-eabi/9.3.1/../../../../arm-none-eabi/lib/thumb/v6-m/nofp\libc.a(lib_a-lock.o)
                0x080028b4                __retarget_lock_release_recursive
 .text.__register_exitproc
                0x080028b8       0xac c:/progra~2/gnuarm~1/92020-~1/bin/../lib/gcc/arm-none-eabi/9.3.1/../../../../arm-none-eabi/lib/thumb/v6-m/nofp\libc.a(lib_a-__atexit.o)
                0x080028b8                __register_exitproc
 *(.glue_7)
 .glue_7        0x08002964        0x0 linker stubs
 *(.glue_7t)
 .glue_7t       0x08002964        0x0 linker stubs
 *(.eh_frame)
 .eh_frame      0x08002964        0x0 c:/progra~2/gnuarm~1/92020-~1/bin/../lib/gcc/arm-none-eabi/9.3.1/thumb/v6-m/nofp/crtbegin.o
 *(.init)
 .init          0x08002964        0x4 c:/progra~2/gnuarm~1/92020-~1/bin/../lib/gcc/arm-none-eabi/9.3.1/thumb/v6-m/nofp/crti.o
                0x08002964                _init
 .init          0x08002968        0x8 c:/progra~2/gnuarm~1/92020-~1/bin/../lib/gcc/arm-none-eabi/9.3.1/thumb/v6-m/nofp/crtn.o
 *(.fini)
 .fini          0x08002970        0x4 c:/progra~2/gnuarm~1/92020-~1/bin/../lib/gcc/arm-none-eabi/9.3.1/thumb/v6-m/nofp/crti.o
                0x08002970                _fini
 .fini          0x08002974        0x8 c:/progra~2/gnuarm~1/92020-~1/bin/../lib/gcc/arm-none-eabi/9.3.1/thumb/v6-m/nofp/crtn.o
                0x0800297c                . = ALIGN (0x4)
                0x0800297c                _etext = .

.vfp11_veneer   0x0800297c        0x0
 .vfp11_veneer  0x0800297c        0x0 linker stubs

.v4_bx          0x0800297c        0x0
 .v4_bx         0x0800297c        0x0 linker stubs

.iplt           0x0800297c        0x0
 .iplt          0x0800297c        0x0 c:/progra~2/gnuarm~1/92020-~1/bin/../lib/gcc/arm-none-eabi/9.3.1/thumb/v6-m/nofp/crtbegin.o

.rodata         0x0800297c       0x78
                0x0800297c                . = ALIGN (0x4)
 *(.rodata)
 .rodata        0x0800297c        0x8 CMakeFiles/Code_2.elf.dir/Drivers/STM32G0xx_HAL_Driver/Src/stm32g0xx_hal_usart_ex.c.obj
 *(.rodata*)
 .rodata.HAL_USARTEx_EnableFifoMode.str1.4
                0x08002984        0x9 CMakeFiles/Code_2.elf.dir/Drivers/STM32G0xx_HAL_Driver/Src/stm32g0xx_hal_usart_ex.c.obj
 *fill*         0x0800298d        0x3 
 .rodata.AHBPrescTable
                0x08002990       0x40 CMakeFiles/Code_2.elf.dir/Src/system_stm32g0xx.c.obj
                0x08002990                AHBPrescTable
 .rodata.APBPrescTable
                0x080029d0       0x20 CMakeFiles/Code_2.elf.dir/Src/system_stm32g0xx.c.obj
                0x080029d0                APBPrescTable
 .rodata._global_impure_ptr
                0x080029f0        0x4 c:/progra~2/gnuarm~1/92020-~1/bin/../lib/gcc/arm-none-eabi/9.3.1/../../../../arm-none-eabi/lib/thumb/v6-m/nofp\libc.a(lib_a-impure.o)
                0x080029f0                _global_impure_ptr
                0x080029f4                . = ALIGN (0x4)

.rel.dyn        0x080029f4        0x0
 .rel.iplt      0x080029f4        0x0 c:/progra~2/gnuarm~1/92020-~1/bin/../lib/gcc/arm-none-eabi/9.3.1/thumb/v6-m/nofp/crtbegin.o

.ARM.extab      0x080029f4        0x0
                0x080029f4                . = ALIGN (0x4)
 *(.ARM.extab* .gnu.linkonce.armextab.*)
                0x080029f4                . = ALIGN (0x4)

.ARM            0x080029f4        0x0
                0x080029f4                . = ALIGN (0x4)
                0x080029f4                __exidx_start = .
 *(.ARM.exidx*)
                0x080029f4                __exidx_end = .
                0x080029f4                . = ALIGN (0x4)

.preinit_array  0x080029f4        0x0
                0x080029f4                . = ALIGN (0x4)
                0x080029f4                PROVIDE (__preinit_array_start = .)
 *(.preinit_array*)
                0x080029f4                PROVIDE (__preinit_array_end = .)
                0x080029f4                . = ALIGN (0x4)

.init_array     0x080029f4        0x8
                0x080029f4                . = ALIGN (0x4)
                0x080029f4                PROVIDE (__init_array_start = .)
 *(SORT_BY_NAME(.init_array.*))
 .init_array.00000
                0x080029f4        0x4 c:/progra~2/gnuarm~1/92020-~1/bin/../lib/gcc/arm-none-eabi/9.3.1/../../../../arm-none-eabi/lib/thumb/v6-m/nofp\libc.a(lib_a-__call_atexit.o)
 *(.init_array*)
 .init_array    0x080029f8        0x4 c:/progra~2/gnuarm~1/92020-~1/bin/../lib/gcc/arm-none-eabi/9.3.1/thumb/v6-m/nofp/crtbegin.o
                0x080029fc                PROVIDE (__init_array_end = .)
                0x080029fc                . = ALIGN (0x4)

.fini_array     0x080029fc        0x4
                0x080029fc                . = ALIGN (0x4)
                0x080029fc                PROVIDE (__fini_array_start = .)
 *(SORT_BY_NAME(.fini_array.*))
 *(.fini_array*)
 .fini_array    0x080029fc        0x4 c:/progra~2/gnuarm~1/92020-~1/bin/../lib/gcc/arm-none-eabi/9.3.1/thumb/v6-m/nofp/crtbegin.o
                0x08002a00                PROVIDE (__fini_array_end = .)
                0x08002a00                . = ALIGN (0x4)
                0x08002a00                _sidata = LOADADDR (.data)

.data           0x20000000      0x43c load address 0x08002a00
                0x20000000                . = ALIGN (0x4)
                0x20000000                _sdata = .
 *(.data)
 *(.data*)
 .data.uwTickFreq
                0x20000000        0x4 CMakeFiles/Code_2.elf.dir/Drivers/STM32G0xx_HAL_Driver/Src/stm32g0xx_hal.c.obj
                0x20000000                uwTickFreq
 .data.uwTickPrio
                0x20000004        0x4 CMakeFiles/Code_2.elf.dir/Drivers/STM32G0xx_HAL_Driver/Src/stm32g0xx_hal.c.obj
                0x20000004                uwTickPrio
 .data.SystemCoreClock
                0x20000008        0x4 CMakeFiles/Code_2.elf.dir/Src/system_stm32g0xx.c.obj
                0x20000008                SystemCoreClock
 *fill*         0x2000000c        0x4 
 .data.impure_data
                0x20000010      0x428 c:/progra~2/gnuarm~1/92020-~1/bin/../lib/gcc/arm-none-eabi/9.3.1/../../../../arm-none-eabi/lib/thumb/v6-m/nofp\libc.a(lib_a-impure.o)
 .data.__atexit_recursive_mutex
                0x20000438        0x4 c:/progra~2/gnuarm~1/92020-~1/bin/../lib/gcc/arm-none-eabi/9.3.1/../../../../arm-none-eabi/lib/thumb/v6-m/nofp\libc.a(lib_a-__call_atexit.o)
                0x20000438                __atexit_recursive_mutex
                0x2000043c                . = ALIGN (0x4)
                0x2000043c                _edata = .

.igot.plt       0x2000043c        0x0 load address 0x08002e3c
 .igot.plt      0x2000043c        0x0 c:/progra~2/gnuarm~1/92020-~1/bin/../lib/gcc/arm-none-eabi/9.3.1/thumb/v6-m/nofp/crtbegin.o
                0x2000043c                . = ALIGN (0x4)

.bss            0x20000440      0x390 load address 0x08002e3c
                0x20000440                _sbss = .
                0x20000440                __bss_start__ = _sbss
 *(.bss)
 .bss           0x20000440       0x1c c:/progra~2/gnuarm~1/92020-~1/bin/../lib/gcc/arm-none-eabi/9.3.1/thumb/v6-m/nofp/crtbegin.o
 *(.bss*)
 .bss.uwTick    0x2000045c        0x4 CMakeFiles/Code_2.elf.dir/Drivers/STM32G0xx_HAL_Driver/Src/stm32g0xx_hal.c.obj
                0x2000045c                uwTick
 .bss.ring_light_controller
                0x20000460      0x1f0 CMakeFiles/Code_2.elf.dir/Src/RingLight/ring_light_controller.c.obj
                0x20000460                ring_light_controller
 .bss.single_led_test
                0x20000650        0x4 CMakeFiles/Code_2.elf.dir/Src/RingLight/ring_light_controller.c.obj
 .bss.spi_pointer
                0x20000654        0x4 CMakeFiles/Code_2.elf.dir/Src/RingLight/ring_light_controller.c.obj
 .bss.timer3_pointer
                0x20000658        0x4 CMakeFiles/Code_2.elf.dir/Src/RingLight/ring_light_controller.c.obj
 .bss.hi2c1     0x2000065c       0x4c CMakeFiles/Code_2.elf.dir/Src/main.c.obj
                0x2000065c                hi2c1
 .bss.hspi1     0x200006a8       0x64 CMakeFiles/Code_2.elf.dir/Src/main.c.obj
                0x200006a8                hspi1
 .bss.htim3     0x2000070c       0x40 CMakeFiles/Code_2.elf.dir/Src/main.c.obj
                0x2000070c                htim3
 .bss.husart1   0x2000074c       0x60 CMakeFiles/Code_2.elf.dir/Src/main.c.obj
                0x2000074c                husart1
 *(COMMON)
 COMMON         0x200007ac       0x21 c:/progra~2/gnuarm~1/92020-~1/bin/../lib/gcc/arm-none-eabi/9.3.1/../../../../arm-none-eabi/lib/thumb/v6-m/nofp\libc.a(lib_a-lock.o)
                0x200007ac                __lock___atexit_recursive_mutex
                0x200007b0                __lock___arc4random_mutex
                0x200007b4                __lock___env_recursive_mutex
                0x200007b8                __lock___sinit_recursive_mutex
                0x200007bc                __lock___malloc_recursive_mutex
                0x200007c0                __lock___at_quick_exit_mutex
                0x200007c4                __lock___dd_hash_mutex
                0x200007c8                __lock___tz_mutex
                0x200007cc                __lock___sfp_recursive_mutex
                0x200007d0                . = ALIGN (0x4)
 *fill*         0x200007cd        0x3 
                0x200007d0                _ebss = .
                0x200007d0                __bss_end__ = _ebss

._user_heap_stack
                0x200007d0      0x600 load address 0x08002e3c
                0x200007d0                . = ALIGN (0x8)
                [!provide]                PROVIDE (end = .)
                0x200007d0                PROVIDE (_end = .)
                0x200009d0                . = (. + _Min_Heap_Size)
 *fill*         0x200007d0      0x200 
                0x20000dd0                . = (. + _Min_Stack_Size)
 *fill*         0x200009d0      0x400 
                0x20000dd0                . = ALIGN (0x8)

/DISCARD/
 libc.a(*)
 libm.a(*)
 libgcc.a(*)

.ARM.attributes
                0x00000000       0x28
 *(.ARM.attributes)
 .ARM.attributes
                0x00000000       0x1e c:/progra~2/gnuarm~1/92020-~1/bin/../lib/gcc/arm-none-eabi/9.3.1/thumb/v6-m/nofp/crti.o
 .ARM.attributes
                0x0000001e       0x2c c:/progra~2/gnuarm~1/92020-~1/bin/../lib/gcc/arm-none-eabi/9.3.1/thumb/v6-m/nofp/crtbegin.o
 .ARM.attributes
                0x0000004a       0x28 CMakeFiles/Code_2.elf.dir/Drivers/STM32G0xx_HAL_Driver/Src/stm32g0xx_hal.c.obj
 .ARM.attributes
                0x00000072       0x28 CMakeFiles/Code_2.elf.dir/Drivers/STM32G0xx_HAL_Driver/Src/stm32g0xx_hal_cortex.c.obj
 .ARM.attributes
                0x0000009a       0x28 CMakeFiles/Code_2.elf.dir/Drivers/STM32G0xx_HAL_Driver/Src/stm32g0xx_hal_gpio.c.obj
 .ARM.attributes
                0x000000c2       0x28 CMakeFiles/Code_2.elf.dir/Drivers/STM32G0xx_HAL_Driver/Src/stm32g0xx_hal_i2c.c.obj
 .ARM.attributes
                0x000000ea       0x28 CMakeFiles/Code_2.elf.dir/Drivers/STM32G0xx_HAL_Driver/Src/stm32g0xx_hal_i2c_ex.c.obj
 .ARM.attributes
                0x00000112       0x28 CMakeFiles/Code_2.elf.dir/Drivers/STM32G0xx_HAL_Driver/Src/stm32g0xx_hal_pwr_ex.c.obj
 .ARM.attributes
                0x0000013a       0x28 CMakeFiles/Code_2.elf.dir/Drivers/STM32G0xx_HAL_Driver/Src/stm32g0xx_hal_rcc.c.obj
 .ARM.attributes
                0x00000162       0x28 CMakeFiles/Code_2.elf.dir/Drivers/STM32G0xx_HAL_Driver/Src/stm32g0xx_hal_rcc_ex.c.obj
 .ARM.attributes
                0x0000018a       0x28 CMakeFiles/Code_2.elf.dir/Drivers/STM32G0xx_HAL_Driver/Src/stm32g0xx_hal_spi.c.obj
 .ARM.attributes
                0x000001b2       0x28 CMakeFiles/Code_2.elf.dir/Drivers/STM32G0xx_HAL_Driver/Src/stm32g0xx_hal_tim.c.obj
 .ARM.attributes
                0x000001da       0x28 CMakeFiles/Code_2.elf.dir/Drivers/STM32G0xx_HAL_Driver/Src/stm32g0xx_hal_tim_ex.c.obj
 .ARM.attributes
                0x00000202       0x28 CMakeFiles/Code_2.elf.dir/Drivers/STM32G0xx_HAL_Driver/Src/stm32g0xx_hal_usart.c.obj
 .ARM.attributes
                0x0000022a       0x28 CMakeFiles/Code_2.elf.dir/Drivers/STM32G0xx_HAL_Driver/Src/stm32g0xx_hal_usart_ex.c.obj
 .ARM.attributes
                0x00000252       0x28 CMakeFiles/Code_2.elf.dir/Src/RingLight.c.obj
 .ARM.attributes
                0x0000027a       0x28 CMakeFiles/Code_2.elf.dir/Src/RingLight/ring_light_controller.c.obj
 .ARM.attributes
                0x000002a2       0x28 CMakeFiles/Code_2.elf.dir/Src/main.c.obj
 .ARM.attributes
                0x000002ca       0x28 CMakeFiles/Code_2.elf.dir/Src/stm32g0xx_hal_msp.c.obj
 .ARM.attributes
                0x000002f2       0x28 CMakeFiles/Code_2.elf.dir/Src/stm32g0xx_it.c.obj
 .ARM.attributes
                0x0000031a       0x28 CMakeFiles/Code_2.elf.dir/Src/system_stm32g0xx.c.obj
 .ARM.attributes
                0x00000342       0x21 CMakeFiles/Code_2.elf.dir/Startup/startup_stm32g070kbtx.s.obj
 .ARM.attributes
                0x00000363       0x1e c:/progra~2/gnuarm~1/92020-~1/bin/../lib/gcc/arm-none-eabi/9.3.1/thumb/v6-m/nofp\libgcc.a(_udivsi3.o)
 .ARM.attributes
                0x00000381       0x1e c:/progra~2/gnuarm~1/92020-~1/bin/../lib/gcc/arm-none-eabi/9.3.1/thumb/v6-m/nofp\libgcc.a(_divsi3.o)
 .ARM.attributes
                0x0000039f       0x1e c:/progra~2/gnuarm~1/92020-~1/bin/../lib/gcc/arm-none-eabi/9.3.1/thumb/v6-m/nofp\libgcc.a(_dvmd_tls.o)
 .ARM.attributes
                0x000003bd       0x2c c:/progra~2/gnuarm~1/92020-~1/bin/../lib/gcc/arm-none-eabi/9.3.1/../../../../arm-none-eabi/lib/thumb/v6-m/nofp\libc.a(lib_a-impure.o)
 .ARM.attributes
                0x000003e9       0x2c c:/progra~2/gnuarm~1/92020-~1/bin/../lib/gcc/arm-none-eabi/9.3.1/../../../../arm-none-eabi/lib/thumb/v6-m/nofp\libc.a(lib_a-init.o)
 .ARM.attributes
                0x00000415       0x2c c:/progra~2/gnuarm~1/92020-~1/bin/../lib/gcc/arm-none-eabi/9.3.1/../../../../arm-none-eabi/lib/thumb/v6-m/nofp\libc.a(lib_a-memset.o)
 .ARM.attributes
                0x00000441       0x2c c:/progra~2/gnuarm~1/92020-~1/bin/../lib/gcc/arm-none-eabi/9.3.1/../../../../arm-none-eabi/lib/thumb/v6-m/nofp\libc.a(lib_a-__call_atexit.o)
 .ARM.attributes
                0x0000046d       0x2c c:/progra~2/gnuarm~1/92020-~1/bin/../lib/gcc/arm-none-eabi/9.3.1/../../../../arm-none-eabi/lib/thumb/v6-m/nofp\libc.a(lib_a-atexit.o)
 .ARM.attributes
                0x00000499       0x2c c:/progra~2/gnuarm~1/92020-~1/bin/../lib/gcc/arm-none-eabi/9.3.1/../../../../arm-none-eabi/lib/thumb/v6-m/nofp\libc.a(lib_a-fini.o)
 .ARM.attributes
                0x000004c5       0x2c c:/progra~2/gnuarm~1/92020-~1/bin/../lib/gcc/arm-none-eabi/9.3.1/../../../../arm-none-eabi/lib/thumb/v6-m/nofp\libc.a(lib_a-lock.o)
 .ARM.attributes
                0x000004f1       0x2c c:/progra~2/gnuarm~1/92020-~1/bin/../lib/gcc/arm-none-eabi/9.3.1/../../../../arm-none-eabi/lib/thumb/v6-m/nofp\libc.a(lib_a-__atexit.o)
 .ARM.attributes
                0x0000051d       0x1e c:/progra~2/gnuarm~1/92020-~1/bin/../lib/gcc/arm-none-eabi/9.3.1/thumb/v6-m/nofp/crtn.o
OUTPUT(Code_2.elf elf32-littlearm)
LOAD linker stubs
LOAD c:/progra~2/gnuarm~1/92020-~1/bin/../lib/gcc/arm-none-eabi/9.3.1/../../../../arm-none-eabi/lib/thumb/v6-m/nofp\libc.a
LOAD c:/progra~2/gnuarm~1/92020-~1/bin/../lib/gcc/arm-none-eabi/9.3.1/../../../../arm-none-eabi/lib/thumb/v6-m/nofp\libm.a
LOAD c:/progra~2/gnuarm~1/92020-~1/bin/../lib/gcc/arm-none-eabi/9.3.1/thumb/v6-m/nofp\libgcc.a

.comment        0x00000000       0x4c
 .comment       0x00000000       0x4c CMakeFiles/Code_2.elf.dir/Drivers/STM32G0xx_HAL_Driver/Src/stm32g0xx_hal.c.obj
                                 0x4d (size before relaxing)
 .comment       0x0000004c       0x4d CMakeFiles/Code_2.elf.dir/Drivers/STM32G0xx_HAL_Driver/Src/stm32g0xx_hal_cortex.c.obj
 .comment       0x0000004c       0x4d CMakeFiles/Code_2.elf.dir/Drivers/STM32G0xx_HAL_Driver/Src/stm32g0xx_hal_gpio.c.obj
 .comment       0x0000004c       0x4d CMakeFiles/Code_2.elf.dir/Drivers/STM32G0xx_HAL_Driver/Src/stm32g0xx_hal_i2c.c.obj
 .comment       0x0000004c       0x4d CMakeFiles/Code_2.elf.dir/Drivers/STM32G0xx_HAL_Driver/Src/stm32g0xx_hal_i2c_ex.c.obj
 .comment       0x0000004c       0x4d CMakeFiles/Code_2.elf.dir/Drivers/STM32G0xx_HAL_Driver/Src/stm32g0xx_hal_pwr_ex.c.obj
 .comment       0x0000004c       0x4d CMakeFiles/Code_2.elf.dir/Drivers/STM32G0xx_HAL_Driver/Src/stm32g0xx_hal_rcc.c.obj
 .comment       0x0000004c       0x4d CMakeFiles/Code_2.elf.dir/Drivers/STM32G0xx_HAL_Driver/Src/stm32g0xx_hal_rcc_ex.c.obj
 .comment       0x0000004c       0x4d CMakeFiles/Code_2.elf.dir/Drivers/STM32G0xx_HAL_Driver/Src/stm32g0xx_hal_spi.c.obj
 .comment       0x0000004c       0x4d CMakeFiles/Code_2.elf.dir/Drivers/STM32G0xx_HAL_Driver/Src/stm32g0xx_hal_tim.c.obj
 .comment       0x0000004c       0x4d CMakeFiles/Code_2.elf.dir/Drivers/STM32G0xx_HAL_Driver/Src/stm32g0xx_hal_tim_ex.c.obj
 .comment       0x0000004c       0x4d CMakeFiles/Code_2.elf.dir/Drivers/STM32G0xx_HAL_Driver/Src/stm32g0xx_hal_usart.c.obj
 .comment       0x0000004c       0x4d CMakeFiles/Code_2.elf.dir/Drivers/STM32G0xx_HAL_Driver/Src/stm32g0xx_hal_usart_ex.c.obj
 .comment       0x0000004c       0x4d CMakeFiles/Code_2.elf.dir/Src/RingLight.c.obj
 .comment       0x0000004c       0x4d CMakeFiles/Code_2.elf.dir/Src/RingLight/ring_light_controller.c.obj
 .comment       0x0000004c       0x4d CMakeFiles/Code_2.elf.dir/Src/main.c.obj
 .comment       0x0000004c       0x4d CMakeFiles/Code_2.elf.dir/Src/stm32g0xx_hal_msp.c.obj
 .comment       0x0000004c       0x4d CMakeFiles/Code_2.elf.dir/Src/stm32g0xx_it.c.obj
 .comment       0x0000004c       0x4d CMakeFiles/Code_2.elf.dir/Src/system_stm32g0xx.c.obj

.debug_frame    0x00000000      0x230
 .debug_frame   0x00000000       0x20 c:/progra~2/gnuarm~1/92020-~1/bin/../lib/gcc/arm-none-eabi/9.3.1/thumb/v6-m/nofp\libgcc.a(_udivsi3.o)
 .debug_frame   0x00000020       0x20 c:/progra~2/gnuarm~1/92020-~1/bin/../lib/gcc/arm-none-eabi/9.3.1/thumb/v6-m/nofp\libgcc.a(_divsi3.o)
 .debug_frame   0x00000040       0x2c c:/progra~2/gnuarm~1/92020-~1/bin/../lib/gcc/arm-none-eabi/9.3.1/../../../../arm-none-eabi/lib/thumb/v6-m/nofp\libc.a(lib_a-init.o)
 .debug_frame   0x0000006c       0x30 c:/progra~2/gnuarm~1/92020-~1/bin/../lib/gcc/arm-none-eabi/9.3.1/../../../../arm-none-eabi/lib/thumb/v6-m/nofp\libc.a(lib_a-memset.o)
 .debug_frame   0x0000009c       0x54 c:/progra~2/gnuarm~1/92020-~1/bin/../lib/gcc/arm-none-eabi/9.3.1/../../../../arm-none-eabi/lib/thumb/v6-m/nofp\libc.a(lib_a-__call_atexit.o)
 .debug_frame   0x000000f0       0x28 c:/progra~2/gnuarm~1/92020-~1/bin/../lib/gcc/arm-none-eabi/9.3.1/../../../../arm-none-eabi/lib/thumb/v6-m/nofp\libc.a(lib_a-atexit.o)
 .debug_frame   0x00000118       0x2c c:/progra~2/gnuarm~1/92020-~1/bin/../lib/gcc/arm-none-eabi/9.3.1/../../../../arm-none-eabi/lib/thumb/v6-m/nofp\libc.a(lib_a-fini.o)
 .debug_frame   0x00000144       0xb0 c:/progra~2/gnuarm~1/92020-~1/bin/../lib/gcc/arm-none-eabi/9.3.1/../../../../arm-none-eabi/lib/thumb/v6-m/nofp\libc.a(lib_a-lock.o)
 .debug_frame   0x000001f4       0x3c c:/progra~2/gnuarm~1/92020-~1/bin/../lib/gcc/arm-none-eabi/9.3.1/../../../../arm-none-eabi/lib/thumb/v6-m/nofp\libc.a(lib_a-__atexit.o)
